Component: ARM Compiler 5.06 update 6 (build 750) Tool: armlink [4d35ed]

==============================================================================

Section Cross References

    startup_stm32f407xx.o(STACK) refers (Special) to heapauxi.o(.text) for __use_two_region_memory
    startup_stm32f407xx.o(HEAP) refers (Special) to heapauxi.o(.text) for __use_two_region_memory
    startup_stm32f407xx.o(RESET) refers (Special) to heapauxi.o(.text) for __use_two_region_memory
    startup_stm32f407xx.o(RESET) refers to startup_stm32f407xx.o(STACK) for __initial_sp
    startup_stm32f407xx.o(RESET) refers to startup_stm32f407xx.o(.text) for Reset_Handler
    startup_stm32f407xx.o(RESET) refers to stm32f4xx_it.o(i.NMI_Handler) for NMI_Handler
    startup_stm32f407xx.o(RESET) refers to stm32f4xx_it.o(i.HardFault_Handler) for HardFault_Handler
    startup_stm32f407xx.o(RESET) refers to stm32f4xx_it.o(i.MemManage_Handler) for MemManage_Handler
    startup_stm32f407xx.o(RESET) refers to stm32f4xx_it.o(i.BusFault_Handler) for BusFault_Handler
    startup_stm32f407xx.o(RESET) refers to stm32f4xx_it.o(i.UsageFault_Handler) for UsageFault_Handler
    startup_stm32f407xx.o(RESET) refers to stm32f4xx_it.o(i.SVC_Handler) for SVC_Handler
    startup_stm32f407xx.o(RESET) refers to stm32f4xx_it.o(i.DebugMon_Handler) for DebugMon_Handler
    startup_stm32f407xx.o(RESET) refers to stm32f4xx_it.o(i.PendSV_Handler) for PendSV_Handler
    startup_stm32f407xx.o(RESET) refers to stm32f4xx_it.o(i.SysTick_Handler) for SysTick_Handler
    startup_stm32f407xx.o(RESET) refers to stm32f4xx_it.o(i.USART1_IRQHandler) for USART1_IRQHandler
    startup_stm32f407xx.o(RESET) refers to stm32f4xx_it.o(i.USART3_IRQHandler) for USART3_IRQHandler
    startup_stm32f407xx.o(RESET) refers to stm32f4xx_it.o(i.UART5_IRQHandler) for UART5_IRQHandler
    startup_stm32f407xx.o(RESET) refers to stm32f4xx_it.o(i.TIM7_IRQHandler) for TIM7_IRQHandler
    startup_stm32f407xx.o(.text) refers (Special) to heapauxi.o(.text) for __use_two_region_memory
    startup_stm32f407xx.o(.text) refers to system_stm32f4xx.o(i.SystemInit) for SystemInit
    startup_stm32f407xx.o(.text) refers to __main.o(!!!main) for __main
    startup_stm32f407xx.o(.text) refers to startup_stm32f407xx.o(HEAP) for Heap_Mem
    startup_stm32f407xx.o(.text) refers to startup_stm32f407xx.o(STACK) for Stack_Mem
    main.o(i.Car_turn) refers to stm32f4xx_hal_uart.o(i.HAL_UART_Transmit_IT) for HAL_UART_Transmit_IT
    main.o(i.Car_turn) refers to stm32f4xx_hal.o(i.HAL_Delay) for HAL_Delay
    main.o(i.Car_turn) refers to main.o(.data) for .data
    main.o(i.Car_turn) refers to usart.o(.bss) for huart3
    main.o(i.Car_turn) refers to tools.o(.data) for tdata
    main.o(i.HAL_TIM_PeriodElapsedCallback) refers to stm32f4xx_hal.o(i.HAL_IncTick) for HAL_IncTick
    main.o(i.HAL_UART_RxCpltCallback) refers to stm32f4xx_hal_uart.o(i.HAL_UART_Receive_IT) for HAL_UART_Receive_IT
    main.o(i.HAL_UART_RxCpltCallback) refers to strtok.o(.text) for strtok
    main.o(i.HAL_UART_RxCpltCallback) refers to atoi.o(.text) for atoi
    main.o(i.HAL_UART_RxCpltCallback) refers to main.o(.data) for .data
    main.o(i.HAL_UART_RxCpltCallback) refers to usart.o(.bss) for huart1
    main.o(i.HAL_UART_RxCpltCallback) refers to main.o(.bss) for .bss
    main.o(i.Locate_1) refers to dflt_clz.o(x$fpl$dflt) for __aeabi_i2d
    main.o(i.Locate_1) refers to dmul.o(x$fpl$dmul) for __aeabi_dmul
    main.o(i.Locate_1) refers to d2f.o(x$fpl$d2f) for __aeabi_d2f
    main.o(i.Locate_1) refers to tools.o(i.SetCarSpeed) for SetCarSpeed
    main.o(i.Locate_1) refers to stm32f4xx_hal.o(i.HAL_Delay) for HAL_Delay
    main.o(i.Locate_1) refers to main.o(i.Motor_stop) for Motor_stop
    main.o(i.Locate_1) refers to main.o(.data) for .data
    main.o(i.Motor_stop) refers to stm32f4xx_hal_uart.o(i.HAL_UART_Transmit_IT) for HAL_UART_Transmit_IT
    main.o(i.Motor_stop) refers to stm32f4xx_hal.o(i.HAL_Delay) for HAL_Delay
    main.o(i.Motor_stop) refers to main.o(.data) for .data
    main.o(i.Motor_stop) refers to usart.o(.bss) for huart3
    main.o(i.Motor_stop) refers to tools.o(.data) for tdata
    main.o(i.ScanQR) refers to stm32f4xx_hal_uart.o(i.HAL_UART_Transmit_IT) for HAL_UART_Transmit_IT
    main.o(i.ScanQR) refers to stm32f4xx_hal.o(i.HAL_Delay) for HAL_Delay
    main.o(i.ScanQR) refers to stm32f4xx_hal_uart.o(i.HAL_UART_Receive_IT) for HAL_UART_Receive_IT
    main.o(i.ScanQR) refers to rt_ctype_table.o(.text) for __rt_ctype_table
    main.o(i.ScanQR) refers to main.o(.data) for .data
    main.o(i.ScanQR) refers to usart.o(.bss) for huart5
    main.o(i.ScanQR) refers to main.o(.bss) for .bss
    main.o(i.SystemClock_Config) refers to rt_memclr_w.o(.text) for __aeabi_memclr4
    main.o(i.SystemClock_Config) refers to stm32f4xx_hal_rcc.o(i.HAL_RCC_OscConfig) for HAL_RCC_OscConfig
    main.o(i.SystemClock_Config) refers to stm32f4xx_hal_rcc.o(i.HAL_RCC_ClockConfig) for HAL_RCC_ClockConfig
[...]
    ../fplib/dmul.s                          0x00000000   Number         0  dmul.o ABSOLUTE
    ../fplib/dnaninf.s                       0x00000000   Number         0  dnaninf.o ABSOLUTE
    ../fplib/dretinf.s                       0x00000000   Number         0  dretinf.o ABSOLUTE
    ../fplib/f2d.s                           0x00000000   Number         0  f2d.o ABSOLUTE
    ../fplib/fnaninf.s                       0x00000000   Number         0  fnaninf.o ABSOLUTE
    ../fplib/fpinit.s                        0x00000000   Number         0  fpinit.o ABSOLUTE
    ../fplib/fretinf.s                       0x00000000   Number         0  fretinf.o ABSOLUTE
    ../fplib/usenofp.s                       0x00000000   Number         0  usenofp.o ABSOLUTE
    ..\Core\Src\gpio.c                       0x00000000   Number         0  gpio.o ABSOLUTE
    ..\Core\Src\i2c.c                        0x00000000   Number         0  i2c.o ABSOLUTE
    ..\Core\Src\main.c                       0x00000000   Number         0  main.o ABSOLUTE
    ..\Core\Src\stm32f4xx_hal_msp.c          0x00000000   Number         0  stm32f4xx_hal_msp.o ABSOLUTE
    ..\Core\Src\stm32f4xx_hal_timebase_tim.c 0x00000000   Number         0  stm32f4xx_hal_timebase_tim.o ABSOLUTE
    ..\Core\Src\stm32f4xx_it.c               0x00000000   Number         0  stm32f4xx_it.o ABSOLUTE
    ..\Core\Src\system_stm32f4xx.c           0x00000000   Number         0  system_stm32f4xx.o ABSOLUTE
    ..\Core\Src\usart.c                      0x00000000   Number         0  usart.o ABSOLUTE
    ..\Drivers\STM32F4xx_HAL_Driver\Src\stm32f4xx_hal.c 0x00000000   Number         0  stm32f4xx_hal.o ABSOLUTE
    ..\Drivers\STM32F4xx_HAL_Driver\Src\stm32f4xx_hal_cortex.c 0x00000000   Number         0  stm32f4xx_hal_cortex.o ABSOLUTE
    ..\Drivers\STM32F4xx_HAL_Driver\Src\stm32f4xx_hal_dma.c 0x00000000   Number         0  stm32f4xx_hal_dma.o ABSOLUTE
    ..\Drivers\STM32F4xx_HAL_Driver\Src\stm32f4xx_hal_dma_ex.c 0x00000000   Number         0  stm32f4xx_hal_dma_ex.o ABSOLUTE
    ..\Drivers\STM32F4xx_HAL_Driver\Src\stm32f4xx_hal_exti.c 0x00000000   Number         0  stm32f4xx_hal_exti.o ABSOLUTE
    ..\Drivers\STM32F4xx_HAL_Driver\Src\stm32f4xx_hal_flash.c 0x00000000   Number         0  stm32f4xx_hal_flash.o ABSOLUTE
    ..\Drivers\STM32F4xx_HAL_Driver\Src\stm32f4xx_hal_flash_ex.c 0x00000000   Number         0  stm32f4xx_hal_flash_ex.o ABSOLUTE
    ..\Drivers\STM32F4xx_HAL_Driver\Src\stm32f4xx_hal_flash_ramfunc.c 0x00000000   Number         0  stm32f4xx_hal_flash_ramfunc.o ABSOLUTE
    ..\Drivers\STM32F4xx_HAL_Driver\Src\stm32f4xx_hal_gpio.c 0x00000000   Number         0  stm32f4xx_hal_gpio.o ABSOLUTE
    ..\Drivers\STM32F4xx_HAL_Driver\Src\stm32f4xx_hal_i2c.c 0x00000000   Number         0  stm32f4xx_hal_i2c.o ABSOLUTE
    ..\Drivers\STM32F4xx_HAL_Driver\Src\stm32f4xx_hal_i2c_ex.c 0x00000000   Number         0  stm32f4xx_hal_i2c_ex.o ABSOLUTE
    ..\Drivers\STM32F4xx_HAL_Driver\Src\stm32f4xx_hal_pwr.c 0x00000000   Number         0  stm32f4xx_hal_pwr.o ABSOLUTE
    ..\Drivers\STM32F4xx_HAL_Driver\Src\stm32f4xx_hal_pwr_ex.c 0x00000000   Number         0  stm32f4xx_hal_pwr_ex.o ABSOLUTE
    ..\Drivers\STM32F4xx_HAL_Driver\Src\stm32f4xx_hal_rcc.c 0x00000000   Number         0  stm32f4xx_hal_rcc.o ABSOLUTE
    ..\Drivers\STM32F4xx_HAL_Driver\Src\stm32f4xx_hal_rcc_ex.c 0x00000000   Number         0  stm32f4xx_hal_rcc_ex.o ABSOLUTE
    ..\Drivers\STM32F4xx_HAL_Driver\Src\stm32f4xx_hal_tim.c 0x00000000   Number         0  stm32f4xx_hal_tim.o ABSOLUTE
    ..\Drivers\STM32F4xx_HAL_Driver\Src\stm32f4xx_hal_tim_ex.c 0x00000000   Number         0  stm32f4xx_hal_tim_ex.o ABSOLUTE
    ..\Drivers\STM32F4xx_HAL_Driver\Src\stm32f4xx_hal_uart.c 0x00000000   Number         0  stm32f4xx_hal_uart.o ABSOLUTE
    ..\Led\oled.c                            0x00000000   Number         0  oled.o ABSOLUTE
    ..\PCA9685\pca9685.c                     0x00000000   Number         0  pca9685.o ABSOLUTE
    ..\Servo\servo.c                         0x00000000   Number         0  servo.o ABSOLUTE
    ..\Tools\tools.c                         0x00000000   Number         0  tools.o ABSOLUTE
    ..\\PCA9685\\pca9685.c                   0x00000000   Number         0  pca9685.o ABSOLUTE
    ..\\Servo\\servo.c                       0x00000000   Number         0  servo.o ABSOLUTE
    ..\\Tools\\tools.c                       0x00000000   Number         0  tools.o ABSOLUTE
    dc.s                                     0x00000000   Number         0  dc.o ABSOLUTE
    startup_stm32f407xx.s                    0x00000000   Number         0  startup_stm32f407xx.o ABSOLUTE
    RESET                                    0x08000000   Section      392  startup_stm32f407xx.o(RESET)
    !!!main                                  0x08000188   Section        8  __main.o(!!!main)
    !!!scatter                               0x08000190   Section       52  __scatter.o(!!!scatter)
    !!handler_copy                           0x080001c4   Section       26  __scatter_copy.o(!!handler_copy)
    !!handler_zi                             0x080001e0   Section       28  __scatter_zi.o(!!handler_zi)
    .ARM.Collect$$libinit$$00000000          0x080001fc   Section        2  libinit.o(.ARM.Collect$$libinit$$00000000)
    .ARM.Collect$$libinit$$00000001          0x080001fe   Section        4  libinit2.o(.ARM.Collect$$libinit$$00000001)
    .ARM.Collect$$libinit$$00000004          0x08000202   Section        0  libinit2.o(.ARM.Collect$$libinit$$00000004)
    .ARM.Collect$$libinit$$0000000A          0x08000202   Section        0  libinit2.o(.ARM.Collect$$libinit$$0000000A)
    .ARM.Collect$$libinit$$0000000C          0x08000202   Section        0  libinit2.o(.ARM.Collect$$libinit$$0000000C)
    .ARM.Collect$$libinit$$0000000E          0x08000202   Section        0  libinit2.o(.ARM.Collect$$libinit$$0000000E)
    .ARM.Collect$$libinit$$0000000F          0x08000202   Section        6  libinit2.o(.ARM.Collect$$libinit$$0000000F)
    .ARM.Collect$$libinit$$00000011          0x08000208   Section        0  libinit2.o(.ARM.Collect$$libinit$$00000011)
    .ARM.Collect$$libinit$$00000012          0x08000208   Section       12  libinit2.o(.ARM.Collect$$libinit$$00000012)
    .ARM.Collect$$libinit$$00000013          0x08000214   Section        0  libinit2.o(.ARM.Collect$$libinit$$00000013)
    .ARM.Collect$$libinit$$00000015          0x08000214   Section        0  libinit2.o(.ARM.Collect$$libinit$$00000015)
    .ARM.Collect$$libinit$$00000017          0x08000214   Section        0  libinit2.o(.ARM.Collect$$libinit$$00000017)
    .ARM.Collect$$libinit$$00000019          0x08000214   Section        0  libinit2.o(.ARM.Collect$$libinit$$00000019)
    .ARM.Collect$$libinit$$0000001B          0x08000214   Section        0  libinit2.o(.ARM.Collect$$libinit$$0000001B)
    .ARM.Collect$$libinit$$0000001D          0x08000214   Section        0  libinit2.o(.ARM.Collect$$libinit$$0000001D)
    .ARM.Collect$$libinit$$0000001F          0x08000214   Section        0  libinit2.o(.ARM.Collect$$libinit$$0000001F)
    .ARM.Collect$$libinit$$00000021          0x08000214   Section        0  libinit2.o(.ARM.Collect$$libinit$$00000021)
    .ARM.Collect$$libinit$$00000023          0x08000214   Section        0  libinit2.o(.ARM.Collect$$libinit$$00000023)
    .ARM.Collect$$libinit$$00000025          0x08000214   Section        0  libinit2.o(.ARM.Collect$$libinit$$00000025)
    .ARM.Collect$$libinit$$0000002C          0x08000214   Section        0  libinit2.o(.ARM.Collect$$libinit$$0000002C)
    .ARM.Collect$$libinit$$0000002E          0x08000214   Section        0  libinit2.o(.ARM.Collect$$libinit$$0000002E)
    .ARM.Collect$$libinit$$00000030          0x08000214   Section        0  libinit2.o(.ARM.Collect$$libinit$$00000030)
    .ARM.Collect$$libinit$$00000032          0x08000214   Section        0  libinit2.o(.ARM.Collect$$libinit$$00000032)
    .ARM.Collect$$libinit$$00000033          0x08000214   Section        2  libinit2.o(.ARM.Collect$$libinit$$00000033)
    .ARM.Collect$$libshutdown$$00000000      0x08000216   Section        2  libshutdown.o(.ARM.Collect$$libshutdown$$00000000)
    .ARM.Collect$$libshutdown$$00000002      0x08000218   Section        0  libshutdown2.o(.ARM.Collect$$libshutdown$$00000002)
    .ARM.Collect$$libshutdown$$00000004      0x08000218   Section        0  libshutdown2.o(.ARM.Collect$$libshutdown$$00000004)
    .ARM.Collect$$libshutdown$$00000007      0x08000218   Section        0  libshutdown2.o(.ARM.Collect$$libshutdown$$00000007)
    .ARM.Collect$$libshutdown$$0000000A      0x08000218   Section        0  libshutdown2.o(.ARM.Collect$$libshutdown$$0000000A)
    .ARM.Collect$$libshutdown$$0000000C      0x08000218   Section        0  libshutdown2.o(.ARM.Collect$$libshutdown$$0000000C)
    .ARM.Collect$$libshutdown$$0000000F      0x08000218   Section        0  libshutdown2.o(.ARM.Collect$$libshutdown$$0000000F)
    .ARM.Collect$$libshutdown$$00000010      0x08000218   Section        2  libshutdown2.o(.ARM.Collect$$libshutdown$$00000010)
    .ARM.Collect$$rtentry$$00000000          0x0800021a   Section        0  __rtentry.o(.ARM.Collect$$rtentry$$00000000)
    .ARM.Collect$$rtentry$$00000002          0x0800021a   Section        0  __rtentry2.o(.ARM.Collect$$rtentry$$00000002)
    .ARM.Collect$$rtentry$$00000004          0x0800021a   Section        6  __rtentry4.o(.ARM.Collect$$rtentry$$00000004)
    .ARM.Collect$$rtentry$$00000009          0x08000220   Section        0  __rtentry2.o(.ARM.Collect$$rtentry$$00000009)
    .ARM.Collect$$rtentry$$0000000A          0x08000220   Section        4  __rtentry2.o(.ARM.Collect$$rtentry$$0000000A)
    .ARM.Collect$$rtentry$$0000000C          0x08000224   Section        0  __rtentry2.o(.ARM.Collect$$rtentry$$0000000C)
    .ARM.Collect$$rtentry$$0000000D          0x08000224   Section        8  __rtentry2.o(.ARM.Collect$$rtentry$$0000000D)
    .ARM.Collect$$rtexit$$00000000           0x0800022c   Section        2  rtexit.o(.ARM.Collect$$rtexit$$00000000)
    .ARM.Collect$$rtexit$$00000002           0x0800022e   Section        0  rtexit2.o(.ARM.Collect$$rtexit$$00000002)
    .ARM.Collect$$rtexit$$00000003           0x0800022e   Section        4  rtexit2.o(.ARM.Collect$$rtexit$$00000003)
    .ARM.Collect$$rtexit$$00000004           0x08000232   Section        6  rtexit2.o(.ARM.Collect$$rtexit$$00000004)
    .text                                    0x08000238   Section       64  startup_stm32f407xx.o(.text)
    $v0                                      0x08000238   Number         0  startup_stm32f407xx.o(.text)
    .text                                    0x08000278   Section       16  rt_ctype_table.o(.text)
    .text                                    0x08000288   Section      238  lludivv7m.o(.text)
    .text                                    0x08000376   Section        0  atoi.o(.text)
    .text                                    0x08000390   Section        0  strtok.o(.text)
    .text                                    0x0800039c   Section       78  rt_memclr_w.o(.text)
    .text                                    0x080003ea   Section        0  heapauxi.o(.text)
    .text                                    0x080003f0   Section        8  rt_locale_intlibspace.o(.text)
    .text                                    0x080003f8   Section        8  rt_errno_addr_intlibspace.o(.text)
    .text                                    0x08000400   Section        0  strtol.o(.text)
    .text                                    0x08000470   Section        0  strtok_int.o(.text)
    .text                                    0x080004b4   Section        8  libspace.o(.text)
    .text                                    0x080004bc   Section        0  _strtoul.o(.text)
    .text                                    0x0800055a   Section        0  strcspn.o(.text)
    .text                                    0x0800057a   Section        0  strspn.o(.text)
    .text                                    0x08000598   Section      128  strcmpv7m.o(.text)
    .text                                    0x08000618   Section       74  sys_stackheap_outer.o(.text)
    .text                                    0x08000662   Section        0  _chval.o(.text)
    .text                                    0x0800067e   Section        0  exit.o(.text)
    .text                                    0x08000690   Section        0  sys_exit.o(.text)
    .text                                    0x0800069c   Section        2  use_no_semi.o(.text)
    .text                                    0x0800069e   Section        0  indicate_semi.o(.text)
    i.BusFault_Handler                       0x0800069e   Section        0  stm32f4xx_it.o(i.BusFault_Handler)
    i.DebugMon_Handler                       0x080006a0   Section        0  stm32f4xx_it.o(i.DebugMon_Handler)
    i.Error_Handler                          0x080006a2   Section        0  main.o(i.Error_Handler)
    i.Gnd_to_Tray                            0x080006a8   Section        0  servo.o(i.Gnd_to_Tray)
    i.HAL_DMA_Abort                          0x08000758   Section        0  stm32f4xx_hal_dma.o(i.HAL_DMA_Abort)
    i.HAL_DMA_Abort_IT                       0x080007ea   Section        0  stm32f4xx_hal_dma.o(i.HAL_DMA_Abort_IT)
    i.HAL_Delay                              0x08000810   Section        0  stm32f4xx_hal.o(i.HAL_Delay)
    i.HAL_GPIO_Init                          0x08000834   Section        0  stm32f4xx_hal_gpio.o(i.HAL_GPIO_Init)
    i.HAL_GPIO_TogglePin                     0x08000a24   Section        0  stm32f4xx_hal_gpio.o(i.HAL_GPIO_TogglePin)
    i.HAL_GPIO_WritePin                      0x08000a34   Section        0  stm32f4xx_hal_gpio.o(i.HAL_GPIO_WritePin)
    i.HAL_GetTick                            0x08000a40   Section        0  stm32f4xx_hal.o(i.HAL_GetTick)
    i.HAL_I2C_Init                           0x08000a4c   Section        0  stm32f4xx_hal_i2c.o(i.HAL_I2C_Init)
    i.HAL_I2C_Master_Transmit                0x08000bd4   Section        0  stm32f4xx_hal_i2c.o(i.HAL_I2C_Master_Transmit)
    i.HAL_I2C_MspInit                        0x08000d00   Section        0  i2c.o(i.HAL_I2C_MspInit)
    i.HAL_IncTick                            0x08000dac   Section        0  stm32f4xx_hal.o(i.HAL_IncTick)
    i.HAL_Init                               0x08000dbc   Section        0  stm32f4xx_hal.o(i.HAL_Init)
    i.HAL_InitTick                           0x08000df0   Section        0  stm32f4xx_hal_timebase_tim.o(i.HAL_InitTick)
    i.HAL_MspInit                            0x08000e88   Section        0  stm32f4xx_hal_msp.o(i.HAL_MspInit)
    i.HAL_NVIC_EnableIRQ                     0x08000eb8   Section        0  stm32f4xx_hal_cortex.o(i.HAL_NVIC_EnableIRQ)
    i.HAL_NVIC_SetPriority                   0x08000ed4   Section        0  stm32f4xx_hal_cortex.o(i.HAL_NVIC_SetPriority)
    i.HAL_NVIC_SetPriorityGrouping           0x08000f14   Section        0  stm32f4xx_hal_cortex.o(i.HAL_NVIC_SetPriorityGrouping)
    i.HAL_RCC_ClockConfig                    0x08000f38   Section        0  stm32f4xx_hal_rcc.o(i.HAL_RCC_ClockConfig)
    i.HAL_RCC_GetClockConfig                 0x0800106c   Section        0  stm32f4xx_hal_rcc.o(i.HAL_RCC_GetClockConfig)
    i.HAL_RCC_GetPCLK1Freq                   0x080010ac   Section        0  stm32f4xx_hal_rcc.o(i.HAL_RCC_GetPCLK1Freq)
    i.HAL_RCC_GetPCLK2Freq                   0x080010cc   Section        0  stm32f4xx_hal_rcc.o(i.HAL_RCC_GetPCLK2Freq)
    i.HAL_RCC_GetSysClockFreq                0x080010ec   Section        0  stm32f4xx_hal_rcc.o(i.HAL_RCC_GetSysClockFreq)
    i.HAL_RCC_OscConfig                      0x0800114c   Section        0  stm32f4xx_hal_rcc.o(i.HAL_RCC_OscConfig)
    i.HAL_TIMEx_BreakCallback                0x080014b8   Section        0  stm32f4xx_hal_tim_ex.o(i.HAL_TIMEx_BreakCallback)
    i.HAL_TIMEx_CommutCallback               0x080014ba   Section        0  stm32f4xx_hal_tim_ex.o(i.HAL_TIMEx_CommutCallback)
    i.HAL_TIM_Base_Init                      0x080014bc   Section        0  stm32f4xx_hal_tim.o(i.HAL_TIM_Base_Init)
    i.HAL_TIM_Base_MspInit                   0x08001516   Section        0  stm32f4xx_hal_tim.o(i.HAL_TIM_Base_MspInit)
    i.HAL_TIM_Base_Start_IT                  0x08001518   Section        0  stm32f4xx_hal_tim.o(i.HAL_TIM_Base_Start_IT)
    i.HAL_TIM_IC_CaptureCallback             0x08001598   Section        0  stm32f4xx_hal_tim.o(i.HAL_TIM_IC_CaptureCallback)
    i.HAL_TIM_IRQHandler                     0x0800159a   Section        0  stm32f4xx_hal_tim.o(i.HAL_TIM_IRQHandler)
    i.HAL_TIM_OC_DelayElapsedCallback        0x080016ca   Section        0  stm32f4xx_hal_tim.o(i.HAL_TIM_OC_DelayElapsedCallback)
    i.HAL_TIM_PWM_PulseFinishedCallback      0x080016cc   Section        0  stm32f4xx_hal_tim.o(i.HAL_TIM_PWM_PulseFinishedCallback)
    i.HAL_TIM_PeriodElapsedCallback          0x080016d0   Section        0  main.o(i.HAL_TIM_PeriodElapsedCallback)
    i.HAL_TIM_TriggerCallback                0x080016e4   Section        0  stm32f4xx_hal_tim.o(i.HAL_TIM_TriggerCallback)
    i.HAL_UARTEx_RxEventCallback             0x080016e6   Section        0  stm32f4xx_hal_uart.o(i.HAL_UARTEx_RxEventCallback)
    i.HAL_UART_ErrorCallback                 0x080016e8   Section        0  stm32f4xx_hal_uart.o(i.HAL_UART_ErrorCallback)
    i.HAL_UART_IRQHandler                    0x080016ec   Section        0  stm32f4xx_hal_uart.o(i.HAL_UART_IRQHandler)
    i.HAL_UART_Init                          0x0800195c   Section        0  stm32f4xx_hal_uart.o(i.HAL_UART_Init)
    i.HAL_UART_MspInit                       0x080019c0   Section        0  usart.o(i.HAL_UART_MspInit)
    i.HAL_UART_Receive_IT                    0x08001b10   Section        0  stm32f4xx_hal_uart.o(i.HAL_UART_Receive_IT)
    i.HAL_UART_RxCpltCallback                0x08001b2c   Section        0  main.o(i.HAL_UART_RxCpltCallback)
    i.HAL_UART_Transmit_IT                   0x08001bc0   Section        0  stm32f4xx_hal_uart.o(i.HAL_UART_Transmit_IT)
    i.HAL_UART_TxCpltCallback                0x08001bf2   Section        0  stm32f4xx_hal_uart.o(i.HAL_UART_TxCpltCallback)
    i.HardFault_Handler                      0x08001bf4   Section        0  stm32f4xx_it.o(i.HardFault_Handler)
    i.I2C_IsAcknowledgeFailed                0x08001bf6   Section        0  stm32f4xx_hal_i2c.o(i.I2C_IsAcknowledgeFailed)
    I2C_IsAcknowledgeFailed                  0x08001bf7   Thumb Code    46  stm32f4xx_hal_i2c.o(i.I2C_IsAcknowledgeFailed)
    i.I2C_MasterRequestWrite                 0x08001c24   Section        0  stm32f4xx_hal_i2c.o(i.I2C_MasterRequestWrite)
    I2C_MasterRequestWrite                   0x08001c25   Thumb Code   150  stm32f4xx_hal_i2c.o(i.I2C_MasterRequestWrite)
    i.I2C_WaitOnBTFFlagUntilTimeout          0x08001cc0   Section        0  stm32f4xx_hal_i2c.o(i.I2C_WaitOnBTFFlagUntilTimeout)
    I2C_WaitOnBTFFlagUntilTimeout            0x08001cc1   Thumb Code    86  stm32f4xx_hal_i2c.o(i.I2C_WaitOnBTFFlagUntilTimeout)
    i.I2C_WaitOnFlagUntilTimeout             0x08001d18   Section        0  stm32f4xx_hal_i2c.o(i.I2C_WaitOnFlagUntilTimeout)
    I2C_WaitOnFlagUntilTimeout               0x08001d19   Thumb Code   144  stm32f4xx_hal_i2c.o(i.I2C_WaitOnFlagUntilTimeout)
    i.I2C_WaitOnMasterAddressFlagUntilTimeout 0x08001da8   Section        0  stm32f4xx_hal_i2c.o(i.I2C_WaitOnMasterAddressFlagUntilTimeout)
    I2C_WaitOnMasterAddressFlagUntilTimeout  0x08001da9   Thumb Code   188  stm32f4xx_hal_i2c.o(i.I2C_WaitOnMasterAddressFlagUntilTimeout)
    i.I2C_WaitOnTXEFlagUntilTimeout          0x08001e64   Section        0  stm32f4xx_hal_i2c.o(i.I2C_WaitOnTXEFlagUntilTimeout)
    I2C_WaitOnTXEFlagUntilTimeout            0x08001e65   Thumb Code    86  stm32f4xx_hal_i2c.o(i.I2C_WaitOnTXEFlagUntilTimeout)
    i.MX_GPIO_Init                           0x08001ebc   Section        0  gpio.o(i.MX_GPIO_Init)
    i.MX_I2C1_Init                           0x08001f58   Section        0  i2c.o(i.MX_I2C1_Init)
    i.MX_I2C2_Init                           0x08001f98   Section        0  i2c.o(i.MX_I2C2_Init)
    i.MX_UART5_Init                          0x08001fd8   Section        0  usart.o(i.MX_UART5_Init)
    i.MX_USART1_UART_Init                    0x08002010   Section        0  usart.o(i.MX_USART1_UART_Init)
    i.MX_USART3_UART_Init                    0x08002048   Section        0  usart.o(i.MX_USART3_UART_Init)
    i.MemManage_Handler                      0x08002080   Section        0  stm32f4xx_it.o(i.MemManage_Handler)
    i.Motor_SetSpeed                         0x08002084   Section        0  tools.o(i.Motor_SetSpeed)
    i.Motor_stop                             0x080020c4   Section        0  main.o(i.Motor_stop)
    i.NMI_Handler                            0x0800212c   Section        0  stm32f4xx_it.o(i.NMI_Handler)
    i.PCA9685_SetServoAngle                  0x08002130   Section        0  pca9685.o(i.PCA9685_SetServoAngle)
    i.PendSV_Handler                         0x08002194   Section        0  stm32f4xx_it.o(i.PendSV_Handler)
    i.SVC_Handler                            0x08002196   Section        0  stm32f4xx_it.o(i.SVC_Handler)
    i.SetCarSpeed                            0x08002198   Section        0  tools.o(i.SetCarSpeed)
    i.SysTick_Handler                        0x08002438   Section        0  stm32f4xx_it.o(i.SysTick_Handler)
    i.SystemClock_Config                     0x0800243c   Section        0  main.o(i.SystemClock_Config)
    i.SystemInit                             0x080024d0   Section        0  system_stm32f4xx.o(i.SystemInit)
    i.TIM7_IRQHandler                        0x080024e0   Section        0  stm32f4xx_it.o(i.TIM7_IRQHandler)
    i.TIM_Base_SetConfig                     0x080024ec   Section        0  stm32f4xx_hal_tim.o(i.TIM_Base_SetConfig)
    i.UART5_IRQHandler                       0x080025c4   Section        0  stm32f4xx_it.o(i.UART5_IRQHandler)
    i.UART_DMAAbortOnError                   0x080025d0   Section        0  stm32f4xx_hal_uart.o(i.UART_DMAAbortOnError)
    UART_DMAAbortOnError                     0x080025d1   Thumb Code    16  stm32f4xx_hal_uart.o(i.UART_DMAAbortOnError)
    i.UART_EndRxTransfer                     0x080025e0   Section        0  stm32f4xx_hal_uart.o(i.UART_EndRxTransfer)
    UART_EndRxTransfer                       0x080025e1   Thumb Code    78  stm32f4xx_hal_uart.o(i.UART_EndRxTransfer)
    i.UART_Receive_IT                        0x0800262e   Section        0  stm32f4xx_hal_uart.o(i.UART_Receive_IT)
    UART_Receive_IT                          0x0800262f   Thumb Code   194  stm32f4xx_hal_uart.o(i.UART_Receive_IT)
    i.UART_SetConfig                         0x080026f0   Section        0  stm32f4xx_hal_uart.o(i.UART_SetConfig)
    UART_SetConfig                           0x080026f1   Thumb Code   258  stm32f4xx_hal_uart.o(i.UART_SetConfig)
    i.UART_Start_Receive_IT                  0x080027fc   Section        0  stm32f4xx_hal_uart.o(i.UART_Start_Receive_IT)
    i.USART1_IRQHandler                      0x08002834   Section        0  stm32f4xx_it.o(i.USART1_IRQHandler)
    i.USART3_IRQHandler                      0x08002840   Section        0  stm32f4xx_it.o(i.USART3_IRQHandler)
    i.UsageFault_Handler                     0x0800284c   Section        0  stm32f4xx_it.o(i.UsageFault_Handler)
    i.__NVIC_SetPriority                     0x0800284e   Section        0  stm32f4xx_hal_cortex.o(i.__NVIC_SetPriority)
    __NVIC_SetPriority                       0x0800284f   Thumb Code    32  stm32f4xx_hal_cortex.o(i.__NVIC_SetPriority)
    i.main                                   0x08002870   Section        0  main.o(i.main)
    i.zhuaqu                                 0x08002a9c   Section        0  servo.o(i.zhuaqu)
    locale$$code                             0x08002b38   Section       44  lc_ctype_c.o(locale$$code)
    x$fpl$d2f                                0x08002b64   Section       98  d2f.o(x$fpl$d2f)
    $v0                                      0x08002b64   Number         0  d2f.o(x$fpl$d2f)
    x$fpl$dadd                               0x08002bc8   Section      336  daddsub_clz.o(x$fpl$dadd)
    $v0                                      0x08002bc8   Number         0  daddsub_clz.o(x$fpl$dadd)
    _dadd1                                   0x08002bd9   Thumb Code     0  daddsub_clz.o(x$fpl$dadd)
    x$fpl$ddiv                               0x08002d18   Section      688  ddiv.o(x$fpl$ddiv)
    $v0                                      0x08002d18   Number         0  ddiv.o(x$fpl$ddiv)
    ddiv_entry                               0x08002d1f   Thumb Code     0  ddiv.o(x$fpl$ddiv)
    x$fpl$dfix                               0x08002fc8   Section       94  dfix.o(x$fpl$dfix)
    $v0                                      0x08002fc8   Number         0  dfix.o(x$fpl$dfix)
    x$fpl$dflt                               0x08003026   Section       46  dflt_clz.o(x$fpl$dflt)
    $v0                                      0x08003026   Number         0  dflt_clz.o(x$fpl$dflt)
    x$fpl$dmul                               0x08003054   Section      340  dmul.o(x$fpl$dmul)
    $v0                                      0x08003054   Number         0  dmul.o(x$fpl$dmul)
    x$fpl$dnaninf                            0x080031a8   Section      156  dnaninf.o(x$fpl$dnaninf)
    $v0                                      0x080031a8   Number         0  dnaninf.o(x$fpl$dnaninf)
    x$fpl$dretinf                            0x08003244   Section       12  dretinf.o(x$fpl$dretinf)
    $v0                                      0x08003244   Number         0  dretinf.o(x$fpl$dretinf)
    x$fpl$dsub                               0x08003250   Section      468  daddsub_clz.o(x$fpl$dsub)
    $v0                                      0x08003250   Number         0  daddsub_clz.o(x$fpl$dsub)
    _dsub1                                   0x08003261   Thumb Code     0  daddsub_clz.o(x$fpl$dsub)
    x$fpl$f2d                                0x08003424   Section       86  f2d.o(x$fpl$f2d)
    $v0                                      0x08003424   Number         0  f2d.o(x$fpl$f2d)
    x$fpl$fnaninf                            0x0800347a   Section      140  fnaninf.o(x$fpl$fnaninf)
    $v0                                      0x0800347a   Number         0  fnaninf.o(x$fpl$fnaninf)
    x$fpl$fpinit                             0x08003506   Section       10  fpinit.o(x$fpl$fpinit)
    $v0                                      0x08003506   Number         0  fpinit.o(x$fpl$fpinit)
    x$fpl$fretinf                            0x08003510   Section       10  fretinf.o(x$fpl$fretinf)
    $v0                                      0x08003510   Number         0  fretinf.o(x$fpl$fretinf)
    x$fpl$usenofp                            0x0800351a   Section        0  usenofp.o(x$fpl$usenofp)
    .constdata                               0x08003520   Section        8  main.o(.constdata)
    .constdata                               0x08003528   Section        8  main.o(.constdata)
    .constdata                               0x08003530   Section        8  main.o(.constdata)
    .constdata                               0x08003538   Section       16  system_stm32f4xx.o(.constdata)
    .constdata                               0x08003548   Section        8  system_stm32f4xx.o(.constdata)
    .constdata                               0x08003550   Section       16  tools.o(.constdata)
    locale$$data                             0x08003580   Section      272  lc_ctype_c.o(locale$$data)
    __lcctype_c_name                         0x08003584   Data           2  lc_ctype_c.o(locale$$data)
    __lcctype_c_start                        0x0800358c   Data           0  lc_ctype_c.o(locale$$data)
    __lcctype_c_end                          0x08003690   Data           0  lc_ctype_c.o(locale$$data)
    .data                                    0x20000000   Section      151  main.o(.data)
    .data                                    0x20000098   Section       12  stm32f4xx_hal.o(.data)
    .data                                    0x200000a4   Section        4  system_stm32f4xx.o(.data)
    .data                                    0x200000a8   Section        4  tools.o(.data)
    .data                                    0x200000ac   Section        4  strtok.o(.data)
    _strtok_saves1                           0x200000ac   Data           4  strtok.o(.data)
    .bss                                     0x200000b0   Section       92  main.o(.bss)
    .bss                                     0x2000010c   Section      168  i2c.o(.bss)
    .bss                                     0x200001b4   Section      216  usart.o(.bss)
    .bss                                     0x2000028c   Section       72  stm32f4xx_hal_timebase_tim.o(.bss)
    .bss                                     0x200002d4   Section       96  libspace.o(.bss)
    HEAP                                     0x20000338   Section      512  startup_stm32f407xx.o(HEAP)
    Heap_Mem                                 0x20000338   Data         512  startup_stm32f407xx.o(HEAP)
    STACK                                    0x20000538   Section     1024  startup_stm32f407xx.o(STACK)
    Stack_Mem                                0x20000538   Data        1024  startup_stm32f407xx.o(STACK)
    __initial_sp                             0x20000938   Data           0  startup_stm32f407xx.o(STACK)

    Global Symbols

    Symbol Name                              Value     Ov Type        Size  Object(Section)

    BuildAttributes$$THM_ISAv4$E$P$D$K$B$S$7EM$VFPi3$EXTD16$VFPS$VFMA$PE$A:L22UL41UL21$X:L11$S22US41US21$IEEE1$IW$USESV6$~STKCKD$USESV7$~SHL$OSPACE$ROPI$EBA8$UX$STANDARDLIB$REQ8$PRES8$EABIv2 0x00000000   Number         0  anon$$obj.o ABSOLUTE
    __ARM_use_no_argv                        0x00000000   Number         0  main.o ABSOLUTE
    __ARM_exceptions_init                     - Undefined Weak Reference
    __alloca_initialize                       - Undefined Weak Reference
    __arm_preinit_                            - Undefined Weak Reference
    __cpp_initialize__aeabi_                  - Undefined Weak Reference
    __cxa_finalize                            - Undefined Weak Reference
    __sigvec_lookup                           - Undefined Weak Reference
    _atexit_init                              - Undefined Weak Reference
    _call_atexit_fns                          - Undefined Weak Reference
    _clock_init                               - Undefined Weak Reference
    _fp_trap_init                             - Undefined Weak Reference
    _fp_trap_shutdown                         - Undefined Weak Reference
    _get_lc_collate                           - Undefined Weak Reference
    _get_lc_monetary                          - Undefined Weak Reference
    _get_lc_numeric                           - Undefined Weak Reference
    _get_lc_time                              - Undefined Weak Reference
    _getenv_init                              - Undefined Weak Reference
    _handle_redirection                       - Undefined Weak Reference
    _init_alloc                               - Undefined Weak Reference
    _init_user_alloc                          - Undefined Weak Reference
    _initio                                   - Undefined Weak Reference
    _rand_init                                - Undefined Weak Reference
    _signal_finish                            - Undefined Weak Reference
    _signal_init                              - Undefined Weak Reference
    _terminate_alloc                          - Undefined Weak Reference
    _terminate_user_alloc                     - Undefined Weak Reference
    _terminateio                              - Undefined Weak Reference
    __Vectors_Size                           0x00000188   Number         0  startup_stm32f407xx.o ABSOLUTE
    __Vectors                                0x08000000   Data           4  startup_stm32f407xx.o(RESET)
    __Vectors_End                            0x08000188   Data           0  startup_stm32f407xx.o(RESET)
    __main                                   0x08000189   Thumb Code     8  __main.o(!!!main)
    __scatterload                            0x08000191   Thumb Code     0  __scatter.o(!!!scatter)
    __scatterload_rt2                        0x08000191   Thumb Code    44  __scatter.o(!!!scatter)
    __scatterload_rt2_thumb_only             0x08000191   Thumb Code     0  __scatter.o(!!!scatter)
    __scatterload_null                       0x0800019f   Thumb Code     0  __scatter.o(!!!scatter)
    __scatterload_copy                       0x080001c5   Thumb Code    26  __scatter_copy.o(!!handler_copy)
    __scatterload_zeroinit                   0x080001e1   Thumb Code    28  __scatter_zi.o(!!handler_zi)
    __rt_lib_init                            0x080001fd   Thumb Code     0  libinit.o(.ARM.Collect$$libinit$$00000000)
    __rt_lib_init_fp_1                       0x080001ff   Thumb Code     0  libinit2.o(.ARM.Collect$$libinit$$00000001)
    __rt_lib_init_heap_1                     0x08000203   Thumb Code     0  libinit2.o(.ARM.Collect$$libinit$$0000000A)
    __rt_lib_init_lc_common                  0x08000203   Thumb Code     0  libinit2.o(.ARM.Collect$$libinit$$0000000F)
    __rt_lib_init_preinit_1                  0x08000203   Thumb Code     0  libinit2.o(.ARM.Collect$$libinit$$00000004)
    __rt_lib_init_rand_1                     0x08000203   Thumb Code     0  libinit2.o(.ARM.Collect$$libinit$$0000000E)
    __rt_lib_init_user_alloc_1               0x08000203   Thumb Code     0  libinit2.o(.ARM.Collect$$libinit$$0000000C)
    __rt_lib_init_lc_collate_1               0x08000209   Thumb Code     0  libinit2.o(.ARM.Collect$$libinit$$00000011)
    __rt_lib_init_lc_ctype_2                 0x08000209   Thumb Code     0  libinit2.o(.ARM.Collect$$libinit$$00000012)
    __rt_lib_init_alloca_1                   0x08000215   Thumb Code     0  libinit2.o(.ARM.Collect$$libinit$$0000002E)
    __rt_lib_init_argv_1                     0x08000215   Thumb Code     0  libinit2.o(.ARM.Collect$$libinit$$0000002C)
    __rt_lib_init_atexit_1                   0x08000215   Thumb Code     0  libinit2.o(.ARM.Collect$$libinit$$0000001B)
    __rt_lib_init_clock_1                    0x08000215   Thumb Code     0  libinit2.o(.ARM.Collect$$libinit$$00000021)
    __rt_lib_init_cpp_1                      0x08000215   Thumb Code     0  libinit2.o(.ARM.Collect$$libinit$$00000032)
    __rt_lib_init_exceptions_1               0x08000215   Thumb Code     0  libinit2.o(.ARM.Collect$$libinit$$00000030)
    __rt_lib_init_fp_trap_1                  0x08000215   Thumb Code     0  libinit2.o(.ARM.Collect$$libinit$$0000001F)
    __rt_lib_init_getenv_1                   0x08000215   Thumb Code     0  libinit2.o(.ARM.Collect$$libinit$$00000023)
    __rt_lib_init_lc_ctype_1                 0x08000215   Thumb Code     0  libinit2.o(.ARM.Collect$$libinit$$00000013)
    __rt_lib_init_lc_monetary_1              0x08000215   Thumb Code     0  libinit2.o(.ARM.Collect$$libinit$$00000015)
    __rt_lib_init_lc_numeric_1               0x08000215   Thumb Code     0  libinit2.o(.ARM.Collect$$libinit$$00000017)
    __rt_lib_init_lc_time_1                  0x08000215   Thumb Code     0  libinit2.o(.ARM.Collect$$libinit$$00000019)
    __rt_lib_init_return                     0x08000215   Thumb Code     0  libinit2.o(.ARM.Collect$$libinit$$00000033)
    __rt_lib_init_signal_1                   0x08000215   Thumb Code     0  libinit2.o(.ARM.Collect$$libinit$$0000001D)
    __rt_lib_init_stdio_1                    0x08000215   Thumb Code     0  libinit2.o(.ARM.Collect$$libinit$$00000025)
    __rt_lib_shutdown                        0x08000217   Thumb Code     0  libshutdown.o(.ARM.Collect$$libshutdown$$00000000)
    __rt_lib_shutdown_cpp_1                  0x08000219   Thumb Code     0  libshutdown2.o(.ARM.Collect$$libshutdown$$00000002)
    __rt_lib_shutdown_fp_trap_1              0x08000219   Thumb Code     0  libshutdown2.o(.ARM.Collect$$libshutdown$$00000007)
    __rt_lib_shutdown_heap_1                 0x08000219   Thumb Code     0  libshutdown2.o(.ARM.Collect$$libshutdown$$0000000F)
    __rt_lib_shutdown_return                 0x08000219   Thumb Code     0  libshutdown2.o(.ARM.Collect$$libshutdown$$00000010)
    __rt_lib_shutdown_signal_1               0x08000219   Thumb Code     0  libshutdown2.o(.ARM.Collect$$libshutdown$$0000000A)
    __rt_lib_shutdown_stdio_1                0x08000219   Thumb Code     0  libshutdown2.o(.ARM.Collect$$libshutdown$$00000004)
    __rt_lib_shutdown_user_alloc_1           0x08000219   Thumb Code     0  libshutdown2.o(.ARM.Collect$$libshutdown$$0000000C)
    __rt_entry                               0x0800021b   Thumb Code     0  __rtentry.o(.ARM.Collect$$rtentry$$00000000)
    __rt_entry_presh_1                       0x0800021b   Thumb Code     0  __rtentry2.o(.ARM.Collect$$rtentry$$00000002)
    __rt_entry_sh                            0x0800021b   Thumb Code     0  __rtentry4.o(.ARM.Collect$$rtentry$$00000004)
    __rt_entry_li                            0x08000221   Thumb Code     0  __rtentry2.o(.ARM.Collect$$rtentry$$0000000A)
    __rt_entry_postsh_1                      0x08000221   Thumb Code     0  __rtentry2.o(.ARM.Collect$$rtentry$$00000009)
    __rt_entry_main                          0x08000225   Thumb Code     0  __rtentry2.o(.ARM.Collect$$rtentry$$0000000D)
    __rt_entry_postli_1                      0x08000225   Thumb Code     0  __rtentry2.o(.ARM.Collect$$rtentry$$0000000C)
    __rt_exit                                0x0800022d   Thumb Code     0  rtexit.o(.ARM.Collect$$rtexit$$00000000)
    __rt_exit_ls                             0x0800022f   Thumb Code     0  rtexit2.o(.ARM.Collect$$rtexit$$00000003)
    __rt_exit_prels_1                        0x0800022f   Thumb Code     0  rtexit2.o(.ARM.Collect$$rtexit$$00000002)
    __rt_exit_exit                           0x08000233   Thumb Code     0  rtexit2.o(.ARM.Collect$$rtexit$$00000004)
    Reset_Handler                            0x08000239   Thumb Code     8  startup_stm32f407xx.o(.text)
    ADC_IRQHandler                           0x08000253   Thumb Code     0  startup_stm32f407xx.o(.text)
    CAN1_RX0_IRQHandler                      0x08000253   Thumb Code     0  startup_stm32f407xx.o(.text)
    CAN1_RX1_IRQHandler                      0x08000253   Thumb Code     0  startup_stm32f407xx.o(.text)
    CAN1_SCE_IRQHandler                      0x08000253   Thumb Code     0  startup_stm32f407xx.o(.text)
    CAN1_TX_IRQHandler                       0x08000253   Thumb Code     0  startup_stm32f407xx.o(.text)
    CAN2_RX0_IRQHandler                      0x08000253   Thumb Code     0  startup_stm32f407xx.o(.text)
    CAN2_RX1_IRQHandler                      0x08000253   Thumb Code     0  startup_stm32f407xx.o(.text)
    CAN2_SCE_IRQHandler                      0x08000253   Thumb Code     0  startup_stm32f407xx.o(.text)
    CAN2_TX_IRQHandler                       0x08000253   Thumb Code     0  startup_stm32f407xx.o(.text)
    DCMI_IRQHandler                          0x08000253   Thumb Code     0  startup_stm32f407xx.o(.text)
    DMA1_Stream0_IRQHandler                  0x08000253   Thumb Code     0  startup_stm32f407xx.o(.text)
    DMA1_Stream1_IRQHandler                  0x08000253   Thumb Code     0  startup_stm32f407xx.o(.text)
    DMA1_Stream2_IRQHandler                  0x08000253   Thumb Code     0  startup_stm32f407xx.o(.text)
    DMA1_Stream3_IRQHandler                  0x08000253   Thumb Code     0  startup_stm32f407xx.o(.text)
    DMA1_Stream4_IRQHandler                  0x08000253   Thumb Code     0  startup_stm32f407xx.o(.text)
    DMA1_Stream5_IRQHandler                  0x08000253   Thumb Code     0  startup_stm32f407xx.o(.text)
    DMA1_Stream6_IRQHandler                  0x08000253   Thumb Code     0  startup_stm32f407xx.o(.text)
    DMA1_Stream7_IRQHandler                  0x08000253   Thumb Code     0  startup_stm32f407xx.o(.text)
    DMA2_Stream0_IRQHandler                  0x08000253   Thumb Code     0  startup_stm32f407xx.o(.text)
    DMA2_Stream1_IRQHandler                  0x08000253   Thumb Code     0  startup_stm32f407xx.o(.text)
    DMA2_Stream2_IRQHandler                  0x08000253   Thumb Code     0  startup_stm32f407xx.o(.text)
    DMA2_Stream3_IRQHandler                  0x08000253   Thumb Code     0  startup_stm32f407xx.o(.text)
    DMA2_Stream4_IRQHandler                  0x08000253   Thumb Code     0  startup_stm32f407xx.o(.text)
    DMA2_Stream5_IRQHandler                  0x08000253   Thumb Code     0  startup_stm32f407xx.o(.text)
    DMA2_Stream6_IRQHandler                  0x08000253   Thumb Code     0  startup_stm32f407xx.o(.text)
    DMA2_Stream7_IRQHandler                  0x08000253   Thumb Code     0  startup_stm32f407xx.o(.text)
    ETH_IRQHandler                           0x08000253   Thumb Code     0  startup_stm32f407xx.o(.text)
    ETH_WKUP_IRQHandler                      0x08000253   Thumb Code     0  startup_stm32f407xx.o(.text)
    EXTI0_IRQHandler                         0x08000253   Thumb Code     0  startup_stm32f407xx.o(.text)
    EXTI15_10_IRQHandler                     0x08000253   Thumb Code     0  startup_stm32f407xx.o(.text)
    EXTI1_IRQHandler                         0x08000253   Thumb Code     0  startup_stm32f407xx.o(.text)
    EXTI2_IRQHandler                         0x08000253   Thumb Code     0  startup_stm32f407xx.o(.text)
    EXTI3_IRQHandler                         0x08000253   Thumb Code     0  startup_stm32f407xx.o(.text)
    EXTI4_IRQHandler                         0x08000253   Thumb Code     0  startup_stm32f407xx.o(.text)
    EXTI9_5_IRQHandler                       0x08000253   Thumb Code     0  startup_stm32f407xx.o(.text)
    FLASH_IRQHandler                         0x08000253   Thumb Code     0  startup_stm32f407xx.o(.text)
    FMC_IRQHandler                           0x08000253   Thumb Code     0  startup_stm32f407xx.o(.text)
    FPU_IRQHandler                           0x08000253   Thumb Code     0  startup_stm32f407xx.o(.text)
    HASH_RNG_IRQHandler                      0x08000253   Thumb Code     0  startup_stm32f407xx.o(.text)
    I2C1_ER_IRQHandler                       0x08000253   Thumb Code     0  startup_stm32f407xx.o(.text)
    I2C1_EV_IRQHandler                       0x08000253   Thumb Code     0  startup_stm32f407xx.o(.text)
    I2C2_ER_IRQHandler                       0x08000253   Thumb Code     0  startup_stm32f407xx.o(.text)
    I2C2_EV_IRQHandler                       0x08000253   Thumb Code     0  startup_stm32f407xx.o(.text)
    I2C3_ER_IRQHandler                       0x08000253   Thumb Code     0  startup_stm32f407xx.o(.text)
    I2C3_EV_IRQHandler                       0x08000253   Thumb Code     0  startup_stm32f407xx.o(.text)
    OTG_FS_IRQHandler                        0x08000253   Thumb Code     0  startup_stm32f407xx.o(.text)
    OTG_FS_WKUP_IRQHandler                   0x08000253   Thumb Code     0  startup_stm32f407xx.o(.text)
    OTG_HS_EP1_IN_IRQHandler                 0x08000253   Thumb Code     0  startup_stm32f407xx.o(.text)
    OTG_HS_EP1_OUT_IRQHandler                0x08000253   Thumb Code     0  startup_stm32f407xx.o(.text)
    OTG_HS_IRQHandler                        0x08000253   Thumb Code     0  startup_stm32f407xx.o(.text)
    OTG_HS_WKUP_IRQHandler                   0x08000253   Thumb Code     0  startup_stm32f407xx.o(.text)
    PVD_IRQHandler                           0x08000253   Thumb Code     0  startup_stm32f407xx.o(.text)
    RCC_IRQHandler                           0x08000253   Thumb Code     0  startup_stm32f407xx.o(.text)
    RTC_Alarm_IRQHandler                     0x08000253   Thumb Code     0  startup_stm32f407xx.o(.text)
    RTC_WKUP_IRQHandler                      0x08000253   Thumb Code     0  startup_stm32f407xx.o(.text)
    SDIO_IRQHandler                          0x08000253   Thumb Code     0  startup_stm32f407xx.o(.text)
    SPI1_IRQHandler                          0x08000253   Thumb Code     0  startup_stm32f407xx.o(.text)
    SPI2_IRQHandler                          0x08000253   Thumb Code     0  startup_stm32f407xx.o(.text)
    SPI3_IRQHandler                          0x08000253   Thumb Code     0  startup_stm32f407xx.o(.text)
    TAMP_STAMP_IRQHandler                    0x08000253   Thumb Code     0  startup_stm32f407xx.o(.text)
    TIM1_BRK_TIM9_IRQHandler                 0x08000253   Thumb Code     0  startup_stm32f407xx.o(.text)
    TIM1_CC_IRQHandler                       0x08000253   Thumb Code     0  startup_stm32f407xx.o(.text)
    TIM1_TRG_COM_TIM11_IRQHandler            0x08000253   Thumb Code     0  startup_stm32f407xx.o(.text)
    TIM1_UP_TIM10_IRQHandler                 0x08000253   Thumb Code     0  startup_stm32f407xx.o(.text)
    TIM2_IRQHandler                          0x08000253   Thumb Code     0  startup_stm32f407xx.o(.text)
    TIM3_IRQHandler                          0x08000253   Thumb Code     0  startup_stm32f407xx.o(.text)
    TIM4_IRQHandler                          0x08000253   Thumb Code     0  startup_stm32f407xx.o(.text)
    TIM5_IRQHandler                          0x08000253   Thumb Code     0  startup_stm32f407xx.o(.text)
    TIM6_DAC_IRQHandler                      0x08000253   Thumb Code     0  startup_stm32f407xx.o(.text)
    TIM8_BRK_TIM12_IRQHandler                0x08000253   Thumb Code     0  startup_stm32f407xx.o(.text)
    TIM8_CC_IRQHandler                       0x08000253   Thumb Code     0  startup_stm32f407xx.o(.text)
    TIM8_TRG_COM_TIM14_IRQHandler            0x08000253   Thumb Code     0  startup_stm32f407xx.o(.text)
    TIM8_UP_TIM13_IRQHandler                 0x08000253   Thumb Code     0  startup_stm32f407xx.o(.text)
    UART4_IRQHandler                         0x08000253   Thumb Code     0  startup_stm32f407xx.o(.text)
    USART2_IRQHandler                        0x08000253   Thumb Code     0  startup_stm32f407xx.o(.text)
    USART6_IRQHandler                        0x08000253   Thumb Code     0  startup_stm32f407xx.o(.text)
    WWDG_IRQHandler                          0x08000253   Thumb Code     0  startup_stm32f407xx.o(.text)
    __user_initial_stackheap                 0x08000255   Thumb Code     0  startup_stm32f407xx.o(.text)
    __rt_ctype_table                         0x08000279   Thumb Code    16  rt_ctype_table.o(.text)
    __aeabi_uldivmod                         0x08000289   Thumb Code     0  lludivv7m.o(.text)
    _ll_udiv                                 0x08000289   Thumb Code   238  lludivv7m.o(.text)
    atoi                                     0x08000377   Thumb Code    26  atoi.o(.text)
    strtok                                   0x08000391   Thumb Code     6  strtok.o(.text)
    __aeabi_memclr4                          0x0800039d   Thumb Code     0  rt_memclr_w.o(.text)
    __aeabi_memclr8                          0x0800039d   Thumb Code     0  rt_memclr_w.o(.text)
    __rt_memclr_w                            0x0800039d   Thumb Code    78  rt_memclr_w.o(.text)
    _memset_w                                0x080003a1   Thumb Code     0  rt_memclr_w.o(.text)
    __use_two_region_memory                  0x080003eb   Thumb Code     2  heapauxi.o(.text)
    __rt_heap_escrow$2region                 0x080003ed   Thumb Code     2  heapauxi.o(.text)
    __rt_heap_expand$2region                 0x080003ef   Thumb Code     2  heapauxi.o(.text)
    __rt_locale                              0x080003f1   Thumb Code     8  rt_locale_intlibspace.o(.text)
    __aeabi_errno_addr                       0x080003f9   Thumb Code     8  rt_errno_addr_intlibspace.o(.text)
    __errno$intlibspace                      0x080003f9   Thumb Code     0  rt_errno_addr_intlibspace.o(.text)
    __rt_errno_addr$intlibspace              0x080003f9   Thumb Code     0  rt_errno_addr_intlibspace.o(.text)
    strtol                                   0x08000401   Thumb Code   112  strtol.o(.text)
    __strtok_internal                        0x08000471   Thumb Code    64  strtok_int.o(.text)
    __user_libspace                          0x080004b5   Thumb Code     8  libspace.o(.text)
    __user_perproc_libspace                  0x080004b5   Thumb Code     0  libspace.o(.text)
    __user_perthread_libspace                0x080004b5   Thumb Code     0  libspace.o(.text)
    _strtoul                                 0x080004bd   Thumb Code   158  _strtoul.o(.text)
    strcspn                                  0x0800055b   Thumb Code    32  strcspn.o(.text)
    strspn                                   0x0800057b   Thumb Code    28  strspn.o(.text)
    strcmp                                   0x08000599   Thumb Code   128  strcmpv7m.o(.text)
    __user_setup_stackheap                   0x08000619   Thumb Code    74  sys_stackheap_outer.o(.text)
    _chval                                   0x08000663   Thumb Code    28  _chval.o(.text)
    exit                                     0x0800067f   Thumb Code    18  exit.o(.text)
    _sys_exit                                0x08000691   Thumb Code     8  sys_exit.o(.text)
    __I$use$semihosting                      0x0800069d   Thumb Code     0  use_no_semi.o(.text)
    __use_no_semihosting_swi                 0x0800069d   Thumb Code     2  use_no_semi.o(.text)
    BusFault_Handler                         0x0800069f   Thumb Code     2  stm32f4xx_it.o(i.BusFault_Handler)
    __semihosting_library_function           0x0800069f   Thumb Code     0  indicate_semi.o(.text)
    DebugMon_Handler                         0x080006a1   Thumb Code     2  stm32f4xx_it.o(i.DebugMon_Handler)
    Error_Handler                            0x080006a3   Thumb Code     4  main.o(i.Error_Handler)
    Gnd_to_Tray                              0x080006a9   Thumb Code   154  servo.o(i.Gnd_to_Tray)
    HAL_DMA_Abort                            0x08000759   Thumb Code   146  stm32f4xx_hal_dma.o(i.HAL_DMA_Abort)
    HAL_DMA_Abort_IT                         0x080007eb   Thumb Code    36  stm32f4xx_hal_dma.o(i.HAL_DMA_Abort_IT)
    HAL_Delay                                0x08000811   Thumb Code    32  stm32f4xx_hal.o(i.HAL_Delay)
    HAL_GPIO_Init                            0x08000835   Thumb Code   450  stm32f4xx_hal_gpio.o(i.HAL_GPIO_Init)
    HAL_GPIO_TogglePin                       0x08000a25   Thumb Code    16  stm32f4xx_hal_gpio.o(i.HAL_GPIO_TogglePin)
    HAL_GPIO_WritePin                        0x08000a35   Thumb Code    10  stm32f4xx_hal_gpio.o(i.HAL_GPIO_WritePin)
    HAL_GetTick                              0x08000a41   Thumb Code     6  stm32f4xx_hal.o(i.HAL_GetTick)
    HAL_I2C_Init                             0x08000a4d   Thumb Code   376  stm32f4xx_hal_i2c.o(i.HAL_I2C_Init)
    HAL_I2C_Master_Transmit                  0x08000bd5   Thumb Code   290  stm32f4xx_hal_i2c.o(i.HAL_I2C_Master_Transmit)
    HAL_I2C_MspInit                          0x08000d01   Thumb Code   154  i2c.o(i.HAL_I2C_MspInit)
    HAL_IncTick                              0x08000dad   Thumb Code    12  stm32f4xx_hal.o(i.HAL_IncTick)
    HAL_Init                                 0x08000dbd   Thumb Code    48  stm32f4xx_hal.o(i.HAL_Init)
    HAL_InitTick                             0x08000df1   Thumb Code   132  stm32f4xx_hal_timebase_tim.o(i.HAL_InitTick)
    HAL_MspInit                              0x08000e89   Thumb Code    42  stm32f4xx_hal_msp.o(i.HAL_MspInit)
    HAL_NVIC_EnableIRQ                       0x08000eb9   Thumb Code    26  stm32f4xx_hal_cortex.o(i.HAL_NVIC_EnableIRQ)
    HAL_NVIC_SetPriority                     0x08000ed5   Thumb Code    60  stm32f4xx_hal_cortex.o(i.HAL_NVIC_SetPriority)
    HAL_NVIC_SetPriorityGrouping             0x08000f15   Thumb Code    26  stm32f4xx_hal_cortex.o(i.HAL_NVIC_SetPriorityGrouping)
    HAL_RCC_ClockConfig                      0x08000f39   Thumb Code   288  stm32f4xx_hal_rcc.o(i.HAL_RCC_ClockConfig)
    HAL_RCC_GetClockConfig                   0x0800106d   Thumb Code    54  stm32f4xx_hal_rcc.o(i.HAL_RCC_GetClockConfig)
    HAL_RCC_GetPCLK1Freq                     0x080010ad   Thumb Code    20  stm32f4xx_hal_rcc.o(i.HAL_RCC_GetPCLK1Freq)
    HAL_RCC_GetPCLK2Freq                     0x080010cd   Thumb Code    20  stm32f4xx_hal_rcc.o(i.HAL_RCC_GetPCLK2Freq)
    HAL_RCC_GetSysClockFreq                  0x080010ed   Thumb Code    88  stm32f4xx_hal_rcc.o(i.HAL_RCC_GetSysClockFreq)
    HAL_RCC_OscConfig                        0x0800114d   Thumb Code   856  stm32f4xx_hal_rcc.o(i.HAL_RCC_OscConfig)
    HAL_TIMEx_BreakCallback                  0x080014b9   Thumb Code     2  stm32f4xx_hal_tim_ex.o(i.HAL_TIMEx_BreakCallback)
    HAL_TIMEx_CommutCallback                 0x080014bb   Thumb Code     2  stm32f4xx_hal_tim_ex.o(i.HAL_TIMEx_CommutCallback)
    HAL_TIM_Base_Init                        0x080014bd   Thumb Code    90  stm32f4xx_hal_tim.o(i.HAL_TIM_Base_Init)
    HAL_TIM_Base_MspInit                     0x08001517   Thumb Code     2  stm32f4xx_hal_tim.o(i.HAL_TIM_Base_MspInit)
    HAL_TIM_Base_Start_IT                    0x08001519   Thumb Code   100  stm32f4xx_hal_tim.o(i.HAL_TIM_Base_Start_IT)
    HAL_TIM_IC_CaptureCallback               0x08001599   Thumb Code     2  stm32f4xx_hal_tim.o(i.HAL_TIM_IC_CaptureCallback)
    HAL_TIM_IRQHandler                       0x0800159b   Thumb Code   304  stm32f4xx_hal_tim.o(i.HAL_TIM_IRQHandler)
    HAL_TIM_OC_DelayElapsedCallback          0x080016cb   Thumb Code     2  stm32f4xx_hal_tim.o(i.HAL_TIM_OC_DelayElapsedCallback)
    HAL_TIM_PWM_PulseFinishedCallback        0x080016cd   Thumb Code     2  stm32f4xx_hal_tim.o(i.HAL_TIM_PWM_PulseFinishedCallback)
    HAL_TIM_PeriodElapsedCallback            0x080016d1   Thumb Code    14  main.o(i.HAL_TIM_PeriodElapsedCallback)
    HAL_TIM_TriggerCallback                  0x080016e5   Thumb Code     2  stm32f4xx_hal_tim.o(i.HAL_TIM_TriggerCallback)
    HAL_UARTEx_RxEventCallback               0x080016e7   Thumb Code     2  stm32f4xx_hal_uart.o(i.HAL_UARTEx_RxEventCallback)
    HAL_UART_ErrorCallback                   0x080016e9   Thumb Code     2  stm32f4xx_hal_uart.o(i.HAL_UART_ErrorCallback)
    HAL_UART_IRQHandler                      0x080016ed   Thumb Code   618  stm32f4xx_hal_uart.o(i.HAL_UART_IRQHandler)
    HAL_UART_Init                            0x0800195d   Thumb Code   100  stm32f4xx_hal_uart.o(i.HAL_UART_Init)
    HAL_UART_MspInit                         0x080019c1   Thumb Code   306  usart.o(i.HAL_UART_MspInit)
    HAL_UART_Receive_IT                      0x08001b11   Thumb Code    28  stm32f4xx_hal_uart.o(i.HAL_UART_Receive_IT)
    HAL_UART_RxCpltCallback                  0x08001b2d   Thumb Code   118  main.o(i.HAL_UART_RxCpltCallback)
    HAL_UART_Transmit_IT                     0x08001bc1   Thumb Code    50  stm32f4xx_hal_uart.o(i.HAL_UART_Transmit_IT)
    HAL_UART_TxCpltCallback                  0x08001bf3   Thumb Code     2  stm32f4xx_hal_uart.o(i.HAL_UART_TxCpltCallback)
    HardFault_Handler                        0x08001bf5   Thumb Code     2  stm32f4xx_it.o(i.HardFault_Handler)
    MX_GPIO_Init                             0x08001ebd   Thumb Code   146  gpio.o(i.MX_GPIO_Init)
    MX_I2C1_Init                             0x08001f59   Thumb Code    50  i2c.o(i.MX_I2C1_Init)
    MX_I2C2_Init                             0x08001f99   Thumb Code    50  i2c.o(i.MX_I2C2_Init)
    MX_UART5_Init                            0x08001fd9   Thumb Code    48  usart.o(i.MX_UART5_Init)
    MX_USART1_UART_Init                      0x08002011   Thumb Code    48  usart.o(i.MX_USART1_UART_Init)
    MX_USART3_UART_Init                      0x08002049   Thumb Code    48  usart.o(i.MX_USART3_UART_Init)
    MemManage_Handler                        0x08002081   Thumb Code     2  stm32f4xx_it.o(i.MemManage_Handler)
    Motor_SetSpeed                           0x08002085   Thumb Code    60  tools.o(i.Motor_SetSpeed)
    Motor_stop                               0x080020c5   Thumb Code    92  main.o(i.Motor_stop)
    NMI_Handler                              0x0800212d   Thumb Code     2  stm32f4xx_it.o(i.NMI_Handler)
    PCA9685_SetServoAngle                    0x08002131   Thumb Code    82  pca9685.o(i.PCA9685_SetServoAngle)
    PendSV_Handler                           0x08002195   Thumb Code     2  stm32f4xx_it.o(i.PendSV_Handler)
    SVC_Handler                              0x08002197   Thumb Code     2  stm32f4xx_it.o(i.SVC_Handler)
    SetCarSpeed                              0x08002199   Thumb Code   628  tools.o(i.SetCarSpeed)
    SysTick_Handler                          0x08002439   Thumb Code     2  stm32f4xx_it.o(i.SysTick_Handler)
    SystemClock_Config                       0x0800243d   Thumb Code   138  main.o(i.SystemClock_Config)
    SystemInit                               0x080024d1   Thumb Code    12  system_stm32f4xx.o(i.SystemInit)
    TIM7_IRQHandler                          0x080024e1   Thumb Code     6  stm32f4xx_it.o(i.TIM7_IRQHandler)
    TIM_Base_SetConfig                       0x080024ed   Thumb Code   170  stm32f4xx_hal_tim.o(i.TIM_Base_SetConfig)
    UART5_IRQHandler                         0x080025c5   Thumb Code     6  stm32f4xx_it.o(i.UART5_IRQHandler)
    UART_Start_Receive_IT                    0x080027fd   Thumb Code    54  stm32f4xx_hal_uart.o(i.UART_Start_Receive_IT)
    USART1_IRQHandler                        0x08002835   Thumb Code     6  stm32f4xx_it.o(i.USART1_IRQHandler)
    USART3_IRQHandler                        0x08002841   Thumb Code     6  stm32f4xx_it.o(i.USART3_IRQHandler)
    UsageFault_Handler                       0x0800284d   Thumb Code     2  stm32f4xx_it.o(i.UsageFault_Handler)
    main                                     0x08002871   Thumb Code   514  main.o(i.main)
    zhuaqu                                   0x08002a9d   Thumb Code   140  servo.o(i.zhuaqu)
    _get_lc_ctype                            0x08002b39   Thumb Code    44  lc_ctype_c.o(locale$$code)
    __aeabi_d2f                              0x08002b65   Thumb Code     0  d2f.o(x$fpl$d2f)
    _d2f                                     0x08002b65   Thumb Code    98  d2f.o(x$fpl$d2f)
    __aeabi_dadd                             0x08002bc9   Thumb Code     0  daddsub_clz.o(x$fpl$dadd)
    _dadd                                    0x08002bc9   Thumb Code   332  daddsub_clz.o(x$fpl$dadd)
    __aeabi_ddiv                             0x08002d19   Thumb Code     0  ddiv.o(x$fpl$ddiv)
    _ddiv                                    0x08002d19   Thumb Code   552  ddiv.o(x$fpl$ddiv)
    __aeabi_d2iz                             0x08002fc9   Thumb Code     0  dfix.o(x$fpl$dfix)
    _dfix                                    0x08002fc9   Thumb Code    94  dfix.o(x$fpl$dfix)
    __aeabi_i2d                              0x08003027   Thumb Code     0  dflt_clz.o(x$fpl$dflt)
    _dflt                                    0x08003027   Thumb Code    46  dflt_clz.o(x$fpl$dflt)
    __aeabi_dmul                             0x08003055   Thumb Code     0  dmul.o(x$fpl$dmul)
    _dmul                                    0x08003055   Thumb Code   332  dmul.o(x$fpl$dmul)
    __fpl_dnaninf                            0x080031a9   Thumb Code   156  dnaninf.o(x$fpl$dnaninf)
    __fpl_dretinf                            0x08003245   Thumb Code    12  dretinf.o(x$fpl$dretinf)
    __aeabi_dsub                             0x08003251   Thumb Code     0  daddsub_clz.o(x$fpl$dsub)
    _dsub                                    0x08003251   Thumb Code   464  daddsub_clz.o(x$fpl$dsub)
    __aeabi_f2d                              0x08003425   Thumb Code     0  f2d.o(x$fpl$f2d)
    _f2d                                     0x08003425   Thumb Code    86  f2d.o(x$fpl$f2d)
    __fpl_fnaninf                            0x0800347b   Thumb Code   140  fnaninf.o(x$fpl$fnaninf)
    _fp_init                                 0x08003507   Thumb Code    10  fpinit.o(x$fpl$fpinit)
    __fplib_config_fpu_vfp                   0x0800350f   Thumb Code     0  fpinit.o(x$fpl$fpinit)
    __fplib_config_pureend_doubles           0x0800350f   Thumb Code     0  fpinit.o(x$fpl$fpinit)
    __fpl_fretinf                            0x08003511   Thumb Code    10  fretinf.o(x$fpl$fretinf)
    __I$use$fp                               0x0800351a   Number         0  usenofp.o(x$fpl$usenofp)
    rx                                       0x08003520   Data           8  main.o(.constdata)
    ry                                       0x08003528   Data           8  main.o(.constdata)
    standard_speed                           0x08003530   Data           8  main.o(.constdata)
    AHBPrescTable                            0x08003538   Data          16  system_stm32f4xx.o(.constdata)
    APBPrescTable                            0x08003548   Data           8  system_stm32f4xx.o(.constdata)
    Region$$Table$$Base                      0x08003560   Number         0  anon$$obj.o(Region$$Table)
    Region$$Table$$Limit                     0x08003580   Number         0  anon$$obj.o(Region$$Table)
    __ctype                                  0x0800358d   Data           0  lc_ctype_c.o(locale$$data)
    qr                                       0x20000000   Data           1  main.o(.data)
    locate_stuff                             0x20000001   Data           1  main.o(.data)
    buffer_index                             0x20000002   Data           1  main.o(.data)
    rx_byte                                  0x20000003   Data           1  main.o(.data)
    num_index                                0x20000004   Data           4  main.o(.data)
    a                                        0x20000008   Data           4  main.o(.data)
    center_x                                 0x2000000c   Data           4  main.o(.data)
    center_y                                 0x20000010   Data           4  main.o(.data)
    data10                                   0x20000014   Data           5  main.o(.data)
    data11                                   0x20000019   Data           5  main.o(.data)
    data12                                   0x2000001e   Data           5  main.o(.data)
    data13                                   0x20000023   Data           5  main.o(.data)
    color_receive                            0x20000028   Data           7  main.o(.data)
    data14                                   0x2000002f   Data          13  main.o(.data)
    data15                                   0x2000003c   Data          13  main.o(.data)
    data16                                   0x20000049   Data          13  main.o(.data)
    data17                                   0x20000056   Data          13  main.o(.data)
    data18                                   0x20000063   Data          13  main.o(.data)
    data19                                   0x20000070   Data          13  main.o(.data)
    data20                                   0x2000007d   Data          13  main.o(.data)
    data21                                   0x2000008a   Data          13  main.o(.data)
    uwTickFreq                               0x20000098   Data           1  stm32f4xx_hal.o(.data)
    uwTickPrio                               0x2000009c   Data           4  stm32f4xx_hal.o(.data)
    uwTick                                   0x200000a0   Data           4  stm32f4xx_hal.o(.data)
    SystemCoreClock                          0x200000a4   Data           4  system_stm32f4xx.o(.data)
    tdata                                    0x200000a8   Data           4  tools.o(.data)
    numbers                                  0x200000b0   Data          28  main.o(.bss)
    rx_buffer                                0x200000cc   Data          64  main.o(.bss)
    hi2c1                                    0x2000010c   Data          84  i2c.o(.bss)
    hi2c2                                    0x20000160   Data          84  i2c.o(.bss)
    huart5                                   0x200001b4   Data          72  usart.o(.bss)
    huart1                                   0x200001fc   Data          72  usart.o(.bss)
    huart3                                   0x20000244   Data          72  usart.o(.bss)
    htim7                                    0x2000028c   Data          72  stm32f4xx_hal_timebase_tim.o(.bss)
    __libspace_start                         0x200002d4   Data          96  libspace.o(.bss)
    __temporary_stack_top$libspace           0x20000334   Data           0  libspace.o(.bss)



==============================================================================

Memory Map of the image

  Image Entry point : 0x08000189

  Load Region LR_IROM1 (Base: 0x08000000, Size: 0x00003740, Max: 0x00080000, ABSOLUTE)

    Execution Region ER_IROM1 (Exec base: 0x08000000, Load base: 0x08000000, Size: 0x00003690, Max: 0x00080000, ABSOLUTE)

    Exec Addr    Load Addr    Size         Type   Attr      Idx    E Section Name        Object

    0x08000000   0x08000000   0x00000188   Data   RO            3    RESET               startup_stm32f407xx.o
    0x08000188   0x08000188   0x00000008   Code   RO         3679  * !!!main             c_w.l(__main.o)
    0x08000190   0x08000190   0x00000034   Code   RO         3908    !!!scatter          c_w.l(__scatter.o)
    0x080001c4   0x080001c4   0x0000001a   Code   RO         3910    !!handler_copy      c_w.l(__scatter_copy.o)
    0x080001de   0x080001de   0x00000002   PAD
    0x080001e0   0x080001e0   0x0000001c   Code   RO         3912    !!handler_zi        c_w.l(__scatter_zi.o)
    0x080001fc   0x080001fc   0x00000002   Code   RO         3828    .ARM.Collect$$libinit$$00000000  c_w.l(libinit.o)
    0x080001fe   0x080001fe   0x00000004   Code   RO         3766    .ARM.Collect$$libinit$$00000001  c_w.l(libinit2.o)
    0x08000202   0x08000202   0x00000000   Code   RO         3769    .ARM.Collect$$libinit$$00000004  c_w.l(libinit2.o)
    0x08000202   0x08000202   0x00000000   Code   RO         3772    .ARM.Collect$$libinit$$0000000A  c_w.l(libinit2.o)
    0x08000202   0x08000202   0x00000000   Code   RO         3774    .ARM.Collect$$libinit$$0000000C  c_w.l(libinit2.o)
    0x08000202   0x08000202   0x00000000   Code   RO         3776    .ARM.Collect$$libinit$$0000000E  c_w.l(libinit2.o)
    0x08000202   0x08000202   0x00000006   Code   RO         3777    .ARM.Collect$$libinit$$0000000F  c_w.l(libinit2.o)
    0x08000208   0x08000208   0x00000000   Code   RO         3779    .ARM.Collect$$libinit$$00000011  c_w.l(libinit2.o)
    0x08000208   0x08000208   0x0000000c   Code   RO         3780    .ARM.Collect$$libinit$$00000012  c_w.l(libinit2.o)
    0x08000214   0x08000214   0x00000000   Code   RO         3781    .ARM.Collect$$libinit$$00000013  c_w.l(libinit2.o)
    0x08000214   0x08000214   0x00000000   Code   RO         3783    .ARM.Collect$$libinit$$00000015  c_w.l(libinit2.o)
    0x08000214   0x08000214   0x00000000   Code   RO         3785    .ARM.Collect$$libinit$$00000017  c_w.l(libinit2.o)
    0x08000214   0x08000214   0x00000000   Code   RO         3787    .ARM.Collect$$libinit$$00000019  c_w.l(libinit2.o)
    0x08000214   0x08000214   0x00000000   Code   RO         3789    .ARM.Collect$$libinit$$0000001B  c_w.l(libinit2.o)
    0x08000214   0x08000214   0x00000000   Code   RO         3791    .ARM.Collect$$libinit$$0000001D  c_w.l(libinit2.o)
    0x08000214   0x08000214   0x00000000   Code   RO         3793    .ARM.Collect$$libinit$$0000001F  c_w.l(libinit2.o)
    0x08000214   0x08000214   0x00000000   Code   RO         3795    .ARM.Collect$$libinit$$00000021  c_w.l(libinit2.o)
    0x08000214   0x08000214   0x00000000   Code   RO         3797    .ARM.Collect$$libinit$$00000023  c_w.l(libinit2.o)
    0x08000214   0x08000214   0x00000000   Code   RO         3799    .ARM.Collect$$libinit$$00000025  c_w.l(libinit2.o)
    0x08000214   0x08000214   0x00000000   Code   RO         3803    .ARM.Collect$$libinit$$0000002C  c_w.l(libinit2.o)
    0x08000214   0x08000214   0x00000000   Code   RO         3805    .ARM.Collect$$libinit$$0000002E  c_w.l(libinit2.o)
    0x08000214   0x08000214   0x00000000   Code   RO         3807    .ARM.Collect$$libinit$$00000030  c_w.l(libinit2.o)
    0x08000214   0x08000214   0x00000000   Code   RO         3809    .ARM.Collect$$libinit$$00000032  c_w.l(libinit2.o)
    0x08000214   0x08000214   0x00000002   Code   RO         3810    .ARM.Collect$$libinit$$00000033  c_w.l(libinit2.o)
    0x08000216   0x08000216   0x00000002   Code   RO         3875    .ARM.Collect$$libshutdown$$00000000  c_w.l(libshutdown.o)
    0x08000218   0x08000218   0x00000000   Code   RO         3891    .ARM.Collect$$libshutdown$$00000002  c_w.l(libshutdown2.o)
    0x08000218   0x08000218   0x00000000   Code   RO         3893    .ARM.Collect$$libshutdown$$00000004  c_w.l(libshutdown2.o)
    0x08000218   0x08000218   0x00000000   Code   RO         3896    .ARM.Collect$$libshutdown$$00000007  c_w.l(libshutdown2.o)
    0x08000218   0x08000218   0x00000000   Code   RO         3899    .ARM.Collect$$libshutdown$$0000000A  c_w.l(libshutdown2.o)
    0x08000218   0x08000218   0x00000000   Code   RO         3901    .ARM.Collect$$libshutdown$$0000000C  c_w.l(libshutdown2.o)
    0x08000218   0x08000218   0x00000000   Code   RO         3904    .ARM.Collect$$libshutdown$$0000000F  c_w.l(libshutdown2.o)
    0x08000218   0x08000218   0x00000002   Code   RO         3905    .ARM.Collect$$libshutdown$$00000010  c_w.l(libshutdown2.o)
    0x0800021a   0x0800021a   0x00000000   Code   RO         3707    .ARM.Collect$$rtentry$$00000000  c_w.l(__rtentry.o)
    0x0800021a   0x0800021a   0x00000000   Code   RO         3742    .ARM.Collect$$rtentry$$00000002  c_w.l(__rtentry2.o)
    0x0800021a   0x0800021a   0x00000006   Code   RO         3754    .ARM.Collect$$rtentry$$00000004  c_w.l(__rtentry4.o)
    0x08000220   0x08000220   0x00000000   Code   RO         3744    .ARM.Collect$$rtentry$$00000009  c_w.l(__rtentry2.o)
    0x08000220   0x08000220   0x00000004   Code   RO         3745    .ARM.Collect$$rtentry$$0000000A  c_w.l(__rtentry2.o)
    0x08000224   0x08000224   0x00000000   Code   RO         3747    .ARM.Collect$$rtentry$$0000000C  c_w.l(__rtentry2.o)
    0x08000224   0x08000224   0x00000008   Code   RO         3748    .ARM.Collect$$rtentry$$0000000D  c_w.l(__rtentry2.o)
    0x0800022c   0x0800022c   0x00000002   Code   RO         3831    .ARM.Collect$$rtexit$$00000000  c_w.l(rtexit.o)
    0x0800022e   0x0800022e   0x00000000   Code   RO         3848    .ARM.Collect$$rtexit$$00000002  c_w.l(rtexit2.o)
    0x0800022e   0x0800022e   0x00000004   Code   RO         3849    .ARM.Collect$$rtexit$$00000003  c_w.l(rtexit2.o)
    0x08000232   0x08000232   0x00000006   Code   RO         3850    .ARM.Collect$$rtexit$$00000004  c_w.l(rtexit2.o)
    0x08000238   0x08000238   0x00000040   Code   RO            4    .text               startup_stm32f407xx.o
    0x08000278   0x08000278   0x00000010   Code   RO         3666    .text               c_w.l(rt_ctype_table.o)
    0x08000288   0x08000288   0x000000ee   Code   RO         3668    .text               c_w.l(lludivv7m.o)
    0x08000376   0x08000376   0x0000001a   Code   RO         3670    .text               c_w.l(atoi.o)
    0x08000390   0x08000390   0x0000000c   Code   RO         3672    .text               c_w.l(strtok.o)
    0x0800039c   0x0800039c   0x0000004e   Code   RO         3675    .text               c_w.l(rt_memclr_w.o)
    0x080003ea   0x080003ea   0x00000006   Code   RO         3677    .text               c_w.l(heapauxi.o)
    0x080003f0   0x080003f0   0x00000008   Code   RO         3715    .text               c_w.l(rt_locale_intlibspace.o)
    0x080003f8   0x080003f8   0x00000008   Code   RO         3720    .text               c_w.l(rt_errno_addr_intlibspace.o)
    0x08000400   0x08000400   0x00000070   Code   RO         3722    .text               c_w.l(strtol.o)
    0x08000470   0x08000470   0x00000044   Code   RO         3727    .text               c_w.l(strtok_int.o)
    0x080004b4   0x080004b4   0x00000008   Code   RO         3738    .text               c_w.l(libspace.o)
    0x080004bc   0x080004bc   0x0000009e   Code   RO         3758    .text               c_w.l(_strtoul.o)
    0x0800055a   0x0800055a   0x00000020   Code   RO         3760    .text               c_w.l(strcspn.o)
    0x0800057a   0x0800057a   0x0000001c   Code   RO         3762    .text               c_w.l(strspn.o)
    0x08000596   0x08000596   0x00000002   PAD
    0x08000598   0x08000598   0x00000080   Code   RO         3764    .text               c_w.l(strcmpv7m.o)
    0x08000618   0x08000618   0x0000004a   Code   RO         3811    .text               c_w.l(sys_stackheap_outer.o)
    0x08000662   0x08000662   0x0000001c   Code   RO         3813    .text               c_w.l(_chval.o)
    0x0800067e   0x0800067e   0x00000012   Code   RO         3815    .text               c_w.l(exit.o)
    0x08000690   0x08000690   0x0000000c   Code   RO         3845    .text               c_w.l(sys_exit.o)
    0x0800069c   0x0800069c   0x00000002   Code   RO         3866    .text               c_w.l(use_no_semi.o)
    0x0800069e   0x0800069e   0x00000000   Code   RO         3868    .text               c_w.l(indicate_semi.o)
    0x0800069e   0x0800069e   0x00000002   Code   RO          381    i.BusFault_Handler  stm32f4xx_it.o
    0x080006a0   0x080006a0   0x00000002   Code   RO          382    i.DebugMon_Handler  stm32f4xx_it.o
    0x080006a2   0x080006a2   0x00000004   Code   RO           14    i.Error_Handler     main.o
    0x080006a6   0x080006a6   0x00000002   PAD
    0x080006a8   0x080006a8   0x000000b0   Code   RO         3618    i.Gnd_to_Tray       servo.o
    0x08000758   0x08000758   0x00000092   Code   RO         1461    i.HAL_DMA_Abort     stm32f4xx_hal_dma.o
    0x080007ea   0x080007ea   0x00000024   Code   RO         1462    i.HAL_DMA_Abort_IT  stm32f4xx_hal_dma.o
    0x0800080e   0x0800080e   0x00000002   PAD
    0x08000810   0x08000810   0x00000024   Code   RO         1898    i.HAL_Delay         stm32f4xx_hal.o
    0x08000834   0x08000834   0x000001f0   Code   RO         1354    i.HAL_GPIO_Init     stm32f4xx_hal_gpio.o
    0x08000a24   0x08000a24   0x00000010   Code   RO         1357    i.HAL_GPIO_TogglePin  stm32f4xx_hal_gpio.o
    0x08000a34   0x08000a34   0x0000000a   Code   RO         1358    i.HAL_GPIO_WritePin  stm32f4xx_hal_gpio.o
    0x08000a3e   0x08000a3e   0x00000002   PAD
    0x08000a40   0x08000a40   0x0000000c   Code   RO         1904    i.HAL_GetTick       stm32f4xx_hal.o
    0x08000a4c   0x08000a4c   0x00000188   Code   RO          555    i.HAL_I2C_Init      stm32f4xx_hal_i2c.o
    0x08000bd4   0x08000bd4   0x0000012c   Code   RO          568    i.HAL_I2C_Master_Transmit  stm32f4xx_hal_i2c.o
    0x08000d00   0x08000d00   0x000000ac   Code   RO          268    i.HAL_I2C_MspInit   i2c.o
    0x08000dac   0x08000dac   0x00000010   Code   RO         1910    i.HAL_IncTick       stm32f4xx_hal.o
    0x08000dbc   0x08000dbc   0x00000034   Code   RO         1911    i.HAL_Init          stm32f4xx_hal.o
    0x08000df0   0x08000df0   0x00000098   Code   RO          505    i.HAL_InitTick      stm32f4xx_hal_timebase_tim.o
    0x08000e88   0x08000e88   0x00000030   Code   RO          481    i.HAL_MspInit       stm32f4xx_hal_msp.o
    0x08000eb8   0x08000eb8   0x0000001a   Code   RO         1746    i.HAL_NVIC_EnableIRQ  stm32f4xx_hal_cortex.o
    0x08000ed2   0x08000ed2   0x00000002   PAD
    0x08000ed4   0x08000ed4   0x00000040   Code   RO         1752    i.HAL_NVIC_SetPriority  stm32f4xx_hal_cortex.o
    0x08000f14   0x08000f14   0x00000024   Code   RO         1753    i.HAL_NVIC_SetPriorityGrouping  stm32f4xx_hal_cortex.o
    0x08000f38   0x08000f38   0x00000134   Code   RO         1000    i.HAL_RCC_ClockConfig  stm32f4xx_hal_rcc.o
    0x0800106c   0x0800106c   0x00000040   Code   RO         1004    i.HAL_RCC_GetClockConfig  stm32f4xx_hal_rcc.o
    0x080010ac   0x080010ac   0x00000020   Code   RO         1007    i.HAL_RCC_GetPCLK1Freq  stm32f4xx_hal_rcc.o
    0x080010cc   0x080010cc   0x00000020   Code   RO         1008    i.HAL_RCC_GetPCLK2Freq  stm32f4xx_hal_rcc.o
    0x080010ec   0x080010ec   0x00000060   Code   RO         1009    i.HAL_RCC_GetSysClockFreq  stm32f4xx_hal_rcc.o
    0x0800114c   0x0800114c   0x0000036c   Code   RO         1012    i.HAL_RCC_OscConfig  stm32f4xx_hal_rcc.o
    0x080014b8   0x080014b8   0x00000002   Code   RO         2855    i.HAL_TIMEx_BreakCallback  stm32f4xx_hal_tim_ex.o
    0x080014ba   0x080014ba   0x00000002   Code   RO         2856    i.HAL_TIMEx_CommutCallback  stm32f4xx_hal_tim_ex.o
    0x080014bc   0x080014bc   0x0000005a   Code   RO         2151    i.HAL_TIM_Base_Init  stm32f4xx_hal_tim.o
    0x08001516   0x08001516   0x00000002   Code   RO         2153    i.HAL_TIM_Base_MspInit  stm32f4xx_hal_tim.o
    0x08001518   0x08001518   0x00000080   Code   RO         2156    i.HAL_TIM_Base_Start_IT  stm32f4xx_hal_tim.o
    0x08001598   0x08001598   0x00000002   Code   RO         2185    i.HAL_TIM_IC_CaptureCallback  stm32f4xx_hal_tim.o
    0x0800159a   0x0800159a   0x00000130   Code   RO         2199    i.HAL_TIM_IRQHandler  stm32f4xx_hal_tim.o
    0x080016ca   0x080016ca   0x00000002   Code   RO         2202    i.HAL_TIM_OC_DelayElapsedCallback  stm32f4xx_hal_tim.o
    0x080016cc   0x080016cc   0x00000002   Code   RO         2229    i.HAL_TIM_PWM_PulseFinishedCallback  stm32f4xx_hal_tim.o
    0x080016ce   0x080016ce   0x00000002   PAD
    0x080016d0   0x080016d0   0x00000014   Code   RO           15    i.HAL_TIM_PeriodElapsedCallback  main.o
    0x080016e4   0x080016e4   0x00000002   Code   RO         2242    i.HAL_TIM_TriggerCallback  stm32f4xx_hal_tim.o
    0x080016e6   0x080016e6   0x00000002   Code   RO         3134    i.HAL_UARTEx_RxEventCallback  stm32f4xx_hal_uart.o
    0x080016e8   0x080016e8   0x00000002   Code   RO         3148    i.HAL_UART_ErrorCallback  stm32f4xx_hal_uart.o
    0x080016ea   0x080016ea   0x00000002   PAD
    0x080016ec   0x080016ec   0x00000270   Code   RO         3151    i.HAL_UART_IRQHandler  stm32f4xx_hal_uart.o
    0x0800195c   0x0800195c   0x00000064   Code   RO         3152    i.HAL_UART_Init     stm32f4xx_hal_uart.o
    0x080019c0   0x080019c0   0x00000150   Code   RO          316    i.HAL_UART_MspInit  usart.o
    0x08001b10   0x08001b10   0x0000001c   Code   RO         3157    i.HAL_UART_Receive_IT  stm32f4xx_hal_uart.o
    0x08001b2c   0x08001b2c   0x00000094   Code   RO           16    i.HAL_UART_RxCpltCallback  main.o
    0x08001bc0   0x08001bc0   0x00000032   Code   RO         3162    i.HAL_UART_Transmit_IT  stm32f4xx_hal_uart.o
    0x08001bf2   0x08001bf2   0x00000002   Code   RO         3163    i.HAL_UART_TxCpltCallback  stm32f4xx_hal_uart.o
    0x08001bf4   0x08001bf4   0x00000002   Code   RO          383    i.HardFault_Handler  stm32f4xx_it.o
    0x08001bf6   0x08001bf6   0x0000002e   Code   RO          598    i.I2C_IsAcknowledgeFailed  stm32f4xx_hal_i2c.o
    0x08001c24   0x08001c24   0x0000009c   Code   RO          602    i.I2C_MasterRequestWrite  stm32f4xx_hal_i2c.o
    0x08001cc0   0x08001cc0   0x00000056   Code   RO          613    i.I2C_WaitOnBTFFlagUntilTimeout  stm32f4xx_hal_i2c.o
    0x08001d16   0x08001d16   0x00000002   PAD
    0x08001d18   0x08001d18   0x00000090   Code   RO          614    i.I2C_WaitOnFlagUntilTimeout  stm32f4xx_hal_i2c.o
    0x08001da8   0x08001da8   0x000000bc   Code   RO          615    i.I2C_WaitOnMasterAddressFlagUntilTimeout  stm32f4xx_hal_i2c.o
    0x08001e64   0x08001e64   0x00000056   Code   RO          617    i.I2C_WaitOnTXEFlagUntilTimeout  stm32f4xx_hal_i2c.o
    0x08001eba   0x08001eba   0x00000002   PAD
    0x08001ebc   0x08001ebc   0x0000009c   Code   RO          243    i.MX_GPIO_Init      gpio.o
    0x08001f58   0x08001f58   0x00000040   Code   RO          269    i.MX_I2C1_Init      i2c.o
    0x08001f98   0x08001f98   0x00000040   Code   RO          270    i.MX_I2C2_Init      i2c.o
    0x08001fd8   0x08001fd8   0x00000038   Code   RO          317    i.MX_UART5_Init     usart.o
    0x08002010   0x08002010   0x00000038   Code   RO          318    i.MX_USART1_UART_Init  usart.o
    0x08002048   0x08002048   0x00000038   Code   RO          319    i.MX_USART3_UART_Init  usart.o
    0x08002080   0x08002080   0x00000002   Code   RO          384    i.MemManage_Handler  stm32f4xx_it.o
    0x08002082   0x08002082   0x00000002   PAD
    0x08002084   0x08002084   0x00000040   Code   RO         3526    i.Motor_SetSpeed    tools.o
    0x080020c4   0x080020c4   0x00000068   Code   RO           18    i.Motor_stop        main.o
    0x0800212c   0x0800212c   0x00000002   Code   RO          385    i.NMI_Handler       stm32f4xx_it.o
    0x0800212e   0x0800212e   0x00000002   PAD
    0x08002130   0x08002130   0x00000064   Code   RO         3586    i.PCA9685_SetServoAngle  pca9685.o
    0x08002194   0x08002194   0x00000002   Code   RO          386    i.PendSV_Handler    stm32f4xx_it.o
    0x08002196   0x08002196   0x00000002   Code   RO          387    i.SVC_Handler       stm32f4xx_it.o
    0x08002198   0x08002198   0x000002a0   Code   RO         3527    i.SetCarSpeed       tools.o
    0x08002438   0x08002438   0x00000002   Code   RO          388    i.SysTick_Handler   stm32f4xx_it.o
    0x0800243a   0x0800243a   0x00000002   PAD
    0x0800243c   0x0800243c   0x00000094   Code   RO           20    i.SystemClock_Config  main.o
    0x080024d0   0x080024d0   0x00000010   Code   RO         3486    i.SystemInit        system_stm32f4xx.o
    0x080024e0   0x080024e0   0x0000000c   Code   RO          389    i.TIM7_IRQHandler   stm32f4xx_it.o
    0x080024ec   0x080024ec   0x000000d8   Code   RO         2244    i.TIM_Base_SetConfig  stm32f4xx_hal_tim.o
    0x080025c4   0x080025c4   0x0000000c   Code   RO          390    i.UART5_IRQHandler  stm32f4xx_it.o
    0x080025d0   0x080025d0   0x00000010   Code   RO         3165    i.UART_DMAAbortOnError  stm32f4xx_hal_uart.o
    0x080025e0   0x080025e0   0x0000004e   Code   RO         3175    i.UART_EndRxTransfer  stm32f4xx_hal_uart.o
    0x0800262e   0x0800262e   0x000000c2   Code   RO         3177    i.UART_Receive_IT   stm32f4xx_hal_uart.o
    0x080026f0   0x080026f0   0x0000010c   Code   RO         3178    i.UART_SetConfig    stm32f4xx_hal_uart.o
    0x080027fc   0x080027fc   0x00000036   Code   RO         3180    i.UART_Start_Receive_IT  stm32f4xx_hal_uart.o
    0x08002832   0x08002832   0x00000002   PAD
    0x08002834   0x08002834   0x0000000c   Code   RO          391    i.USART1_IRQHandler  stm32f4xx_it.o
    0x08002840   0x08002840   0x0000000c   Code   RO          392    i.USART3_IRQHandler  stm32f4xx_it.o
    0x0800284c   0x0800284c   0x00000002   Code   RO          393    i.UsageFault_Handler  stm32f4xx_it.o
    0x0800284e   0x0800284e   0x00000020   Code   RO         1759    i.__NVIC_SetPriority  stm32f4xx_hal_cortex.o
    0x0800286e   0x0800286e   0x00000002   PAD
    0x08002870   0x08002870   0x0000022c   Code   RO           21    i.main              main.o
    0x08002a9c   0x08002a9c   0x0000009c   Code   RO         3621    i.zhuaqu            servo.o
    0x08002b38   0x08002b38   0x0000002c   Code   RO         3725    locale$$code        c_w.l(lc_ctype_c.o)
    0x08002b64   0x08002b64   0x00000062   Code   RO         3681    x$fpl$d2f           fz_wm.l(d2f.o)
    0x08002bc6   0x08002bc6   0x00000002   PAD
    0x08002bc8   0x08002bc8   0x00000150   Code   RO         3683    x$fpl$dadd          fz_wm.l(daddsub_clz.o)
    0x08002d18   0x08002d18   0x000002b0   Code   RO         3690    x$fpl$ddiv          fz_wm.l(ddiv.o)
    0x08002fc8   0x08002fc8   0x0000005e   Code   RO         3693    x$fpl$dfix          fz_wm.l(dfix.o)
    0x08003026   0x08003026   0x0000002e   Code   RO         3698    x$fpl$dflt          fz_wm.l(dflt_clz.o)
    0x08003054   0x08003054   0x00000154   Code   RO         3703    x$fpl$dmul          fz_wm.l(dmul.o)
    0x080031a8   0x080031a8   0x0000009c   Code   RO         3729    x$fpl$dnaninf       fz_wm.l(dnaninf.o)
    0x08003244   0x08003244   0x0000000c   Code   RO         3731    x$fpl$dretinf       fz_wm.l(dretinf.o)
    0x08003250   0x08003250   0x000001d4   Code   RO         3685    x$fpl$dsub          fz_wm.l(daddsub_clz.o)
    0x08003424   0x08003424   0x00000056   Code   RO         3705    x$fpl$f2d           fz_wm.l(f2d.o)
    0x0800347a   0x0800347a   0x0000008c   Code   RO         3733    x$fpl$fnaninf       fz_wm.l(fnaninf.o)
    0x08003506   0x08003506   0x0000000a   Code   RO         3829    x$fpl$fpinit        fz_wm.l(fpinit.o)
    0x08003510   0x08003510   0x0000000a   Code   RO         3735    x$fpl$fretinf       fz_wm.l(fretinf.o)
    0x0800351a   0x0800351a   0x00000000   Code   RO         3737    x$fpl$usenofp       fz_wm.l(usenofp.o)
    0x0800351a   0x0800351a   0x00000006   PAD
    0x08003520   0x08003520   0x00000008   Data   RO           24    .constdata          main.o
    0x08003528   0x08003528   0x00000008   Data   RO           25    .constdata          main.o
    0x08003530   0x08003530   0x00000008   Data   RO           27    .constdata          main.o
    0x08003538   0x08003538   0x00000010   Data   RO         3487    .constdata          system_stm32f4xx.o
    0x08003548   0x08003548   0x00000008   Data   RO         3488    .constdata          system_stm32f4xx.o
    0x08003550   0x08003550   0x00000010   Data   RO         3528    .constdata          tools.o
    0x08003560   0x08003560   0x00000020   Data   RO         3906    Region$$Table       anon$$obj.o
    0x08003580   0x08003580   0x00000110   Data   RO         3724    locale$$data        c_w.l(lc_ctype_c.o)


    Execution Region RW_IRAM1 (Exec base: 0x20000000, Load base: 0x08003690, Size: 0x00000938, Max: 0x0001c000, ABSOLUTE)

    Exec Addr    Load Addr    Size         Type   Attr      Idx    E Section Name        Object

    0x20000000   0x08003690   0x00000097   Data   RW           28    .data               main.o
    0x20000097   0x08003727   0x00000001   PAD
    0x20000098   0x08003728   0x0000000c   Data   RW         1918    .data               stm32f4xx_hal.o
    0x200000a4   0x08003734   0x00000004   Data   RW         3489    .data               system_stm32f4xx.o
    0x200000a8   0x08003738   0x00000004   Data   RW         3529    .data               tools.o
    0x200000ac   0x0800373c   0x00000004   Data   RW         3673    .data               c_w.l(strtok.o)
    0x200000b0        -       0x0000005c   Zero   RW           22    .bss                main.o
    0x2000010c        -       0x000000a8   Zero   RW          271    .bss                i2c.o
    0x200001b4        -       0x000000d8   Zero   RW          320    .bss                usart.o
    0x2000028c        -       0x00000048   Zero   RW          508    .bss                stm32f4xx_hal_timebase_tim.o
    0x200002d4        -       0x00000060   Zero   RW         3739    .bss                c_w.l(libspace.o)
    0x20000334   0x08003740   0x00000004   PAD
    0x20000338        -       0x00000200   Zero   RW            2    HEAP                startup_stm32f407xx.o
    0x20000538        -       0x00000400   Zero   RW            1    STACK               startup_stm32f407xx.o


    Execution Region RW_IRAM2 (Exec base: 0x2001c000, Load base: 0x08003740, Size: 0x00000000, Max: 0x00004000, ABSOLUTE)

    **** No section assigned to this execution region ****


==============================================================================

Image component sizes


      Code (inc. data)   RO Data    RW Data    ZI Data      Debug   Object Name

       156         10          0          0          0        995   gpio.o
       300         46          0          0        168       2342   i2c.o
       980        100         24        151         92     704652   main.o
       100         18          0          0          0        704   pca9685.o
       332         38          0          0          0       1319   servo.o
        64         26        392          0       1536        840   startup_stm32f407xx.o
       116         18          0         12          0       8690   stm32f4xx_hal.o
       158         14          0          0          0      33014   stm32f4xx_hal_cortex.o
       182          0          0          0          0       2087   stm32f4xx_hal_dma.o
       522         46          0          0          0       2821   stm32f4xx_hal_gpio.o
      1398         32          0          0          0       9329   stm32f4xx_hal_i2c.o
        48          6          0          0          0        846   stm32f4xx_hal_msp.o
      1408         82          0          0          0       5869   stm32f4xx_hal_rcc.o
       748         74          0          0          0       7464   stm32f4xx_hal_tim.o
         4          0          0          0          0       1617   stm32f4xx_hal_tim_ex.o
       152         20          0          0         72       1467   stm32f4xx_hal_timebase_tim.o
      1418         16          0          0          0       9987   stm32f4xx_hal_uart.o
        66         24          0          0          0       5979   stm32f4xx_it.o
        16          4         24          4          0       1115   system_stm32f4xx.o
       736         48         16          4          0       2355   tools.o
       504         54          0          0        216       3579   usart.o

    ----------------------------------------------------------------------
      9434        676        488        172       2084     807071   Object Totals
         0          0         32          0          0          0   (incl. Generated)
        26          0          0          1          0          0   (incl. Padding)

    ----------------------------------------------------------------------

      Code (inc. data)   RO Data    RW Data    ZI Data      Debug   Library Member Name

         8          0          0          0          0         68   __main.o
         0          0          0          0          0          0   __rtentry.o
        12          0          0          0          0          0   __rtentry2.o
         6          0          0          0          0          0   __rtentry4.o
        52          8          0          0          0          0   __scatter.o
        26          0          0          0          0          0   __scatter_copy.o
        28          0          0          0          0          0   __scatter_zi.o
        28          0          0          0          0         68   _chval.o
       158          0          0          0          0         92   _strtoul.o
        26          0          0          0          0         80   atoi.o
        18          0          0          0          0         80   exit.o
         6          0          0          0          0        152   heapauxi.o
         0          0          0          0          0          0   indicate_semi.o
        44         10        272          0          0         76   lc_ctype_c.o
         2          0          0          0          0          0   libinit.o
        24          0          0          0          0          0   libinit2.o
         2          0          0          0          0          0   libshutdown.o
         2          0          0          0          0          0   libshutdown2.o
         8          4          0          0         96         68   libspace.o
       238          0          0          0          0        100   lludivv7m.o
        16          4          0          0          0         76   rt_ctype_table.o
         8          4          0          0          0         68   rt_errno_addr_intlibspace.o
         8          4          0          0          0         68   rt_locale_intlibspace.o
        78          0          0          0          0         80   rt_memclr_w.o
         2          0          0          0          0          0   rtexit.o
        10          0          0          0          0          0   rtexit2.o
       128          0          0          0          0         68   strcmpv7m.o
        32          0          0          0          0         80   strcspn.o
        28          0          0          0          0         80   strspn.o
        12          6          0          4          0         68   strtok.o
        68          4          0          0          0         84   strtok_int.o
       112          0          0          0          0         88   strtol.o
        12          4          0          0          0         68   sys_exit.o
        74          0          0          0          0         80   sys_stackheap_outer.o
         2          0          0          0          0         68   use_no_semi.o
        98          4          0          0          0        140   d2f.o
       804         16          0          0          0        368   daddsub_clz.o
       688        140          0          0          0        256   ddiv.o
        94          4          0          0          0        140   dfix.o
        46          0          0          0          0        116   dflt_clz.o
       340         12          0          0          0        152   dmul.o
       156          4          0          0          0        140   dnaninf.o
        12          0          0          0          0        116   dretinf.o
        86          4          0          0          0        132   f2d.o
       140          4          0          0          0        132   fnaninf.o
        10          0          0          0          0        116   fpinit.o
        10          0          0          0          0        116   fretinf.o
         0          0          0          0          0          0   usenofp.o

    ----------------------------------------------------------------------
      3774        236        272          4        100       3684   Library Totals
        12          0          0          0          4          0   (incl. Padding)

    ----------------------------------------------------------------------

      Code (inc. data)   RO Data    RW Data    ZI Data      Debug   Library Name

      1278         48        272          4         96       1760   c_w.l
      2484        188          0          0          0       1924   fz_wm.l

    ----------------------------------------------------------------------
      3774        236        272          4        100       3684   Library Totals

    ----------------------------------------------------------------------

==============================================================================


      Code (inc. data)   RO Data    RW Data    ZI Data      Debug   

     13208        912        760        176       2184     800819   Grand Totals
     13208        912        760        176       2184     800819   ELF Image Totals
     13208        912        760        176          0          0   ROM Totals

==============================================================================

    Total RO  Size (Code + RO Data)                13968 (  13.64kB)
    Total RW  Size (RW Data + ZI Data)              2360 (   2.30kB)
    Total ROM Size (Code + RO Data + RW Data)      14144 (  13.81kB)

==============================================================================

