Component: ARM Compiler 5.06 update 6 (build 750) Tool: armlink [4d35ed]

==============================================================================

Section Cross References

    startup_stm32f407xx.o(STACK) refers (Special) to heapauxi.o(.text) for __use_two_region_memory
    startup_stm32f407xx.o(HEAP) refers (Special) to heapauxi.o(.text) for __use_two_region_memory
    startup_stm32f407xx.o(RESET) refers (Special) to heapauxi.o(.text) for __use_two_region_memory
    startup_stm32f407xx.o(RESET) refers to startup_stm32f407xx.o(STACK) for __initial_sp
    startup_stm32f407xx.o(RESET) refers to startup_stm32f407xx.o(.text) for Reset_Handler
    startup_stm32f407xx.o(RESET) refers to stm32f4xx_it.o(i.NMI_Handler) for NMI_Handler
    startup_stm32f407xx.o(RESET) refers to stm32f4xx_it.o(i.HardFault_Handler) for HardFault_Handler
    startup_stm32f407xx.o(RESET) refers to stm32f4xx_it.o(i.MemManage_Handler) for MemManage_Handler
    startup_stm32f407xx.o(RESET) refers to stm32f4xx_it.o(i.BusFault_Handler) for BusFault_Handler
    startup_stm32f407xx.o(RESET) refers to stm32f4xx_it.o(i.UsageFault_Handler) for UsageFault_Handler
    startup_stm32f407xx.o(RESET) refers to stm32f4xx_it.o(i.SVC_Handler) for SVC_Handler
    startup_stm32f407xx.o(RESET) refers to stm32f4xx_it.o(i.DebugMon_Handler) for DebugMon_Handler
    startup_stm32f407xx.o(RESET) refers to stm32f4xx_it.o(i.PendSV_Handler) for PendSV_Handler
    startup_stm32f407xx.o(RESET) refers to stm32f4xx_it.o(i.SysTick_Handler) for SysTick_Handler
    startup_stm32f407xx.o(RESET) refers to stm32f4xx_it.o(i.USART1_IRQHandler) for USART1_IRQHandler
    startup_stm32f407xx.o(RESET) refers to stm32f4xx_it.o(i.USART3_IRQHandler) for USART3_IRQHandler
    startup_stm32f407xx.o(RESET) refers to stm32f4xx_it.o(i.TIM7_IRQHandler) for TIM7_IRQHandler
    startup_stm32f407xx.o(.text) refers (Special) to heapauxi.o(.text) for __use_two_region_memory
    startup_stm32f407xx.o(.text) refers to system_stm32f4xx.o(i.SystemInit) for SystemInit
    startup_stm32f407xx.o(.text) refers to __main.o(!!!main) for __main
    startup_stm32f407xx.o(.text) refers to startup_stm32f407xx.o(HEAP) for Heap_Mem
    startup_stm32f407xx.o(.text) refers to startup_stm32f407xx.o(STACK) for Stack_Mem
    main.o(i.HAL_TIM_PeriodElapsedCallback) refers to stm32f4xx_hal.o(i.HAL_IncTick) for HAL_IncTick
    main.o(i.HAL_UART_RxCpltCallback) refers to stm32f4xx_hal_uart.o(i.HAL_UART_Receive_IT) for HAL_UART_Receive_IT
    main.o(i.HAL_UART_RxCpltCallback) refers to strtok.o(.text) for strtok
    main.o(i.HAL_UART_RxCpltCallback) refers to atoi.o(.text) for atoi
    main.o(i.HAL_UART_RxCpltCallback) refers to main.o(.data) for .data
    main.o(i.HAL_UART_RxCpltCallback) refers to usart.o(.bss) for huart3
    main.o(i.HAL_UART_RxCpltCallback) refers to main.o(.bss) for .bss
    main.o(i.Motor_stop) refers to stm32f4xx_hal_uart.o(i.HAL_UART_Transmit_IT) for HAL_UART_Transmit_IT
    main.o(i.Motor_stop) refers to stm32f4xx_hal.o(i.HAL_Delay) for HAL_Delay
    main.o(i.Motor_stop) refers to main.o(.data) for .data
    main.o(i.Motor_stop) refers to usart.o(.bss) for huart1
    main.o(i.Motor_stop) refers to tools.o(.data) for tdata
    main.o(i.ScanQR) refers to stm32f4xx_hal_uart.o(i.HAL_UART_Transmit) for HAL_UART_Transmit
    main.o(i.ScanQR) refers to stm32f4xx_hal_gpio.o(i.HAL_GPIO_TogglePin) for HAL_GPIO_TogglePin
    main.o(i.ScanQR) refers to stm32f4xx_hal.o(i.HAL_Delay) for HAL_Delay
    main.o(i.ScanQR) refers to main.o(.data) for .data
    main.o(i.ScanQR) refers to usart.o(.bss) for huart5
    main.o(i.ScanQR) refers to usart.o(.data) for camChar
    main.o(i.SystemClock_Config) refers to rt_memclr_w.o(.text) for __aeabi_memclr4
    main.o(i.SystemClock_Config) refers to stm32f4xx_hal_rcc.o(i.HAL_RCC_OscConfig) for HAL_RCC_OscConfig
    main.o(i.SystemClock_Config) refers to stm32f4xx_hal_rcc.o(i.HAL_RCC_ClockConfig) for HAL_RCC_ClockConfig
    main.o(i.main) refers to stm32f4xx_hal.o(i.HAL_Init) for HAL_Init
    main.o(i.main) refers to main.o(i.SystemClock_Config) for SystemClock_Config
    main.o(i.main) refers to gpio.o(i.MX_GPIO_Init) for MX_GPIO_Init
    main.o(i.main) refers to usart.o(i.MX_USART1_UART_Init) for MX_USART1_UART_Init
    main.o(i.main) refers to i2c.o(i.MX_I2C1_Init) for MX_I2C1_Init
    main.o(i.main) refers to usart.o(i.MX_USART3_UART_Init) for MX_USART3_UART_Init
    main.o(i.main) refers to usart.o(i.MX_UART5_Init) for MX_UART5_Init
    main.o(i.main) refers to tools.o(i.SetCarSpeed) for SetCarSpeed
    main.o(i.main) refers to stm32f4xx_hal.o(i.HAL_Delay) for HAL_Delay
    main.o(i.main) refers to main.o(i.Motor_stop) for Motor_stop
    main.o(i.main) refers to stm32f4xx_hal_uart.o(i.HAL_UART_Transmit_IT) for HAL_UART_Transmit_IT
    main.o(i.main) refers to stm32f4xx_hal_uart.o(i.HAL_UART_Receive_IT) for HAL_UART_Receive_IT
    main.o(i.main) refers to stm32f4xx_hal_gpio.o(i.HAL_GPIO_TogglePin) for HAL_GPIO_TogglePin
[...]
    ../clib/angel/rt.s                       0x00000000   Number         0  aeabi_ldiv0_sigfpe.o ABSOLUTE
    ../clib/angel/rt.s                       0x00000000   Number         0  rt_ctype_table.o ABSOLUTE
    ../clib/angel/rt.s                       0x00000000   Number         0  rt_raise.o ABSOLUTE
    ../clib/angel/rt.s                       0x00000000   Number         0  rt_div0.o ABSOLUTE
    ../clib/angel/rt.s                       0x00000000   Number         0  rt_locale.o ABSOLUTE
    ../clib/angel/rt.s                       0x00000000   Number         0  rt_locale_intlibspace.o ABSOLUTE
    ../clib/angel/rt.s                       0x00000000   Number         0  aeabi_ldiv0.o ABSOLUTE
    ../clib/angel/rt.s                       0x00000000   Number         0  rt_errno_addr_intlibspace.o ABSOLUTE
    ../clib/angel/scatter.s                  0x00000000   Number         0  __scatter.o ABSOLUTE
    ../clib/angel/startup.s                  0x00000000   Number         0  __main.o ABSOLUTE
    ../clib/angel/sys.s                      0x00000000   Number         0  indicate_semi.o ABSOLUTE
    ../clib/angel/sys.s                      0x00000000   Number         0  use_no_semi.o ABSOLUTE
    ../clib/angel/sys.s                      0x00000000   Number         0  sys_stackheap_outer.o ABSOLUTE
    ../clib/angel/sys.s                      0x00000000   Number         0  libspace.o ABSOLUTE
    ../clib/angel/sysapp.c                   0x00000000   Number         0  sys_command.o ABSOLUTE
    ../clib/angel/sysapp.c                   0x00000000   Number         0  sys_wrch.o ABSOLUTE
    ../clib/angel/sysapp.c                   0x00000000   Number         0  sys_exit.o ABSOLUTE
    ../clib/armsys.c                         0x00000000   Number         0  argv_veneer.o ABSOLUTE
    ../clib/armsys.c                         0x00000000   Number         0  _get_argv_nomalloc.o ABSOLUTE
    ../clib/armsys.c                         0x00000000   Number         0  no_argv.o ABSOLUTE
    ../clib/armsys.c                         0x00000000   Number         0  argv_veneer.o ABSOLUTE
    ../clib/heapalloc.c                      0x00000000   Number         0  hrguard.o ABSOLUTE
    ../clib/heapaux.c                        0x00000000   Number         0  heapauxi.o ABSOLUTE
    ../clib/libinit.s                        0x00000000   Number         0  libshutdown.o ABSOLUTE
    ../clib/libinit.s                        0x00000000   Number         0  libinit2.o ABSOLUTE
    ../clib/libinit.s                        0x00000000   Number         0  libshutdown2.o ABSOLUTE
    ../clib/libinit.s                        0x00000000   Number         0  libinit.o ABSOLUTE
    ../clib/locale.s                         0x00000000   Number         0  lc_ctype_c.o ABSOLUTE
    ../clib/longlong.s                       0x00000000   Number         0  lludivv7m.o ABSOLUTE
    ../clib/memcpset.s                       0x00000000   Number         0  strcmpv7m.o ABSOLUTE
    ../clib/memcpset.s                       0x00000000   Number         0  rt_memclr_w.o ABSOLUTE
    ../clib/scanf.c                          0x00000000   Number         0  atoi.o ABSOLUTE
    ../clib/scanf.c                          0x00000000   Number         0  _strtoul.o ABSOLUTE
    ../clib/scanf.c                          0x00000000   Number         0  _chval.o ABSOLUTE
    ../clib/scanf.c                          0x00000000   Number         0  strtol.o ABSOLUTE
    ../clib/signal.c                         0x00000000   Number         0  defsig_fpe_formal.o ABSOLUTE
    ../clib/signal.c                         0x00000000   Number         0  defsig_other.o ABSOLUTE
    ../clib/signal.c                         0x00000000   Number         0  __raise.o ABSOLUTE
    ../clib/signal.c                         0x00000000   Number         0  defsig_abrt_inner.o ABSOLUTE
    ../clib/signal.c                         0x00000000   Number         0  defsig_rtred_inner.o ABSOLUTE
    ../clib/signal.c                         0x00000000   Number         0  defsig_exit.o ABSOLUTE
    ../clib/signal.c                         0x00000000   Number         0  defsig_rtmem_inner.o ABSOLUTE
    ../clib/signal.c                         0x00000000   Number         0  defsig_fpe_inner.o ABSOLUTE
    ../clib/signal.c                         0x00000000   Number         0  defsig_rtmem_outer.o ABSOLUTE
    ../clib/signal.c                         0x00000000   Number         0  defsig_segv_inner.o ABSOLUTE
    ../clib/signal.c                         0x00000000   Number         0  defsig_rtmem_formal.o ABSOLUTE
    ../clib/signal.c                         0x00000000   Number         0  defsig_cppl_inner.o ABSOLUTE
    ../clib/signal.c                         0x00000000   Number         0  defsig_general.o ABSOLUTE
    ../clib/signal.c                         0x00000000   Number         0  defsig_fpe_outer.o ABSOLUTE
    ../clib/signal.c                         0x00000000   Number         0  defsig_pvfn_inner.o ABSOLUTE
    ../clib/signal.c                         0x00000000   Number         0  defsig_stak_inner.o ABSOLUTE
    ../clib/signal.s                         0x00000000   Number         0  defsig.o ABSOLUTE
    ../clib/stdlib.c                         0x00000000   Number         0  exit.o ABSOLUTE
    ../clib/string.c                         0x00000000   Number         0  strtok.o ABSOLUTE
    ../clib/string.c                         0x00000000   Number         0  strtok_int.o ABSOLUTE
    ../clib/string.c                         0x00000000   Number         0  strcspn.o ABSOLUTE
    ../clib/string.c                         0x00000000   Number         0  strspn.o ABSOLUTE
    ../fplib/d2f.s                           0x00000000   Number         0  d2f.o ABSOLUTE
    ../fplib/daddsub.s                       0x00000000   Number         0  daddsub_clz.o ABSOLUTE
    ../fplib/ddiv.s                          0x00000000   Number         0  ddiv.o ABSOLUTE
    ../fplib/dfix.s                          0x00000000   Number         0  dfix.o ABSOLUTE
    ../fplib/dmul.s                          0x00000000   Number         0  dmul.o ABSOLUTE
    ../fplib/dnaninf.s                       0x00000000   Number         0  dnaninf.o ABSOLUTE
    ../fplib/dretinf.s                       0x00000000   Number         0  dretinf.o ABSOLUTE
    ../fplib/f2d.s                           0x00000000   Number         0  f2d.o ABSOLUTE
    ../fplib/fnaninf.s                       0x00000000   Number         0  fnaninf.o ABSOLUTE
    ../fplib/fpinit.s                        0x00000000   Number         0  fpinit.o ABSOLUTE
    ../fplib/fretinf.s                       0x00000000   Number         0  fretinf.o ABSOLUTE
    ../fplib/usenofp.s                       0x00000000   Number         0  usenofp.o ABSOLUTE
    ..\Core\Src\gpio.c                       0x00000000   Number         0  gpio.o ABSOLUTE
    ..\Core\Src\i2c.c                        0x00000000   Number         0  i2c.o ABSOLUTE
    ..\Core\Src\main.c                       0x00000000   Number         0  main.o ABSOLUTE
    ..\Core\Src\stm32f4xx_hal_msp.c          0x00000000   Number         0  stm32f4xx_hal_msp.o ABSOLUTE
    ..\Core\Src\stm32f4xx_hal_timebase_tim.c 0x00000000   Number         0  stm32f4xx_hal_timebase_tim.o ABSOLUTE
    ..\Core\Src\stm32f4xx_it.c               0x00000000   Number         0  stm32f4xx_it.o ABSOLUTE
    ..\Core\Src\system_stm32f4xx.c           0x00000000   Number         0  system_stm32f4xx.o ABSOLUTE
    ..\Core\Src\usart.c                      0x00000000   Number         0  usart.o ABSOLUTE
    ..\Drivers\STM32F4xx_HAL_Driver\Src\stm32f4xx_hal.c 0x00000000   Number         0  stm32f4xx_hal.o ABSOLUTE
    ..\Drivers\STM32F4xx_HAL_Driver\Src\stm32f4xx_hal_cortex.c 0x00000000   Number         0  stm32f4xx_hal_cortex.o ABSOLUTE
    ..\Drivers\STM32F4xx_HAL_Driver\Src\stm32f4xx_hal_dma.c 0x00000000   Number         0  stm32f4xx_hal_dma.o ABSOLUTE
    ..\Drivers\STM32F4xx_HAL_Driver\Src\stm32f4xx_hal_dma_ex.c 0x00000000   Number         0  stm32f4xx_hal_dma_ex.o ABSOLUTE
    ..\Drivers\STM32F4xx_HAL_Driver\Src\stm32f4xx_hal_exti.c 0x00000000   Number         0  stm32f4xx_hal_exti.o ABSOLUTE
    ..\Drivers\STM32F4xx_HAL_Driver\Src\stm32f4xx_hal_flash.c 0x00000000   Number         0  stm32f4xx_hal_flash.o ABSOLUTE
    ..\Drivers\STM32F4xx_HAL_Driver\Src\stm32f4xx_hal_flash_ex.c 0x00000000   Number         0  stm32f4xx_hal_flash_ex.o ABSOLUTE
    ..\Drivers\STM32F4xx_HAL_Driver\Src\stm32f4xx_hal_flash_ramfunc.c 0x00000000   Number         0  stm32f4xx_hal_flash_ramfunc.o ABSOLUTE
    ..\Drivers\STM32F4xx_HAL_Driver\Src\stm32f4xx_hal_gpio.c 0x00000000   Number         0  stm32f4xx_hal_gpio.o ABSOLUTE
    ..\Drivers\STM32F4xx_HAL_Driver\Src\stm32f4xx_hal_i2c.c 0x00000000   Number         0  stm32f4xx_hal_i2c.o ABSOLUTE
    ..\Drivers\STM32F4xx_HAL_Driver\Src\stm32f4xx_hal_i2c_ex.c 0x00000000   Number         0  stm32f4xx_hal_i2c_ex.o ABSOLUTE
    ..\Drivers\STM32F4xx_HAL_Driver\Src\stm32f4xx_hal_pwr.c 0x00000000   Number         0  stm32f4xx_hal_pwr.o ABSOLUTE
    ..\Drivers\STM32F4xx_HAL_Driver\Src\stm32f4xx_hal_pwr_ex.c 0x00000000   Number         0  stm32f4xx_hal_pwr_ex.o ABSOLUTE
    ..\Drivers\STM32F4xx_HAL_Driver\Src\stm32f4xx_hal_rcc.c 0x00000000   Number         0  stm32f4xx_hal_rcc.o ABSOLUTE
    ..\Drivers\STM32F4xx_HAL_Driver\Src\stm32f4xx_hal_rcc_ex.c 0x00000000   Number         0  stm32f4xx_hal_rcc_ex.o ABSOLUTE
    ..\Drivers\STM32F4xx_HAL_Driver\Src\stm32f4xx_hal_tim.c 0x00000000   Number         0  stm32f4xx_hal_tim.o ABSOLUTE
    ..\Drivers\STM32F4xx_HAL_Driver\Src\stm32f4xx_hal_tim_ex.c 0x00000000   Number         0  stm32f4xx_hal_tim_ex.o ABSOLUTE
    ..\Drivers\STM32F4xx_HAL_Driver\Src\stm32f4xx_hal_uart.c 0x00000000   Number         0  stm32f4xx_hal_uart.o ABSOLUTE
    ..\PCA9685\pca9685.c                     0x00000000   Number         0  pca9685.o ABSOLUTE
    ..\Servo\servo.c                         0x00000000   Number         0  servo.o ABSOLUTE
    ..\Tools\tools.c                         0x00000000   Number         0  tools.o ABSOLUTE
    ..\\PCA9685\\pca9685.c                   0x00000000   Number         0  pca9685.o ABSOLUTE
    ..\\Servo\\servo.c                       0x00000000   Number         0  servo.o ABSOLUTE
    ..\\Tools\\tools.c                       0x00000000   Number         0  tools.o ABSOLUTE
    dc.s                                     0x00000000   Number         0  dc.o ABSOLUTE
    startup_stm32f407xx.s                    0x00000000   Number         0  startup_stm32f407xx.o ABSOLUTE
    RESET                                    0x08000000   Section      392  startup_stm32f407xx.o(RESET)
    !!!main                                  0x08000188   Section        8  __main.o(!!!main)
    !!!scatter                               0x08000190   Section       52  __scatter.o(!!!scatter)
    !!handler_copy                           0x080001c4   Section       26  __scatter_copy.o(!!handler_copy)
    !!handler_zi                             0x080001e0   Section       28  __scatter_zi.o(!!handler_zi)
    .ARM.Collect$$libinit$$00000000          0x080001fc   Section        2  libinit.o(.ARM.Collect$$libinit$$00000000)
    .ARM.Collect$$libinit$$00000001          0x080001fe   Section        4  libinit2.o(.ARM.Collect$$libinit$$00000001)
    .ARM.Collect$$libinit$$00000004          0x08000202   Section        0  libinit2.o(.ARM.Collect$$libinit$$00000004)
    .ARM.Collect$$libinit$$0000000A          0x08000202   Section        0  libinit2.o(.ARM.Collect$$libinit$$0000000A)
    .ARM.Collect$$libinit$$0000000C          0x08000202   Section        0  libinit2.o(.ARM.Collect$$libinit$$0000000C)
    .ARM.Collect$$libinit$$0000000E          0x08000202   Section        0  libinit2.o(.ARM.Collect$$libinit$$0000000E)
    .ARM.Collect$$libinit$$0000000F          0x08000202   Section        6  libinit2.o(.ARM.Collect$$libinit$$0000000F)
    .ARM.Collect$$libinit$$00000011          0x08000208   Section        0  libinit2.o(.ARM.Collect$$libinit$$00000011)
    .ARM.Collect$$libinit$$00000012          0x08000208   Section       12  libinit2.o(.ARM.Collect$$libinit$$00000012)
    .ARM.Collect$$libinit$$00000013          0x08000214   Section        0  libinit2.o(.ARM.Collect$$libinit$$00000013)
    .ARM.Collect$$libinit$$00000015          0x08000214   Section        0  libinit2.o(.ARM.Collect$$libinit$$00000015)
    .ARM.Collect$$libinit$$00000017          0x08000214   Section        0  libinit2.o(.ARM.Collect$$libinit$$00000017)
    .ARM.Collect$$libinit$$00000019          0x08000214   Section        0  libinit2.o(.ARM.Collect$$libinit$$00000019)
    .ARM.Collect$$libinit$$0000001B          0x08000214   Section        0  libinit2.o(.ARM.Collect$$libinit$$0000001B)
    .ARM.Collect$$libinit$$0000001D          0x08000214   Section        0  libinit2.o(.ARM.Collect$$libinit$$0000001D)
    .ARM.Collect$$libinit$$0000001F          0x08000214   Section        0  libinit2.o(.ARM.Collect$$libinit$$0000001F)
    .ARM.Collect$$libinit$$00000021          0x08000214   Section        0  libinit2.o(.ARM.Collect$$libinit$$00000021)
    .ARM.Collect$$libinit$$00000023          0x08000214   Section        0  libinit2.o(.ARM.Collect$$libinit$$00000023)
    .ARM.Collect$$libinit$$00000025          0x08000214   Section        0  libinit2.o(.ARM.Collect$$libinit$$00000025)
    .ARM.Collect$$libinit$$0000002C          0x08000214   Section        0  libinit2.o(.ARM.Collect$$libinit$$0000002C)
    .ARM.Collect$$libinit$$0000002E          0x08000214   Section        0  libinit2.o(.ARM.Collect$$libinit$$0000002E)
    .ARM.Collect$$libinit$$00000030          0x08000214   Section        0  libinit2.o(.ARM.Collect$$libinit$$00000030)
    .ARM.Collect$$libinit$$00000032          0x08000214   Section        0  libinit2.o(.ARM.Collect$$libinit$$00000032)
    .ARM.Collect$$libinit$$00000033          0x08000214   Section        2  libinit2.o(.ARM.Collect$$libinit$$00000033)
    .ARM.Collect$$libshutdown$$00000000      0x08000216   Section        2  libshutdown.o(.ARM.Collect$$libshutdown$$00000000)
    .ARM.Collect$$libshutdown$$00000002      0x08000218   Section        0  libshutdown2.o(.ARM.Collect$$libshutdown$$00000002)
    .ARM.Collect$$libshutdown$$00000004      0x08000218   Section        0  libshutdown2.o(.ARM.Collect$$libshutdown$$00000004)
    .ARM.Collect$$libshutdown$$00000007      0x08000218   Section        0  libshutdown2.o(.ARM.Collect$$libshutdown$$00000007)
    .ARM.Collect$$libshutdown$$0000000A      0x08000218   Section        0  libshutdown2.o(.ARM.Collect$$libshutdown$$0000000A)
    .ARM.Collect$$libshutdown$$0000000C      0x08000218   Section        0  libshutdown2.o(.ARM.Collect$$libshutdown$$0000000C)
    .ARM.Collect$$libshutdown$$0000000F      0x08000218   Section        0  libshutdown2.o(.ARM.Collect$$libshutdown$$0000000F)
    .ARM.Collect$$libshutdown$$00000010      0x08000218   Section        2  libshutdown2.o(.ARM.Collect$$libshutdown$$00000010)
    .ARM.Collect$$rtentry$$00000000          0x0800021a   Section        0  __rtentry.o(.ARM.Collect$$rtentry$$00000000)
    .ARM.Collect$$rtentry$$00000002          0x0800021a   Section        0  __rtentry2.o(.ARM.Collect$$rtentry$$00000002)
    .ARM.Collect$$rtentry$$00000004          0x0800021a   Section        6  __rtentry4.o(.ARM.Collect$$rtentry$$00000004)
    .ARM.Collect$$rtentry$$00000009          0x08000220   Section        0  __rtentry2.o(.ARM.Collect$$rtentry$$00000009)
    .ARM.Collect$$rtentry$$0000000A          0x08000220   Section        4  __rtentry2.o(.ARM.Collect$$rtentry$$0000000A)
    .ARM.Collect$$rtentry$$0000000C          0x08000224   Section        0  __rtentry2.o(.ARM.Collect$$rtentry$$0000000C)
    .ARM.Collect$$rtentry$$0000000D          0x08000224   Section        8  __rtentry2.o(.ARM.Collect$$rtentry$$0000000D)
    .ARM.Collect$$rtexit$$00000000           0x0800022c   Section        2  rtexit.o(.ARM.Collect$$rtexit$$00000000)
    .ARM.Collect$$rtexit$$00000002           0x0800022e   Section        0  rtexit2.o(.ARM.Collect$$rtexit$$00000002)
    .ARM.Collect$$rtexit$$00000003           0x0800022e   Section        4  rtexit2.o(.ARM.Collect$$rtexit$$00000003)
    .ARM.Collect$$rtexit$$00000004           0x08000232   Section        6  rtexit2.o(.ARM.Collect$$rtexit$$00000004)
    .text                                    0x08000238   Section       64  startup_stm32f407xx.o(.text)
    $v0                                      0x08000238   Number         0  startup_stm32f407xx.o(.text)
    .text                                    0x08000278   Section      238  lludivv7m.o(.text)
    .text                                    0x08000366   Section        0  atoi.o(.text)
    .text                                    0x08000380   Section        0  strtok.o(.text)
    .text                                    0x0800038c   Section       78  rt_memclr_w.o(.text)
    .text                                    0x080003da   Section        0  heapauxi.o(.text)
    .text                                    0x080003e0   Section        8  rt_errno_addr_intlibspace.o(.text)
    .text                                    0x080003e8   Section        0  strtol.o(.text)
    .text                                    0x08000458   Section        0  strtok_int.o(.text)
    .text                                    0x0800049c   Section        8  libspace.o(.text)
    .text                                    0x080004a4   Section       16  rt_ctype_table.o(.text)
    .text                                    0x080004b4   Section        0  _strtoul.o(.text)
    .text                                    0x08000552   Section        0  strcspn.o(.text)
    .text                                    0x08000572   Section        0  strspn.o(.text)
    .text                                    0x0800058e   Section       74  sys_stackheap_outer.o(.text)
    .text                                    0x080005d8   Section        8  rt_locale_intlibspace.o(.text)
    .text                                    0x080005e0   Section        0  _chval.o(.text)
    .text                                    0x080005fc   Section        0  exit.o(.text)
    .text                                    0x08000610   Section      128  strcmpv7m.o(.text)
    .text                                    0x08000690   Section        0  sys_exit.o(.text)
    .text                                    0x0800069c   Section        2  use_no_semi.o(.text)
    .text                                    0x0800069e   Section        0  indicate_semi.o(.text)
    i.BusFault_Handler                       0x0800069e   Section        0  stm32f4xx_it.o(i.BusFault_Handler)
    i.DebugMon_Handler                       0x080006a0   Section        0  stm32f4xx_it.o(i.DebugMon_Handler)
    i.Error_Handler                          0x080006a2   Section        0  main.o(i.Error_Handler)
    i.HAL_DMA_Abort                          0x080006a6   Section        0  stm32f4xx_hal_dma.o(i.HAL_DMA_Abort)
    i.HAL_DMA_Abort_IT                       0x08000738   Section        0  stm32f4xx_hal_dma.o(i.HAL_DMA_Abort_IT)
    i.HAL_Delay                              0x0800075c   Section        0  stm32f4xx_hal.o(i.HAL_Delay)
    i.HAL_GPIO_Init                          0x08000780   Section        0  stm32f4xx_hal_gpio.o(i.HAL_GPIO_Init)
    i.HAL_GPIO_TogglePin                     0x08000970   Section        0  stm32f4xx_hal_gpio.o(i.HAL_GPIO_TogglePin)
    i.HAL_GPIO_WritePin                      0x08000980   Section        0  stm32f4xx_hal_gpio.o(i.HAL_GPIO_WritePin)
    i.HAL_GetTick                            0x0800098c   Section        0  stm32f4xx_hal.o(i.HAL_GetTick)
    i.HAL_I2C_Init                           0x08000998   Section        0  stm32f4xx_hal_i2c.o(i.HAL_I2C_Init)
    i.HAL_I2C_MspInit                        0x08000b20   Section        0  i2c.o(i.HAL_I2C_MspInit)
    i.HAL_IncTick                            0x08000b88   Section        0  stm32f4xx_hal.o(i.HAL_IncTick)
    i.HAL_Init                               0x08000b98   Section        0  stm32f4xx_hal.o(i.HAL_Init)
    i.HAL_InitTick                           0x08000bcc   Section        0  stm32f4xx_hal_timebase_tim.o(i.HAL_InitTick)
    i.HAL_MspInit                            0x08000c64   Section        0  stm32f4xx_hal_msp.o(i.HAL_MspInit)
    i.HAL_NVIC_EnableIRQ                     0x08000c94   Section        0  stm32f4xx_hal_cortex.o(i.HAL_NVIC_EnableIRQ)
    i.HAL_NVIC_SetPriority                   0x08000cb0   Section        0  stm32f4xx_hal_cortex.o(i.HAL_NVIC_SetPriority)
    i.HAL_NVIC_SetPriorityGrouping           0x08000cf0   Section        0  stm32f4xx_hal_cortex.o(i.HAL_NVIC_SetPriorityGrouping)
    i.HAL_RCC_ClockConfig                    0x08000d14   Section        0  stm32f4xx_hal_rcc.o(i.HAL_RCC_ClockConfig)
    i.HAL_RCC_GetClockConfig                 0x08000e48   Section        0  stm32f4xx_hal_rcc.o(i.HAL_RCC_GetClockConfig)
    i.HAL_RCC_GetPCLK1Freq                   0x08000e88   Section        0  stm32f4xx_hal_rcc.o(i.HAL_RCC_GetPCLK1Freq)
    i.HAL_RCC_GetPCLK2Freq                   0x08000ea8   Section        0  stm32f4xx_hal_rcc.o(i.HAL_RCC_GetPCLK2Freq)
    i.HAL_RCC_GetSysClockFreq                0x08000ec8   Section        0  stm32f4xx_hal_rcc.o(i.HAL_RCC_GetSysClockFreq)
    i.HAL_RCC_OscConfig                      0x08000f28   Section        0  stm32f4xx_hal_rcc.o(i.HAL_RCC_OscConfig)
    i.HAL_TIMEx_BreakCallback                0x08001294   Section        0  stm32f4xx_hal_tim_ex.o(i.HAL_TIMEx_BreakCallback)
    i.HAL_TIMEx_CommutCallback               0x08001296   Section        0  stm32f4xx_hal_tim_ex.o(i.HAL_TIMEx_CommutCallback)
    i.HAL_TIM_Base_Init                      0x08001298   Section        0  stm32f4xx_hal_tim.o(i.HAL_TIM_Base_Init)
    i.HAL_TIM_Base_MspInit                   0x080012f2   Section        0  stm32f4xx_hal_tim.o(i.HAL_TIM_Base_MspInit)
    i.HAL_TIM_Base_Start_IT                  0x080012f4   Section        0  stm32f4xx_hal_tim.o(i.HAL_TIM_Base_Start_IT)
    i.HAL_TIM_IC_CaptureCallback             0x08001374   Section        0  stm32f4xx_hal_tim.o(i.HAL_TIM_IC_CaptureCallback)
    i.HAL_TIM_IRQHandler                     0x08001376   Section        0  stm32f4xx_hal_tim.o(i.HAL_TIM_IRQHandler)
    i.HAL_TIM_OC_DelayElapsedCallback        0x080014a6   Section        0  stm32f4xx_hal_tim.o(i.HAL_TIM_OC_DelayElapsedCallback)
    i.HAL_TIM_PWM_PulseFinishedCallback      0x080014a8   Section        0  stm32f4xx_hal_tim.o(i.HAL_TIM_PWM_PulseFinishedCallback)
    i.HAL_TIM_PeriodElapsedCallback          0x080014ac   Section        0  main.o(i.HAL_TIM_PeriodElapsedCallback)
    i.HAL_TIM_TriggerCallback                0x080014c0   Section        0  stm32f4xx_hal_tim.o(i.HAL_TIM_TriggerCallback)
    i.HAL_UARTEx_RxEventCallback             0x080014c2   Section        0  stm32f4xx_hal_uart.o(i.HAL_UARTEx_RxEventCallback)
    i.HAL_UART_ErrorCallback                 0x080014c4   Section        0  stm32f4xx_hal_uart.o(i.HAL_UART_ErrorCallback)
    i.HAL_UART_IRQHandler                    0x080014c8   Section        0  stm32f4xx_hal_uart.o(i.HAL_UART_IRQHandler)
    i.HAL_UART_Init                          0x08001738   Section        0  stm32f4xx_hal_uart.o(i.HAL_UART_Init)
    i.HAL_UART_MspInit                       0x0800179c   Section        0  usart.o(i.HAL_UART_MspInit)
    i.HAL_UART_Receive_IT                    0x080018dc   Section        0  stm32f4xx_hal_uart.o(i.HAL_UART_Receive_IT)
    i.HAL_UART_RxCpltCallback                0x080018f8   Section        0  main.o(i.HAL_UART_RxCpltCallback)
    i.HAL_UART_Transmit_IT                   0x08001968   Section        0  stm32f4xx_hal_uart.o(i.HAL_UART_Transmit_IT)
    i.HAL_UART_TxCpltCallback                0x0800199a   Section        0  stm32f4xx_hal_uart.o(i.HAL_UART_TxCpltCallback)
    i.HardFault_Handler                      0x0800199c   Section        0  stm32f4xx_it.o(i.HardFault_Handler)
    i.MX_GPIO_Init                           0x080019a0   Section        0  gpio.o(i.MX_GPIO_Init)
    i.MX_I2C1_Init                           0x08001a3c   Section        0  i2c.o(i.MX_I2C1_Init)
    i.MX_UART5_Init                          0x08001a7c   Section        0  usart.o(i.MX_UART5_Init)
    i.MX_USART1_UART_Init                    0x08001ab4   Section        0  usart.o(i.MX_USART1_UART_Init)
    i.MX_USART3_UART_Init                    0x08001aec   Section        0  usart.o(i.MX_USART3_UART_Init)
    i.MemManage_Handler                      0x08001b24   Section        0  stm32f4xx_it.o(i.MemManage_Handler)
    i.Motor_SetSpeed                         0x08001b28   Section        0  tools.o(i.Motor_SetSpeed)
    i.Motor_stop                             0x08001b68   Section        0  main.o(i.Motor_stop)
    i.NMI_Handler                            0x08001bd0   Section        0  stm32f4xx_it.o(i.NMI_Handler)
    i.PendSV_Handler                         0x08001bd2   Section        0  stm32f4xx_it.o(i.PendSV_Handler)
    i.SVC_Handler                            0x08001bd4   Section        0  stm32f4xx_it.o(i.SVC_Handler)
    i.SetCarSpeed                            0x08001bd8   Section        0  tools.o(i.SetCarSpeed)
    i.SysTick_Handler                        0x08001e78   Section        0  stm32f4xx_it.o(i.SysTick_Handler)
    i.SystemClock_Config                     0x08001e7c   Section        0  main.o(i.SystemClock_Config)
    i.SystemInit                             0x08001f10   Section        0  system_stm32f4xx.o(i.SystemInit)
    i.TIM7_IRQHandler                        0x08001f20   Section        0  stm32f4xx_it.o(i.TIM7_IRQHandler)
    i.TIM_Base_SetConfig                     0x08001f2c   Section        0  stm32f4xx_hal_tim.o(i.TIM_Base_SetConfig)
    i.UART_DMAAbortOnError                   0x08002004   Section        0  stm32f4xx_hal_uart.o(i.UART_DMAAbortOnError)
    UART_DMAAbortOnError                     0x08002005   Thumb Code    16  stm32f4xx_hal_uart.o(i.UART_DMAAbortOnError)
    i.UART_EndRxTransfer                     0x08002014   Section        0  stm32f4xx_hal_uart.o(i.UART_EndRxTransfer)
    UART_EndRxTransfer                       0x08002015   Thumb Code    78  stm32f4xx_hal_uart.o(i.UART_EndRxTransfer)
    i.UART_Receive_IT                        0x08002062   Section        0  stm32f4xx_hal_uart.o(i.UART_Receive_IT)
    UART_Receive_IT                          0x08002063   Thumb Code   194  stm32f4xx_hal_uart.o(i.UART_Receive_IT)
    i.UART_SetConfig                         0x08002124   Section        0  stm32f4xx_hal_uart.o(i.UART_SetConfig)
    UART_SetConfig                           0x08002125   Thumb Code   258  stm32f4xx_hal_uart.o(i.UART_SetConfig)
    i.UART_Start_Receive_IT                  0x08002230   Section        0  stm32f4xx_hal_uart.o(i.UART_Start_Receive_IT)
    i.USART1_IRQHandler                      0x08002268   Section        0  stm32f4xx_it.o(i.USART1_IRQHandler)
    i.USART3_IRQHandler                      0x08002274   Section        0  stm32f4xx_it.o(i.USART3_IRQHandler)
    i.UsageFault_Handler                     0x08002280   Section        0  stm32f4xx_it.o(i.UsageFault_Handler)
    i.__NVIC_SetPriority                     0x08002282   Section        0  stm32f4xx_hal_cortex.o(i.__NVIC_SetPriority)
    __NVIC_SetPriority                       0x08002283   Thumb Code    32  stm32f4xx_hal_cortex.o(i.__NVIC_SetPriority)
    i.main                                   0x080022a4   Section        0  main.o(i.main)
    locale$$code                             0x0800236c   Section       44  lc_ctype_c.o(locale$$code)
    x$fpl$d2f                                0x08002398   Section       98  d2f.o(x$fpl$d2f)
    $v0                                      0x08002398   Number         0  d2f.o(x$fpl$d2f)
    x$fpl$dadd                               0x080023fc   Section      336  daddsub_clz.o(x$fpl$dadd)
    $v0                                      0x080023fc   Number         0  daddsub_clz.o(x$fpl$dadd)
    _dadd1                                   0x0800240d   Thumb Code     0  daddsub_clz.o(x$fpl$dadd)
    x$fpl$ddiv                               0x0800254c   Section      688  ddiv.o(x$fpl$ddiv)
    $v0                                      0x0800254c   Number         0  ddiv.o(x$fpl$ddiv)
    ddiv_entry                               0x08002553   Thumb Code     0  ddiv.o(x$fpl$ddiv)
    x$fpl$dfix                               0x080027fc   Section       94  dfix.o(x$fpl$dfix)
    $v0                                      0x080027fc   Number         0  dfix.o(x$fpl$dfix)
    x$fpl$dmul                               0x0800285c   Section      340  dmul.o(x$fpl$dmul)
    $v0                                      0x0800285c   Number         0  dmul.o(x$fpl$dmul)
    x$fpl$dnaninf                            0x080029b0   Section      156  dnaninf.o(x$fpl$dnaninf)
    $v0                                      0x080029b0   Number         0  dnaninf.o(x$fpl$dnaninf)
    x$fpl$dretinf                            0x08002a4c   Section       12  dretinf.o(x$fpl$dretinf)
    $v0                                      0x08002a4c   Number         0  dretinf.o(x$fpl$dretinf)
    x$fpl$dsub                               0x08002a58   Section      468  daddsub_clz.o(x$fpl$dsub)
    $v0                                      0x08002a58   Number         0  daddsub_clz.o(x$fpl$dsub)
    _dsub1                                   0x08002a69   Thumb Code     0  daddsub_clz.o(x$fpl$dsub)
    x$fpl$f2d                                0x08002c2c   Section       86  f2d.o(x$fpl$f2d)
    $v0                                      0x08002c2c   Number         0  f2d.o(x$fpl$f2d)
    x$fpl$fnaninf                            0x08002c82   Section      140  fnaninf.o(x$fpl$fnaninf)
    $v0                                      0x08002c82   Number         0  fnaninf.o(x$fpl$fnaninf)
    x$fpl$fpinit                             0x08002d0e   Section       10  fpinit.o(x$fpl$fpinit)
    $v0                                      0x08002d0e   Number         0  fpinit.o(x$fpl$fpinit)
    x$fpl$fretinf                            0x08002d18   Section       10  fretinf.o(x$fpl$fretinf)
    $v0                                      0x08002d18   Number         0  fretinf.o(x$fpl$fretinf)
    x$fpl$usenofp                            0x08002d22   Section        0  usenofp.o(x$fpl$usenofp)
    .constdata                               0x08002d28   Section        8  main.o(.constdata)
    .constdata                               0x08002d30   Section        8  main.o(.constdata)
    .constdata                               0x08002d38   Section        8  main.o(.constdata)
    .constdata                               0x08002d40   Section       16  system_stm32f4xx.o(.constdata)
    .constdata                               0x08002d50   Section        8  system_stm32f4xx.o(.constdata)
    .constdata                               0x08002d58   Section       16  tools.o(.constdata)
    locale$$data                             0x08002d88   Section      272  lc_ctype_c.o(locale$$data)
    __lcctype_c_name                         0x08002d8c   Data           2  lc_ctype_c.o(locale$$data)
    __lcctype_c_start                        0x08002d94   Data           0  lc_ctype_c.o(locale$$data)
    __lcctype_c_end                          0x08002e98   Data           0  lc_ctype_c.o(locale$$data)
    .data                                    0x20000000   Section       38  main.o(.data)
    rx_byte                                  0x20000002   Data           1  main.o(.data)
    .data                                    0x20000028   Section       12  stm32f4xx_hal.o(.data)
    .data                                    0x20000034   Section        4  system_stm32f4xx.o(.data)
    .data                                    0x20000038   Section        4  tools.o(.data)
    .data                                    0x2000003c   Section        4  strtok.o(.data)
    _strtok_saves1                           0x2000003c   Data           4  strtok.o(.data)
    .bss                                     0x20000040   Section       64  main.o(.bss)
    .bss                                     0x20000080   Section       84  i2c.o(.bss)
    .bss                                     0x200000d4   Section      216  usart.o(.bss)
    .bss                                     0x200001ac   Section       72  stm32f4xx_hal_timebase_tim.o(.bss)
    .bss                                     0x200001f4   Section       96  libspace.o(.bss)
    HEAP                                     0x20000258   Section      512  startup_stm32f407xx.o(HEAP)
    Heap_Mem                                 0x20000258   Data         512  startup_stm32f407xx.o(HEAP)
    STACK                                    0x20000458   Section     1024  startup_stm32f407xx.o(STACK)
    Stack_Mem                                0x20000458   Data        1024  startup_stm32f407xx.o(STACK)
    __initial_sp                             0x20000858   Data           0  startup_stm32f407xx.o(STACK)

    Global Symbols

    Symbol Name                              Value     Ov Type        Size  Object(Section)

    BuildAttributes$$THM_ISAv4$E$P$D$K$B$S$7EM$VFPi3$EXTD16$VFPS$VFMA$PE$A:L22UL41UL21$X:L11$S22US41US21$IEEE1$IW$USESV6$~STKCKD$USESV7$~SHL$OSPACE$ROPI$EBA8$UX$STANDARDLIB$REQ8$PRES8$EABIv2 0x00000000   Number         0  anon$$obj.o ABSOLUTE
    __ARM_use_no_argv                        0x00000000   Number         0  main.o ABSOLUTE
    __ARM_exceptions_init                     - Undefined Weak Reference
    __alloca_initialize                       - Undefined Weak Reference
    __arm_preinit_                            - Undefined Weak Reference
    __cpp_initialize__aeabi_                  - Undefined Weak Reference
    __cxa_finalize                            - Undefined Weak Reference
    __sigvec_lookup                           - Undefined Weak Reference
    _atexit_init                              - Undefined Weak Reference
    _call_atexit_fns                          - Undefined Weak Reference
    _clock_init                               - Undefined Weak Reference
    _fp_trap_init                             - Undefined Weak Reference
    _fp_trap_shutdown                         - Undefined Weak Reference
    _get_lc_collate                           - Undefined Weak Reference
    _get_lc_monetary                          - Undefined Weak Reference
    _get_lc_numeric                           - Undefined Weak Reference
    _get_lc_time                              - Undefined Weak Reference
    _getenv_init                              - Undefined Weak Reference
    _handle_redirection                       - Undefined Weak Reference
    _init_alloc                               - Undefined Weak Reference
    _init_user_alloc                          - Undefined Weak Reference
    _initio                                   - Undefined Weak Reference
    _rand_init                                - Undefined Weak Reference
    _signal_finish                            - Undefined Weak Reference
    _signal_init                              - Undefined Weak Reference
    _terminate_alloc                          - Undefined Weak Reference
    _terminate_user_alloc                     - Undefined Weak Reference
    _terminateio                              - Undefined Weak Reference
    __Vectors_Size                           0x00000188   Number         0  startup_stm32f407xx.o ABSOLUTE
    __Vectors                                0x08000000   Data           4  startup_stm32f407xx.o(RESET)
    __Vectors_End                            0x08000188   Data           0  startup_stm32f407xx.o(RESET)
    __main                                   0x08000189   Thumb Code     8  __main.o(!!!main)
    __scatterload                            0x08000191   Thumb Code     0  __scatter.o(!!!scatter)
    __scatterload_rt2                        0x08000191   Thumb Code    44  __scatter.o(!!!scatter)
    __scatterload_rt2_thumb_only             0x08000191   Thumb Code     0  __scatter.o(!!!scatter)
    __scatterload_null                       0x0800019f   Thumb Code     0  __scatter.o(!!!scatter)
    __scatterload_copy                       0x080001c5   Thumb Code    26  __scatter_copy.o(!!handler_copy)
    __scatterload_zeroinit                   0x080001e1   Thumb Code    28  __scatter_zi.o(!!handler_zi)
    __rt_lib_init                            0x080001fd   Thumb Code     0  libinit.o(.ARM.Collect$$libinit$$00000000)
    __rt_lib_init_fp_1                       0x080001ff   Thumb Code     0  libinit2.o(.ARM.Collect$$libinit$$00000001)
    __rt_lib_init_heap_1                     0x08000203   Thumb Code     0  libinit2.o(.ARM.Collect$$libinit$$0000000A)
    __rt_lib_init_lc_common                  0x08000203   Thumb Code     0  libinit2.o(.ARM.Collect$$libinit$$0000000F)
    __rt_lib_init_preinit_1                  0x08000203   Thumb Code     0  libinit2.o(.ARM.Collect$$libinit$$00000004)
    __rt_lib_init_rand_1                     0x08000203   Thumb Code     0  libinit2.o(.ARM.Collect$$libinit$$0000000E)
    __rt_lib_init_user_alloc_1               0x08000203   Thumb Code     0  libinit2.o(.ARM.Collect$$libinit$$0000000C)
    __rt_lib_init_lc_collate_1               0x08000209   Thumb Code     0  libinit2.o(.ARM.Collect$$libinit$$00000011)
    __rt_lib_init_lc_ctype_2                 0x08000209   Thumb Code     0  libinit2.o(.ARM.Collect$$libinit$$00000012)
    __rt_lib_init_alloca_1                   0x08000215   Thumb Code     0  libinit2.o(.ARM.Collect$$libinit$$0000002E)
    __rt_lib_init_argv_1                     0x08000215   Thumb Code     0  libinit2.o(.ARM.Collect$$libinit$$0000002C)
    __rt_lib_init_atexit_1                   0x08000215   Thumb Code     0  libinit2.o(.ARM.Collect$$libinit$$0000001B)
    __rt_lib_init_clock_1                    0x08000215   Thumb Code     0  libinit2.o(.ARM.Collect$$libinit$$00000021)
    __rt_lib_init_cpp_1                      0x08000215   Thumb Code     0  libinit2.o(.ARM.Collect$$libinit$$00000032)
    __rt_lib_init_exceptions_1               0x08000215   Thumb Code     0  libinit2.o(.ARM.Collect$$libinit$$00000030)
    __rt_lib_init_fp_trap_1                  0x08000215   Thumb Code     0  libinit2.o(.ARM.Collect$$libinit$$0000001F)
    __rt_lib_init_getenv_1                   0x08000215   Thumb Code     0  libinit2.o(.ARM.Collect$$libinit$$00000023)
    __rt_lib_init_lc_ctype_1                 0x08000215   Thumb Code     0  libinit2.o(.ARM.Collect$$libinit$$00000013)
    __rt_lib_init_lc_monetary_1              0x08000215   Thumb Code     0  libinit2.o(.ARM.Collect$$libinit$$00000015)
    __rt_lib_init_lc_numeric_1               0x08000215   Thumb Code     0  libinit2.o(.ARM.Collect$$libinit$$00000017)
    __rt_lib_init_lc_time_1                  0x08000215   Thumb Code     0  libinit2.o(.ARM.Collect$$libinit$$00000019)
    __rt_lib_init_return                     0x08000215   Thumb Code     0  libinit2.o(.ARM.Collect$$libinit$$00000033)
    __rt_lib_init_signal_1                   0x08000215   Thumb Code     0  libinit2.o(.ARM.Collect$$libinit$$0000001D)
    __rt_lib_init_stdio_1                    0x08000215   Thumb Code     0  libinit2.o(.ARM.Collect$$libinit$$00000025)
    __rt_lib_shutdown                        0x08000217   Thumb Code     0  libshutdown.o(.ARM.Collect$$libshutdown$$00000000)
    __rt_lib_shutdown_cpp_1                  0x08000219   Thumb Code     0  libshutdown2.o(.ARM.Collect$$libshutdown$$00000002)
    __rt_lib_shutdown_fp_trap_1              0x08000219   Thumb Code     0  libshutdown2.o(.ARM.Collect$$libshutdown$$00000007)
    __rt_lib_shutdown_heap_1                 0x08000219   Thumb Code     0  libshutdown2.o(.ARM.Collect$$libshutdown$$0000000F)
    __rt_lib_shutdown_return                 0x08000219   Thumb Code     0  libshutdown2.o(.ARM.Collect$$libshutdown$$00000010)
    __rt_lib_shutdown_signal_1               0x08000219   Thumb Code     0  libshutdown2.o(.ARM.Collect$$libshutdown$$0000000A)
    __rt_lib_shutdown_stdio_1                0x08000219   Thumb Code     0  libshutdown2.o(.ARM.Collect$$libshutdown$$00000004)
    __rt_lib_shutdown_user_alloc_1           0x08000219   Thumb Code     0  libshutdown2.o(.ARM.Collect$$libshutdown$$0000000C)
    __rt_entry                               0x0800021b   Thumb Code     0  __rtentry.o(.ARM.Collect$$rtentry$$00000000)
    __rt_entry_presh_1                       0x0800021b   Thumb Code     0  __rtentry2.o(.ARM.Collect$$rtentry$$00000002)
    __rt_entry_sh                            0x0800021b   Thumb Code     0  __rtentry4.o(.ARM.Collect$$rtentry$$00000004)
    __rt_entry_li                            0x08000221   Thumb Code     0  __rtentry2.o(.ARM.Collect$$rtentry$$0000000A)
    __rt_entry_postsh_1                      0x08000221   Thumb Code     0  __rtentry2.o(.ARM.Collect$$rtentry$$00000009)
    __rt_entry_main                          0x08000225   Thumb Code     0  __rtentry2.o(.ARM.Collect$$rtentry$$0000000D)
    __rt_entry_postli_1                      0x08000225   Thumb Code     0  __rtentry2.o(.ARM.Collect$$rtentry$$0000000C)
    __rt_exit                                0x0800022d   Thumb Code     0  rtexit.o(.ARM.Collect$$rtexit$$00000000)
    __rt_exit_ls                             0x0800022f   Thumb Code     0  rtexit2.o(.ARM.Collect$$rtexit$$00000003)
    __rt_exit_prels_1                        0x0800022f   Thumb Code     0  rtexit2.o(.ARM.Collect$$rtexit$$00000002)
    __rt_exit_exit                           0x08000233   Thumb Code     0  rtexit2.o(.ARM.Collect$$rtexit$$00000004)
    Reset_Handler                            0x08000239   Thumb Code     8  startup_stm32f407xx.o(.text)
    ADC_IRQHandler                           0x08000253   Thumb Code     0  startup_stm32f407xx.o(.text)
    CAN1_RX0_IRQHandler                      0x08000253   Thumb Code     0  startup_stm32f407xx.o(.text)
    CAN1_RX1_IRQHandler                      0x08000253   Thumb Code     0  startup_stm32f407xx.o(.text)
    CAN1_SCE_IRQHandler                      0x08000253   Thumb Code     0  startup_stm32f407xx.o(.text)
    CAN1_TX_IRQHandler                       0x08000253   Thumb Code     0  startup_stm32f407xx.o(.text)
    CAN2_RX0_IRQHandler                      0x08000253   Thumb Code     0  startup_stm32f407xx.o(.text)
    CAN2_RX1_IRQHandler                      0x08000253   Thumb Code     0  startup_stm32f407xx.o(.text)
    CAN2_SCE_IRQHandler                      0x08000253   Thumb Code     0  startup_stm32f407xx.o(.text)
    CAN2_TX_IRQHandler                       0x08000253   Thumb Code     0  startup_stm32f407xx.o(.text)
    DCMI_IRQHandler                          0x08000253   Thumb Code     0  startup_stm32f407xx.o(.text)
    DMA1_Stream0_IRQHandler                  0x08000253   Thumb Code     0  startup_stm32f407xx.o(.text)
    DMA1_Stream1_IRQHandler                  0x08000253   Thumb Code     0  startup_stm32f407xx.o(.text)
    DMA1_Stream2_IRQHandler                  0x08000253   Thumb Code     0  startup_stm32f407xx.o(.text)
    DMA1_Stream3_IRQHandler                  0x08000253   Thumb Code     0  startup_stm32f407xx.o(.text)
    DMA1_Stream4_IRQHandler                  0x08000253   Thumb Code     0  startup_stm32f407xx.o(.text)
    DMA1_Stream5_IRQHandler                  0x08000253   Thumb Code     0  startup_stm32f407xx.o(.text)
    DMA1_Stream6_IRQHandler                  0x08000253   Thumb Code     0  startup_stm32f407xx.o(.text)
    DMA1_Stream7_IRQHandler                  0x08000253   Thumb Code     0  startup_stm32f407xx.o(.text)
    DMA2_Stream0_IRQHandler                  0x08000253   Thumb Code     0  startup_stm32f407xx.o(.text)
    DMA2_Stream1_IRQHandler                  0x08000253   Thumb Code     0  startup_stm32f407xx.o(.text)
    DMA2_Stream2_IRQHandler                  0x08000253   Thumb Code     0  startup_stm32f407xx.o(.text)
    DMA2_Stream3_IRQHandler                  0x08000253   Thumb Code     0  startup_stm32f407xx.o(.text)
    DMA2_Stream4_IRQHandler                  0x08000253   Thumb Code     0  startup_stm32f407xx.o(.text)
    DMA2_Stream5_IRQHandler                  0x08000253   Thumb Code     0  startup_stm32f407xx.o(.text)
    DMA2_Stream6_IRQHandler                  0x08000253   Thumb Code     0  startup_stm32f407xx.o(.text)
    DMA2_Stream7_IRQHandler                  0x08000253   Thumb Code     0  startup_stm32f407xx.o(.text)
    ETH_IRQHandler                           0x08000253   Thumb Code     0  startup_stm32f407xx.o(.text)
    ETH_WKUP_IRQHandler                      0x08000253   Thumb Code     0  startup_stm32f407xx.o(.text)
    EXTI0_IRQHandler                         0x08000253   Thumb Code     0  startup_stm32f407xx.o(.text)
    EXTI15_10_IRQHandler                     0x08000253   Thumb Code     0  startup_stm32f407xx.o(.text)
    EXTI1_IRQHandler                         0x08000253   Thumb Code     0  startup_stm32f407xx.o(.text)
    EXTI2_IRQHandler                         0x08000253   Thumb Code     0  startup_stm32f407xx.o(.text)
    EXTI3_IRQHandler                         0x08000253   Thumb Code     0  startup_stm32f407xx.o(.text)
    EXTI4_IRQHandler                         0x08000253   Thumb Code     0  startup_stm32f407xx.o(.text)
    EXTI9_5_IRQHandler                       0x08000253   Thumb Code     0  startup_stm32f407xx.o(.text)
    FLASH_IRQHandler                         0x08000253   Thumb Code     0  startup_stm32f407xx.o(.text)
    FMC_IRQHandler                           0x08000253   Thumb Code     0  startup_stm32f407xx.o(.text)
    FPU_IRQHandler                           0x08000253   Thumb Code     0  startup_stm32f407xx.o(.text)
    HASH_RNG_IRQHandler                      0x08000253   Thumb Code     0  startup_stm32f407xx.o(.text)
    I2C1_ER_IRQHandler                       0x08000253   Thumb Code     0  startup_stm32f407xx.o(.text)
    I2C1_EV_IRQHandler                       0x08000253   Thumb Code     0  startup_stm32f407xx.o(.text)
    I2C2_ER_IRQHandler                       0x08000253   Thumb Code     0  startup_stm32f407xx.o(.text)
    I2C2_EV_IRQHandler                       0x08000253   Thumb Code     0  startup_stm32f407xx.o(.text)
    I2C3_ER_IRQHandler                       0x08000253   Thumb Code     0  startup_stm32f407xx.o(.text)
    I2C3_EV_IRQHandler                       0x08000253   Thumb Code     0  startup_stm32f407xx.o(.text)
    OTG_FS_IRQHandler                        0x08000253   Thumb Code     0  startup_stm32f407xx.o(.text)
    OTG_FS_WKUP_IRQHandler                   0x08000253   Thumb Code     0  startup_stm32f407xx.o(.text)
    OTG_HS_EP1_IN_IRQHandler                 0x08000253   Thumb Code     0  startup_stm32f407xx.o(.text)
    OTG_HS_EP1_OUT_IRQHandler                0x08000253   Thumb Code     0  startup_stm32f407xx.o(.text)
    OTG_HS_IRQHandler                        0x08000253   Thumb Code     0  startup_stm32f407xx.o(.text)
    OTG_HS_WKUP_IRQHandler                   0x08000253   Thumb Code     0  startup_stm32f407xx.o(.text)
    PVD_IRQHandler                           0x08000253   Thumb Code     0  startup_stm32f407xx.o(.text)
    RCC_IRQHandler                           0x08000253   Thumb Code     0  startup_stm32f407xx.o(.text)
    RTC_Alarm_IRQHandler                     0x08000253   Thumb Code     0  startup_stm32f407xx.o(.text)
    RTC_WKUP_IRQHandler                      0x08000253   Thumb Code     0  startup_stm32f407xx.o(.text)
    SDIO_IRQHandler                          0x08000253   Thumb Code     0  startup_stm32f407xx.o(.text)
    SPI1_IRQHandler                          0x08000253   Thumb Code     0  startup_stm32f407xx.o(.text)
    SPI2_IRQHandler                          0x08000253   Thumb Code     0  startup_stm32f407xx.o(.text)
    SPI3_IRQHandler                          0x08000253   Thumb Code     0  startup_stm32f407xx.o(.text)
    TAMP_STAMP_IRQHandler                    0x08000253   Thumb Code     0  startup_stm32f407xx.o(.text)
    TIM1_BRK_TIM9_IRQHandler                 0x08000253   Thumb Code     0  startup_stm32f407xx.o(.text)
    TIM1_CC_IRQHandler                       0x08000253   Thumb Code     0  startup_stm32f407xx.o(.text)
    TIM1_TRG_COM_TIM11_IRQHandler            0x08000253   Thumb Code     0  startup_stm32f407xx.o(.text)
    TIM1_UP_TIM10_IRQHandler                 0x08000253   Thumb Code     0  startup_stm32f407xx.o(.text)
    TIM2_IRQHandler                          0x08000253   Thumb Code     0  startup_stm32f407xx.o(.text)
    TIM3_IRQHandler                          0x08000253   Thumb Code     0  startup_stm32f407xx.o(.text)
    TIM4_IRQHandler                          0x08000253   Thumb Code     0  startup_stm32f407xx.o(.text)
    TIM5_IRQHandler                          0x08000253   Thumb Code     0  startup_stm32f407xx.o(.text)
    TIM6_DAC_IRQHandler                      0x08000253   Thumb Code     0  startup_stm32f407xx.o(.text)
    TIM8_BRK_TIM12_IRQHandler                0x08000253   Thumb Code     0  startup_stm32f407xx.o(.text)
    TIM8_CC_IRQHandler                       0x08000253   Thumb Code     0  startup_stm32f407xx.o(.text)
    TIM8_TRG_COM_TIM14_IRQHandler            0x08000253   Thumb Code     0  startup_stm32f407xx.o(.text)
    TIM8_UP_TIM13_IRQHandler                 0x08000253   Thumb Code     0  startup_stm32f407xx.o(.text)
    UART4_IRQHandler                         0x08000253   Thumb Code     0  startup_stm32f407xx.o(.text)
    UART5_IRQHandler                         0x08000253   Thumb Code     0  startup_stm32f407xx.o(.text)
    USART2_IRQHandler                        0x08000253   Thumb Code     0  startup_stm32f407xx.o(.text)
    USART6_IRQHandler                        0x08000253   Thumb Code     0  startup_stm32f407xx.o(.text)
    WWDG_IRQHandler                          0x08000253   Thumb Code     0  startup_stm32f407xx.o(.text)
    __user_initial_stackheap                 0x08000255   Thumb Code     0  startup_stm32f407xx.o(.text)
    __aeabi_uldivmod                         0x08000279   Thumb Code     0  lludivv7m.o(.text)
    _ll_udiv                                 0x08000279   Thumb Code   238  lludivv7m.o(.text)
    atoi                                     0x08000367   Thumb Code    26  atoi.o(.text)
    strtok                                   0x08000381   Thumb Code     6  strtok.o(.text)
    __aeabi_memclr4                          0x0800038d   Thumb Code     0  rt_memclr_w.o(.text)
    __aeabi_memclr8                          0x0800038d   Thumb Code     0  rt_memclr_w.o(.text)
    __rt_memclr_w                            0x0800038d   Thumb Code    78  rt_memclr_w.o(.text)
    _memset_w                                0x08000391   Thumb Code     0  rt_memclr_w.o(.text)
    __use_two_region_memory                  0x080003db   Thumb Code     2  heapauxi.o(.text)
    __rt_heap_escrow$2region                 0x080003dd   Thumb Code     2  heapauxi.o(.text)
    __rt_heap_expand$2region                 0x080003df   Thumb Code     2  heapauxi.o(.text)
    __aeabi_errno_addr                       0x080003e1   Thumb Code     8  rt_errno_addr_intlibspace.o(.text)
    __errno$intlibspace                      0x080003e1   Thumb Code     0  rt_errno_addr_intlibspace.o(.text)
    __rt_errno_addr$intlibspace              0x080003e1   Thumb Code     0  rt_errno_addr_intlibspace.o(.text)
    strtol                                   0x080003e9   Thumb Code   112  strtol.o(.text)
    __strtok_internal                        0x08000459   Thumb Code    64  strtok_int.o(.text)
    __user_libspace                          0x0800049d   Thumb Code     8  libspace.o(.text)
    __user_perproc_libspace                  0x0800049d   Thumb Code     0  libspace.o(.text)
    __user_perthread_libspace                0x0800049d   Thumb Code     0  libspace.o(.text)
    __rt_ctype_table                         0x080004a5   Thumb Code    16  rt_ctype_table.o(.text)
    _strtoul                                 0x080004b5   Thumb Code   158  _strtoul.o(.text)
    strcspn                                  0x08000553   Thumb Code    32  strcspn.o(.text)
    strspn                                   0x08000573   Thumb Code    28  strspn.o(.text)
    __user_setup_stackheap                   0x0800058f   Thumb Code    74  sys_stackheap_outer.o(.text)
    __rt_locale                              0x080005d9   Thumb Code     8  rt_locale_intlibspace.o(.text)
    _chval                                   0x080005e1   Thumb Code    28  _chval.o(.text)
    exit                                     0x080005fd   Thumb Code    18  exit.o(.text)
    strcmp                                   0x08000611   Thumb Code   128  strcmpv7m.o(.text)
    _sys_exit                                0x08000691   Thumb Code     8  sys_exit.o(.text)
    __I$use$semihosting                      0x0800069d   Thumb Code     0  use_no_semi.o(.text)
    __use_no_semihosting_swi                 0x0800069d   Thumb Code     2  use_no_semi.o(.text)
    BusFault_Handler                         0x0800069f   Thumb Code     2  stm32f4xx_it.o(i.BusFault_Handler)
    __semihosting_library_function           0x0800069f   Thumb Code     0  indicate_semi.o(.text)
    DebugMon_Handler                         0x080006a1   Thumb Code     2  stm32f4xx_it.o(i.DebugMon_Handler)
    Error_Handler                            0x080006a3   Thumb Code     4  main.o(i.Error_Handler)
    HAL_DMA_Abort                            0x080006a7   Thumb Code   146  stm32f4xx_hal_dma.o(i.HAL_DMA_Abort)
    HAL_DMA_Abort_IT                         0x08000739   Thumb Code    36  stm32f4xx_hal_dma.o(i.HAL_DMA_Abort_IT)
    HAL_Delay                                0x0800075d   Thumb Code    32  stm32f4xx_hal.o(i.HAL_Delay)
    HAL_GPIO_Init                            0x08000781   Thumb Code   450  stm32f4xx_hal_gpio.o(i.HAL_GPIO_Init)
    HAL_GPIO_TogglePin                       0x08000971   Thumb Code    16  stm32f4xx_hal_gpio.o(i.HAL_GPIO_TogglePin)
    HAL_GPIO_WritePin                        0x08000981   Thumb Code    10  stm32f4xx_hal_gpio.o(i.HAL_GPIO_WritePin)
    HAL_GetTick                              0x0800098d   Thumb Code     6  stm32f4xx_hal.o(i.HAL_GetTick)
    HAL_I2C_Init                             0x08000999   Thumb Code   376  stm32f4xx_hal_i2c.o(i.HAL_I2C_Init)
    HAL_I2C_MspInit                          0x08000b21   Thumb Code    92  i2c.o(i.HAL_I2C_MspInit)
    HAL_IncTick                              0x08000b89   Thumb Code    12  stm32f4xx_hal.o(i.HAL_IncTick)
    HAL_Init                                 0x08000b99   Thumb Code    48  stm32f4xx_hal.o(i.HAL_Init)
    HAL_InitTick                             0x08000bcd   Thumb Code   132  stm32f4xx_hal_timebase_tim.o(i.HAL_InitTick)
    HAL_MspInit                              0x08000c65   Thumb Code    42  stm32f4xx_hal_msp.o(i.HAL_MspInit)
    HAL_NVIC_EnableIRQ                       0x08000c95   Thumb Code    26  stm32f4xx_hal_cortex.o(i.HAL_NVIC_EnableIRQ)
    HAL_NVIC_SetPriority                     0x08000cb1   Thumb Code    60  stm32f4xx_hal_cortex.o(i.HAL_NVIC_SetPriority)
    HAL_NVIC_SetPriorityGrouping             0x08000cf1   Thumb Code    26  stm32f4xx_hal_cortex.o(i.HAL_NVIC_SetPriorityGrouping)
    HAL_RCC_ClockConfig                      0x08000d15   Thumb Code   288  stm32f4xx_hal_rcc.o(i.HAL_RCC_ClockConfig)
    HAL_RCC_GetClockConfig                   0x08000e49   Thumb Code    54  stm32f4xx_hal_rcc.o(i.HAL_RCC_GetClockConfig)
    HAL_RCC_GetPCLK1Freq                     0x08000e89   Thumb Code    20  stm32f4xx_hal_rcc.o(i.HAL_RCC_GetPCLK1Freq)
    HAL_RCC_GetPCLK2Freq                     0x08000ea9   Thumb Code    20  stm32f4xx_hal_rcc.o(i.HAL_RCC_GetPCLK2Freq)
    HAL_RCC_GetSysClockFreq                  0x08000ec9   Thumb Code    88  stm32f4xx_hal_rcc.o(i.HAL_RCC_GetSysClockFreq)
    HAL_RCC_OscConfig                        0x08000f29   Thumb Code   856  stm32f4xx_hal_rcc.o(i.HAL_RCC_OscConfig)
    HAL_TIMEx_BreakCallback                  0x08001295   Thumb Code     2  stm32f4xx_hal_tim_ex.o(i.HAL_TIMEx_BreakCallback)
    HAL_TIMEx_CommutCallback                 0x08001297   Thumb Code     2  stm32f4xx_hal_tim_ex.o(i.HAL_TIMEx_CommutCallback)
    HAL_TIM_Base_Init                        0x08001299   Thumb Code    90  stm32f4xx_hal_tim.o(i.HAL_TIM_Base_Init)
    HAL_TIM_Base_MspInit                     0x080012f3   Thumb Code     2  stm32f4xx_hal_tim.o(i.HAL_TIM_Base_MspInit)
    HAL_TIM_Base_Start_IT                    0x080012f5   Thumb Code   100  stm32f4xx_hal_tim.o(i.HAL_TIM_Base_Start_IT)
    HAL_TIM_IC_CaptureCallback               0x08001375   Thumb Code     2  stm32f4xx_hal_tim.o(i.HAL_TIM_IC_CaptureCallback)
    HAL_TIM_IRQHandler                       0x08001377   Thumb Code   304  stm32f4xx_hal_tim.o(i.HAL_TIM_IRQHandler)
    HAL_TIM_OC_DelayElapsedCallback          0x080014a7   Thumb Code     2  stm32f4xx_hal_tim.o(i.HAL_TIM_OC_DelayElapsedCallback)
    HAL_TIM_PWM_PulseFinishedCallback        0x080014a9   Thumb Code     2  stm32f4xx_hal_tim.o(i.HAL_TIM_PWM_PulseFinishedCallback)
    HAL_TIM_PeriodElapsedCallback            0x080014ad   Thumb Code    14  main.o(i.HAL_TIM_PeriodElapsedCallback)
    HAL_TIM_TriggerCallback                  0x080014c1   Thumb Code     2  stm32f4xx_hal_tim.o(i.HAL_TIM_TriggerCallback)
    HAL_UARTEx_RxEventCallback               0x080014c3   Thumb Code     2  stm32f4xx_hal_uart.o(i.HAL_UARTEx_RxEventCallback)
    HAL_UART_ErrorCallback                   0x080014c5   Thumb Code     2  stm32f4xx_hal_uart.o(i.HAL_UART_ErrorCallback)
    HAL_UART_IRQHandler                      0x080014c9   Thumb Code   618  stm32f4xx_hal_uart.o(i.HAL_UART_IRQHandler)
    HAL_UART_Init                            0x08001739   Thumb Code   100  stm32f4xx_hal_uart.o(i.HAL_UART_Init)
    HAL_UART_MspInit                         0x0800179d   Thumb Code   286  usart.o(i.HAL_UART_MspInit)
    HAL_UART_Receive_IT                      0x080018dd   Thumb Code    28  stm32f4xx_hal_uart.o(i.HAL_UART_Receive_IT)
    HAL_UART_RxCpltCallback                  0x080018f9   Thumb Code    92  main.o(i.HAL_UART_RxCpltCallback)
    HAL_UART_Transmit_IT                     0x08001969   Thumb Code    50  stm32f4xx_hal_uart.o(i.HAL_UART_Transmit_IT)
    HAL_UART_TxCpltCallback                  0x0800199b   Thumb Code     2  stm32f4xx_hal_uart.o(i.HAL_UART_TxCpltCallback)
    HardFault_Handler                        0x0800199d   Thumb Code     2  stm32f4xx_it.o(i.HardFault_Handler)
    MX_GPIO_Init                             0x080019a1   Thumb Code   146  gpio.o(i.MX_GPIO_Init)
    MX_I2C1_Init                             0x08001a3d   Thumb Code    50  i2c.o(i.MX_I2C1_Init)
    MX_UART5_Init                            0x08001a7d   Thumb Code    48  usart.o(i.MX_UART5_Init)
    MX_USART1_UART_Init                      0x08001ab5   Thumb Code    48  usart.o(i.MX_USART1_UART_Init)
    MX_USART3_UART_Init                      0x08001aed   Thumb Code    48  usart.o(i.MX_USART3_UART_Init)
    MemManage_Handler                        0x08001b25   Thumb Code     2  stm32f4xx_it.o(i.MemManage_Handler)
    Motor_SetSpeed                           0x08001b29   Thumb Code    60  tools.o(i.Motor_SetSpeed)
    Motor_stop                               0x08001b69   Thumb Code    92  main.o(i.Motor_stop)
    NMI_Handler                              0x08001bd1   Thumb Code     2  stm32f4xx_it.o(i.NMI_Handler)
    PendSV_Handler                           0x08001bd3   Thumb Code     2  stm32f4xx_it.o(i.PendSV_Handler)
    SVC_Handler                              0x08001bd5   Thumb Code     2  stm32f4xx_it.o(i.SVC_Handler)
    SetCarSpeed                              0x08001bd9   Thumb Code   628  tools.o(i.SetCarSpeed)
    SysTick_Handler                          0x08001e79   Thumb Code     2  stm32f4xx_it.o(i.SysTick_Handler)
    SystemClock_Config                       0x08001e7d   Thumb Code   138  main.o(i.SystemClock_Config)
    SystemInit                               0x08001f11   Thumb Code    12  system_stm32f4xx.o(i.SystemInit)
    TIM7_IRQHandler                          0x08001f21   Thumb Code     6  stm32f4xx_it.o(i.TIM7_IRQHandler)
    TIM_Base_SetConfig                       0x08001f2d   Thumb Code   170  stm32f4xx_hal_tim.o(i.TIM_Base_SetConfig)
    UART_Start_Receive_IT                    0x08002231   Thumb Code    54  stm32f4xx_hal_uart.o(i.UART_Start_Receive_IT)
    USART1_IRQHandler                        0x08002269   Thumb Code     6  stm32f4xx_it.o(i.USART1_IRQHandler)
    USART3_IRQHandler                        0x08002275   Thumb Code     6  stm32f4xx_it.o(i.USART3_IRQHandler)
    UsageFault_Handler                       0x08002281   Thumb Code     2  stm32f4xx_it.o(i.UsageFault_Handler)
    main                                     0x080022a5   Thumb Code   172  main.o(i.main)
    _get_lc_ctype                            0x0800236d   Thumb Code    44  lc_ctype_c.o(locale$$code)
    __aeabi_d2f                              0x08002399   Thumb Code     0  d2f.o(x$fpl$d2f)
    _d2f                                     0x08002399   Thumb Code    98  d2f.o(x$fpl$d2f)
    __aeabi_dadd                             0x080023fd   Thumb Code     0  daddsub_clz.o(x$fpl$dadd)
    _dadd                                    0x080023fd   Thumb Code   332  daddsub_clz.o(x$fpl$dadd)
    __aeabi_ddiv                             0x0800254d   Thumb Code     0  ddiv.o(x$fpl$ddiv)
    _ddiv                                    0x0800254d   Thumb Code   552  ddiv.o(x$fpl$ddiv)
    __aeabi_d2iz                             0x080027fd   Thumb Code     0  dfix.o(x$fpl$dfix)
    _dfix                                    0x080027fd   Thumb Code    94  dfix.o(x$fpl$dfix)
    __aeabi_dmul                             0x0800285d   Thumb Code     0  dmul.o(x$fpl$dmul)
    _dmul                                    0x0800285d   Thumb Code   332  dmul.o(x$fpl$dmul)
    __fpl_dnaninf                            0x080029b1   Thumb Code   156  dnaninf.o(x$fpl$dnaninf)
    __fpl_dretinf                            0x08002a4d   Thumb Code    12  dretinf.o(x$fpl$dretinf)
    __aeabi_dsub                             0x08002a59   Thumb Code     0  daddsub_clz.o(x$fpl$dsub)
    _dsub                                    0x08002a59   Thumb Code   464  daddsub_clz.o(x$fpl$dsub)
    __aeabi_f2d                              0x08002c2d   Thumb Code     0  f2d.o(x$fpl$f2d)
    _f2d                                     0x08002c2d   Thumb Code    86  f2d.o(x$fpl$f2d)
    __fpl_fnaninf                            0x08002c83   Thumb Code   140  fnaninf.o(x$fpl$fnaninf)
    _fp_init                                 0x08002d0f   Thumb Code    10  fpinit.o(x$fpl$fpinit)
    __fplib_config_fpu_vfp                   0x08002d17   Thumb Code     0  fpinit.o(x$fpl$fpinit)
    __fplib_config_pureend_doubles           0x08002d17   Thumb Code     0  fpinit.o(x$fpl$fpinit)
    __fpl_fretinf                            0x08002d19   Thumb Code    10  fretinf.o(x$fpl$fretinf)
    __I$use$fp                               0x08002d22   Number         0  usenofp.o(x$fpl$usenofp)
    rx                                       0x08002d28   Data           8  main.o(.constdata)
    ry                                       0x08002d30   Data           8  main.o(.constdata)
    standard_speed                           0x08002d38   Data           8  main.o(.constdata)
    AHBPrescTable                            0x08002d40   Data          16  system_stm32f4xx.o(.constdata)
    APBPrescTable                            0x08002d50   Data           8  system_stm32f4xx.o(.constdata)
    Region$$Table$$Base                      0x08002d68   Number         0  anon$$obj.o(Region$$Table)
    Region$$Table$$Limit                     0x08002d88   Number         0  anon$$obj.o(Region$$Table)
    __ctype                                  0x08002d95   Data           0  lc_ctype_c.o(locale$$data)
    qr                                       0x20000000   Data           1  main.o(.data)
    buffer_index                             0x20000001   Data           1  main.o(.data)
    rx_byte                                  0x20000003   Data           1  main.o(.data)
    center_x                                 0x20000004   Data           4  main.o(.data)
    center_y                                 0x20000008   Data           4  main.o(.data)
    data10                                   0x2000000c   Data           5  main.o(.data)
    data11                                   0x20000011   Data           5  main.o(.data)
    data12                                   0x20000016   Data           5  main.o(.data)
    data13                                   0x2000001b   Data           5  main.o(.data)
    colorOrder                               0x20000020   Data           6  main.o(.data)
    uwTickFreq                               0x20000028   Data           1  stm32f4xx_hal.o(.data)
    uwTickPrio                               0x2000002c   Data           4  stm32f4xx_hal.o(.data)
    uwTick                                   0x20000030   Data           4  stm32f4xx_hal.o(.data)
    SystemCoreClock                          0x20000034   Data           4  system_stm32f4xx.o(.data)
    tdata                                    0x20000038   Data           4  tools.o(.data)
    rx_buffer                                0x20000040   Data          64  main.o(.bss)
    hi2c1                                    0x20000080   Data          84  i2c.o(.bss)
    huart5                                   0x200000d4   Data          72  usart.o(.bss)
    huart1                                   0x2000011c   Data          72  usart.o(.bss)
    huart3                                   0x20000164   Data          72  usart.o(.bss)
    htim7                                    0x200001ac   Data          72  stm32f4xx_hal_timebase_tim.o(.bss)
    __libspace_start                         0x200001f4   Data          96  libspace.o(.bss)
    __temporary_stack_top$libspace           0x20000254   Data           0  libspace.o(.bss)



==============================================================================

Memory Map of the image

  Image Entry point : 0x08000189

  Load Region LR_IROM1 (Base: 0x08000000, Size: 0x00002ed8, Max: 0x00080000, ABSOLUTE)

    Execution Region ER_IROM1 (Exec base: 0x08000000, Load base: 0x08000000, Size: 0x00002e98, Max: 0x00080000, ABSOLUTE)

    Exec Addr    Load Addr    Size         Type   Attr      Idx    E Section Name        Object

    0x08000000   0x08000000   0x00000188   Data   RO            3    RESET               startup_stm32f407xx.o
    0x08000188   0x08000188   0x00000008   Code   RO         3643  * !!!main             c_w.l(__main.o)
    0x08000190   0x08000190   0x00000034   Code   RO         3868    !!!scatter          c_w.l(__scatter.o)
    0x080001c4   0x080001c4   0x0000001a   Code   RO         3870    !!handler_copy      c_w.l(__scatter_copy.o)
    0x080001de   0x080001de   0x00000002   PAD
    0x080001e0   0x080001e0   0x0000001c   Code   RO         3872    !!handler_zi        c_w.l(__scatter_zi.o)
    0x080001fc   0x080001fc   0x00000002   Code   RO         3739    .ARM.Collect$$libinit$$00000000  c_w.l(libinit.o)
    0x080001fe   0x080001fe   0x00000004   Code   RO         3750    .ARM.Collect$$libinit$$00000001  c_w.l(libinit2.o)
    0x08000202   0x08000202   0x00000000   Code   RO         3753    .ARM.Collect$$libinit$$00000004  c_w.l(libinit2.o)
    0x08000202   0x08000202   0x00000000   Code   RO         3756    .ARM.Collect$$libinit$$0000000A  c_w.l(libinit2.o)
    0x08000202   0x08000202   0x00000000   Code   RO         3758    .ARM.Collect$$libinit$$0000000C  c_w.l(libinit2.o)
    0x08000202   0x08000202   0x00000000   Code   RO         3760    .ARM.Collect$$libinit$$0000000E  c_w.l(libinit2.o)
    0x08000202   0x08000202   0x00000006   Code   RO         3761    .ARM.Collect$$libinit$$0000000F  c_w.l(libinit2.o)
    0x08000208   0x08000208   0x00000000   Code   RO         3763    .ARM.Collect$$libinit$$00000011  c_w.l(libinit2.o)
    0x08000208   0x08000208   0x0000000c   Code   RO         3764    .ARM.Collect$$libinit$$00000012  c_w.l(libinit2.o)
    0x08000214   0x08000214   0x00000000   Code   RO         3765    .ARM.Collect$$libinit$$00000013  c_w.l(libinit2.o)
    0x08000214   0x08000214   0x00000000   Code   RO         3767    .ARM.Collect$$libinit$$00000015  c_w.l(libinit2.o)
    0x08000214   0x08000214   0x00000000   Code   RO         3769    .ARM.Collect$$libinit$$00000017  c_w.l(libinit2.o)
    0x08000214   0x08000214   0x00000000   Code   RO         3771    .ARM.Collect$$libinit$$00000019  c_w.l(libinit2.o)
    0x08000214   0x08000214   0x00000000   Code   RO         3773    .ARM.Collect$$libinit$$0000001B  c_w.l(libinit2.o)
    0x08000214   0x08000214   0x00000000   Code   RO         3775    .ARM.Collect$$libinit$$0000001D  c_w.l(libinit2.o)
    0x08000214   0x08000214   0x00000000   Code   RO         3777    .ARM.Collect$$libinit$$0000001F  c_w.l(libinit2.o)
    0x08000214   0x08000214   0x00000000   Code   RO         3779    .ARM.Collect$$libinit$$00000021  c_w.l(libinit2.o)
    0x08000214   0x08000214   0x00000000   Code   RO         3781    .ARM.Collect$$libinit$$00000023  c_w.l(libinit2.o)
    0x08000214   0x08000214   0x00000000   Code   RO         3783    .ARM.Collect$$libinit$$00000025  c_w.l(libinit2.o)
    0x08000214   0x08000214   0x00000000   Code   RO         3787    .ARM.Collect$$libinit$$0000002C  c_w.l(libinit2.o)
    0x08000214   0x08000214   0x00000000   Code   RO         3789    .ARM.Collect$$libinit$$0000002E  c_w.l(libinit2.o)
    0x08000214   0x08000214   0x00000000   Code   RO         3791    .ARM.Collect$$libinit$$00000030  c_w.l(libinit2.o)
    0x08000214   0x08000214   0x00000000   Code   RO         3793    .ARM.Collect$$libinit$$00000032  c_w.l(libinit2.o)
    0x08000214   0x08000214   0x00000002   Code   RO         3794    .ARM.Collect$$libinit$$00000033  c_w.l(libinit2.o)
    0x08000216   0x08000216   0x00000002   Code   RO         3825    .ARM.Collect$$libshutdown$$00000000  c_w.l(libshutdown.o)
    0x08000218   0x08000218   0x00000000   Code   RO         3851    .ARM.Collect$$libshutdown$$00000002  c_w.l(libshutdown2.o)
    0x08000218   0x08000218   0x00000000   Code   RO         3853    .ARM.Collect$$libshutdown$$00000004  c_w.l(libshutdown2.o)
    0x08000218   0x08000218   0x00000000   Code   RO         3856    .ARM.Collect$$libshutdown$$00000007  c_w.l(libshutdown2.o)
    0x08000218   0x08000218   0x00000000   Code   RO         3859    .ARM.Collect$$libshutdown$$0000000A  c_w.l(libshutdown2.o)
    0x08000218   0x08000218   0x00000000   Code   RO         3861    .ARM.Collect$$libshutdown$$0000000C  c_w.l(libshutdown2.o)
    0x08000218   0x08000218   0x00000000   Code   RO         3864    .ARM.Collect$$libshutdown$$0000000F  c_w.l(libshutdown2.o)
    0x08000218   0x08000218   0x00000002   Code   RO         3865    .ARM.Collect$$libshutdown$$00000010  c_w.l(libshutdown2.o)
    0x0800021a   0x0800021a   0x00000000   Code   RO         3665    .ARM.Collect$$rtentry$$00000000  c_w.l(__rtentry.o)
    0x0800021a   0x0800021a   0x00000000   Code   RO         3692    .ARM.Collect$$rtentry$$00000002  c_w.l(__rtentry2.o)
    0x0800021a   0x0800021a   0x00000006   Code   RO         3704    .ARM.Collect$$rtentry$$00000004  c_w.l(__rtentry4.o)
    0x08000220   0x08000220   0x00000000   Code   RO         3694    .ARM.Collect$$rtentry$$00000009  c_w.l(__rtentry2.o)
    0x08000220   0x08000220   0x00000004   Code   RO         3695    .ARM.Collect$$rtentry$$0000000A  c_w.l(__rtentry2.o)
    0x08000224   0x08000224   0x00000000   Code   RO         3697    .ARM.Collect$$rtentry$$0000000C  c_w.l(__rtentry2.o)
    0x08000224   0x08000224   0x00000008   Code   RO         3698    .ARM.Collect$$rtentry$$0000000D  c_w.l(__rtentry2.o)
    0x0800022c   0x0800022c   0x00000002   Code   RO         3740    .ARM.Collect$$rtexit$$00000000  c_w.l(rtexit.o)
    0x0800022e   0x0800022e   0x00000000   Code   RO         3798    .ARM.Collect$$rtexit$$00000002  c_w.l(rtexit2.o)
    0x0800022e   0x0800022e   0x00000004   Code   RO         3799    .ARM.Collect$$rtexit$$00000003  c_w.l(rtexit2.o)
    0x08000232   0x08000232   0x00000006   Code   RO         3800    .ARM.Collect$$rtexit$$00000004  c_w.l(rtexit2.o)
    0x08000238   0x08000238   0x00000040   Code   RO            4    .text               startup_stm32f407xx.o
    0x08000278   0x08000278   0x000000ee   Code   RO         3632    .text               c_w.l(lludivv7m.o)
    0x08000366   0x08000366   0x0000001a   Code   RO         3634    .text               c_w.l(atoi.o)
    0x08000380   0x08000380   0x0000000c   Code   RO         3636    .text               c_w.l(strtok.o)
    0x0800038c   0x0800038c   0x0000004e   Code   RO         3639    .text               c_w.l(rt_memclr_w.o)
    0x080003da   0x080003da   0x00000006   Code   RO         3641    .text               c_w.l(heapauxi.o)
    0x080003e0   0x080003e0   0x00000008   Code   RO         3673    .text               c_w.l(rt_errno_addr_intlibspace.o)
    0x080003e8   0x080003e8   0x00000070   Code   RO         3675    .text               c_w.l(strtol.o)
    0x08000458   0x08000458   0x00000044   Code   RO         3677    .text               c_w.l(strtok_int.o)
    0x0800049c   0x0800049c   0x00000008   Code   RO         3688    .text               c_w.l(libspace.o)
    0x080004a4   0x080004a4   0x00000010   Code   RO         3706    .text               c_w.l(rt_ctype_table.o)
    0x080004b4   0x080004b4   0x0000009e   Code   RO         3710    .text               c_w.l(_strtoul.o)
    0x08000552   0x08000552   0x00000020   Code   RO         3712    .text               c_w.l(strcspn.o)
    0x08000572   0x08000572   0x0000001c   Code   RO         3714    .text               c_w.l(strspn.o)
    0x0800058e   0x0800058e   0x0000004a   Code   RO         3716    .text               c_w.l(sys_stackheap_outer.o)
    0x080005d8   0x080005d8   0x00000008   Code   RO         3721    .text               c_w.l(rt_locale_intlibspace.o)
    0x080005e0   0x080005e0   0x0000001c   Code   RO         3723    .text               c_w.l(_chval.o)
    0x080005fc   0x080005fc   0x00000012   Code   RO         3728    .text               c_w.l(exit.o)
    0x0800060e   0x0800060e   0x00000002   PAD
    0x08000610   0x08000610   0x00000080   Code   RO         3748    .text               c_w.l(strcmpv7m.o)
    0x08000690   0x08000690   0x0000000c   Code   RO         3795    .text               c_w.l(sys_exit.o)
    0x0800069c   0x0800069c   0x00000002   Code   RO         3814    .text               c_w.l(use_no_semi.o)
    0x0800069e   0x0800069e   0x00000000   Code   RO         3816    .text               c_w.l(indicate_semi.o)
    0x0800069e   0x0800069e   0x00000002   Code   RO          369    i.BusFault_Handler  stm32f4xx_it.o
    0x080006a0   0x080006a0   0x00000002   Code   RO          370    i.DebugMon_Handler  stm32f4xx_it.o
    0x080006a2   0x080006a2   0x00000004   Code   RO           13    i.Error_Handler     main.o
    0x080006a6   0x080006a6   0x00000092   Code   RO         1443    i.HAL_DMA_Abort     stm32f4xx_hal_dma.o
    0x08000738   0x08000738   0x00000024   Code   RO         1444    i.HAL_DMA_Abort_IT  stm32f4xx_hal_dma.o
    0x0800075c   0x0800075c   0x00000024   Code   RO         1880    i.HAL_Delay         stm32f4xx_hal.o
    0x08000780   0x08000780   0x000001f0   Code   RO         1336    i.HAL_GPIO_Init     stm32f4xx_hal_gpio.o
    0x08000970   0x08000970   0x00000010   Code   RO         1339    i.HAL_GPIO_TogglePin  stm32f4xx_hal_gpio.o
    0x08000980   0x08000980   0x0000000a   Code   RO         1340    i.HAL_GPIO_WritePin  stm32f4xx_hal_gpio.o
    0x0800098a   0x0800098a   0x00000002   PAD
    0x0800098c   0x0800098c   0x0000000c   Code   RO         1886    i.HAL_GetTick       stm32f4xx_hal.o
    0x08000998   0x08000998   0x00000188   Code   RO          537    i.HAL_I2C_Init      stm32f4xx_hal_i2c.o
    0x08000b20   0x08000b20   0x00000068   Code   RO          262    i.HAL_I2C_MspInit   i2c.o
    0x08000b88   0x08000b88   0x00000010   Code   RO         1892    i.HAL_IncTick       stm32f4xx_hal.o
    0x08000b98   0x08000b98   0x00000034   Code   RO         1893    i.HAL_Init          stm32f4xx_hal.o
    0x08000bcc   0x08000bcc   0x00000098   Code   RO          487    i.HAL_InitTick      stm32f4xx_hal_timebase_tim.o
    0x08000c64   0x08000c64   0x00000030   Code   RO          463    i.HAL_MspInit       stm32f4xx_hal_msp.o
    0x08000c94   0x08000c94   0x0000001a   Code   RO         1728    i.HAL_NVIC_EnableIRQ  stm32f4xx_hal_cortex.o
    0x08000cae   0x08000cae   0x00000002   PAD
    0x08000cb0   0x08000cb0   0x00000040   Code   RO         1734    i.HAL_NVIC_SetPriority  stm32f4xx_hal_cortex.o
    0x08000cf0   0x08000cf0   0x00000024   Code   RO         1735    i.HAL_NVIC_SetPriorityGrouping  stm32f4xx_hal_cortex.o
    0x08000d14   0x08000d14   0x00000134   Code   RO          982    i.HAL_RCC_ClockConfig  stm32f4xx_hal_rcc.o
    0x08000e48   0x08000e48   0x00000040   Code   RO          986    i.HAL_RCC_GetClockConfig  stm32f4xx_hal_rcc.o
    0x08000e88   0x08000e88   0x00000020   Code   RO          989    i.HAL_RCC_GetPCLK1Freq  stm32f4xx_hal_rcc.o
    0x08000ea8   0x08000ea8   0x00000020   Code   RO          990    i.HAL_RCC_GetPCLK2Freq  stm32f4xx_hal_rcc.o
    0x08000ec8   0x08000ec8   0x00000060   Code   RO          991    i.HAL_RCC_GetSysClockFreq  stm32f4xx_hal_rcc.o
    0x08000f28   0x08000f28   0x0000036c   Code   RO          994    i.HAL_RCC_OscConfig  stm32f4xx_hal_rcc.o
    0x08001294   0x08001294   0x00000002   Code   RO         2837    i.HAL_TIMEx_BreakCallback  stm32f4xx_hal_tim_ex.o
    0x08001296   0x08001296   0x00000002   Code   RO         2838    i.HAL_TIMEx_CommutCallback  stm32f4xx_hal_tim_ex.o
    0x08001298   0x08001298   0x0000005a   Code   RO         2133    i.HAL_TIM_Base_Init  stm32f4xx_hal_tim.o
    0x080012f2   0x080012f2   0x00000002   Code   RO         2135    i.HAL_TIM_Base_MspInit  stm32f4xx_hal_tim.o
    0x080012f4   0x080012f4   0x00000080   Code   RO         2138    i.HAL_TIM_Base_Start_IT  stm32f4xx_hal_tim.o
    0x08001374   0x08001374   0x00000002   Code   RO         2167    i.HAL_TIM_IC_CaptureCallback  stm32f4xx_hal_tim.o
    0x08001376   0x08001376   0x00000130   Code   RO         2181    i.HAL_TIM_IRQHandler  stm32f4xx_hal_tim.o
    0x080014a6   0x080014a6   0x00000002   Code   RO         2184    i.HAL_TIM_OC_DelayElapsedCallback  stm32f4xx_hal_tim.o
    0x080014a8   0x080014a8   0x00000002   Code   RO         2211    i.HAL_TIM_PWM_PulseFinishedCallback  stm32f4xx_hal_tim.o
    0x080014aa   0x080014aa   0x00000002   PAD
    0x080014ac   0x080014ac   0x00000014   Code   RO           14    i.HAL_TIM_PeriodElapsedCallback  main.o
    0x080014c0   0x080014c0   0x00000002   Code   RO         2224    i.HAL_TIM_TriggerCallback  stm32f4xx_hal_tim.o
    0x080014c2   0x080014c2   0x00000002   Code   RO         3116    i.HAL_UARTEx_RxEventCallback  stm32f4xx_hal_uart.o
    0x080014c4   0x080014c4   0x00000002   Code   RO         3130    i.HAL_UART_ErrorCallback  stm32f4xx_hal_uart.o
    0x080014c6   0x080014c6   0x00000002   PAD
    0x080014c8   0x080014c8   0x00000270   Code   RO         3133    i.HAL_UART_IRQHandler  stm32f4xx_hal_uart.o
    0x08001738   0x08001738   0x00000064   Code   RO         3134    i.HAL_UART_Init     stm32f4xx_hal_uart.o
    0x0800179c   0x0800179c   0x00000140   Code   RO          304    i.HAL_UART_MspInit  usart.o
    0x080018dc   0x080018dc   0x0000001c   Code   RO         3139    i.HAL_UART_Receive_IT  stm32f4xx_hal_uart.o
    0x080018f8   0x080018f8   0x00000070   Code   RO           15    i.HAL_UART_RxCpltCallback  main.o
    0x08001968   0x08001968   0x00000032   Code   RO         3144    i.HAL_UART_Transmit_IT  stm32f4xx_hal_uart.o
    0x0800199a   0x0800199a   0x00000002   Code   RO         3145    i.HAL_UART_TxCpltCallback  stm32f4xx_hal_uart.o
    0x0800199c   0x0800199c   0x00000002   Code   RO          371    i.HardFault_Handler  stm32f4xx_it.o
    0x0800199e   0x0800199e   0x00000002   PAD
    0x080019a0   0x080019a0   0x0000009c   Code   RO          237    i.MX_GPIO_Init      gpio.o
    0x08001a3c   0x08001a3c   0x00000040   Code   RO          263    i.MX_I2C1_Init      i2c.o
    0x08001a7c   0x08001a7c   0x00000038   Code   RO          305    i.MX_UART5_Init     usart.o
    0x08001ab4   0x08001ab4   0x00000038   Code   RO          306    i.MX_USART1_UART_Init  usart.o
    0x08001aec   0x08001aec   0x00000038   Code   RO          307    i.MX_USART3_UART_Init  usart.o
    0x08001b24   0x08001b24   0x00000002   Code   RO          372    i.MemManage_Handler  stm32f4xx_it.o
    0x08001b26   0x08001b26   0x00000002   PAD
    0x08001b28   0x08001b28   0x00000040   Code   RO         3508    i.Motor_SetSpeed    tools.o
    0x08001b68   0x08001b68   0x00000068   Code   RO           16    i.Motor_stop        main.o
    0x08001bd0   0x08001bd0   0x00000002   Code   RO          373    i.NMI_Handler       stm32f4xx_it.o
    0x08001bd2   0x08001bd2   0x00000002   Code   RO          374    i.PendSV_Handler    stm32f4xx_it.o
    0x08001bd4   0x08001bd4   0x00000002   Code   RO          375    i.SVC_Handler       stm32f4xx_it.o
    0x08001bd6   0x08001bd6   0x00000002   PAD
    0x08001bd8   0x08001bd8   0x000002a0   Code   RO         3509    i.SetCarSpeed       tools.o
    0x08001e78   0x08001e78   0x00000002   Code   RO          376    i.SysTick_Handler   stm32f4xx_it.o
    0x08001e7a   0x08001e7a   0x00000002   PAD
    0x08001e7c   0x08001e7c   0x00000094   Code   RO           18    i.SystemClock_Config  main.o
    0x08001f10   0x08001f10   0x00000010   Code   RO         3468    i.SystemInit        system_stm32f4xx.o
    0x08001f20   0x08001f20   0x0000000c   Code   RO          377    i.TIM7_IRQHandler   stm32f4xx_it.o
    0x08001f2c   0x08001f2c   0x000000d8   Code   RO         2226    i.TIM_Base_SetConfig  stm32f4xx_hal_tim.o
    0x08002004   0x08002004   0x00000010   Code   RO         3147    i.UART_DMAAbortOnError  stm32f4xx_hal_uart.o
    0x08002014   0x08002014   0x0000004e   Code   RO         3157    i.UART_EndRxTransfer  stm32f4xx_hal_uart.o
    0x08002062   0x08002062   0x000000c2   Code   RO         3159    i.UART_Receive_IT   stm32f4xx_hal_uart.o
    0x08002124   0x08002124   0x0000010c   Code   RO         3160    i.UART_SetConfig    stm32f4xx_hal_uart.o
    0x08002230   0x08002230   0x00000036   Code   RO         3162    i.UART_Start_Receive_IT  stm32f4xx_hal_uart.o
    0x08002266   0x08002266   0x00000002   PAD
    0x08002268   0x08002268   0x0000000c   Code   RO          378    i.USART1_IRQHandler  stm32f4xx_it.o
    0x08002274   0x08002274   0x0000000c   Code   RO          379    i.USART3_IRQHandler  stm32f4xx_it.o
    0x08002280   0x08002280   0x00000002   Code   RO          380    i.UsageFault_Handler  stm32f4xx_it.o
    0x08002282   0x08002282   0x00000020   Code   RO         1741    i.__NVIC_SetPriority  stm32f4xx_hal_cortex.o
    0x080022a2   0x080022a2   0x00000002   PAD
    0x080022a4   0x080022a4   0x000000c8   Code   RO           19    i.main              main.o
    0x0800236c   0x0800236c   0x0000002c   Code   RO         3726    locale$$code        c_w.l(lc_ctype_c.o)
    0x08002398   0x08002398   0x00000062   Code   RO         3645    x$fpl$d2f           fz_wm.l(d2f.o)
    0x080023fa   0x080023fa   0x00000002   PAD
    0x080023fc   0x080023fc   0x00000150   Code   RO         3647    x$fpl$dadd          fz_wm.l(daddsub_clz.o)
    0x0800254c   0x0800254c   0x000002b0   Code   RO         3654    x$fpl$ddiv          fz_wm.l(ddiv.o)
    0x080027fc   0x080027fc   0x0000005e   Code   RO         3657    x$fpl$dfix          fz_wm.l(dfix.o)
    0x0800285a   0x0800285a   0x00000002   PAD
    0x0800285c   0x0800285c   0x00000154   Code   RO         3661    x$fpl$dmul          fz_wm.l(dmul.o)
    0x080029b0   0x080029b0   0x0000009c   Code   RO         3679    x$fpl$dnaninf       fz_wm.l(dnaninf.o)
    0x08002a4c   0x08002a4c   0x0000000c   Code   RO         3681    x$fpl$dretinf       fz_wm.l(dretinf.o)
    0x08002a58   0x08002a58   0x000001d4   Code   RO         3649    x$fpl$dsub          fz_wm.l(daddsub_clz.o)
    0x08002c2c   0x08002c2c   0x00000056   Code   RO         3663    x$fpl$f2d           fz_wm.l(f2d.o)
    0x08002c82   0x08002c82   0x0000008c   Code   RO         3683    x$fpl$fnaninf       fz_wm.l(fnaninf.o)
    0x08002d0e   0x08002d0e   0x0000000a   Code   RO         3810    x$fpl$fpinit        fz_wm.l(fpinit.o)
    0x08002d18   0x08002d18   0x0000000a   Code   RO         3685    x$fpl$fretinf       fz_wm.l(fretinf.o)
    0x08002d22   0x08002d22   0x00000000   Code   RO         3687    x$fpl$usenofp       fz_wm.l(usenofp.o)
    0x08002d22   0x08002d22   0x00000006   PAD
    0x08002d28   0x08002d28   0x00000008   Data   RO           22    .constdata          main.o
    0x08002d30   0x08002d30   0x00000008   Data   RO           23    .constdata          main.o
    0x08002d38   0x08002d38   0x00000008   Data   RO           25    .constdata          main.o
    0x08002d40   0x08002d40   0x00000010   Data   RO         3469    .constdata          system_stm32f4xx.o
    0x08002d50   0x08002d50   0x00000008   Data   RO         3470    .constdata          system_stm32f4xx.o
    0x08002d58   0x08002d58   0x00000010   Data   RO         3510    .constdata          tools.o
    0x08002d68   0x08002d68   0x00000020   Data   RO         3866    Region$$Table       anon$$obj.o
    0x08002d88   0x08002d88   0x00000110   Data   RO         3725    locale$$data        c_w.l(lc_ctype_c.o)


    Execution Region RW_IRAM1 (Exec base: 0x20000000, Load base: 0x08002e98, Size: 0x00000858, Max: 0x0001c000, ABSOLUTE)

    Exec Addr    Load Addr    Size         Type   Attr      Idx    E Section Name        Object

    0x20000000   0x08002e98   0x00000026   Data   RW           30    .data               main.o
    0x20000026   0x08002ebe   0x00000002   PAD
    0x20000028   0x08002ec0   0x0000000c   Data   RW         1900    .data               stm32f4xx_hal.o
    0x20000034   0x08002ecc   0x00000004   Data   RW         3471    .data               system_stm32f4xx.o
    0x20000038   0x08002ed0   0x00000004   Data   RW         3511    .data               tools.o
    0x2000003c   0x08002ed4   0x00000004   Data   RW         3637    .data               c_w.l(strtok.o)
    0x20000040        -       0x00000040   Zero   RW           20    .bss                main.o
    0x20000080        -       0x00000054   Zero   RW          264    .bss                i2c.o
    0x200000d4        -       0x000000d8   Zero   RW          308    .bss                usart.o
    0x200001ac        -       0x00000048   Zero   RW          490    .bss                stm32f4xx_hal_timebase_tim.o
    0x200001f4        -       0x00000060   Zero   RW         3689    .bss                c_w.l(libspace.o)
    0x20000254   0x08002ed8   0x00000004   PAD
    0x20000258        -       0x00000200   Zero   RW            2    HEAP                startup_stm32f407xx.o
    0x20000458        -       0x00000400   Zero   RW            1    STACK               startup_stm32f407xx.o


    Execution Region RW_IRAM2 (Exec base: 0x2001c000, Load base: 0x08002ed8, Size: 0x00000000, Max: 0x00004000, ABSOLUTE)

    **** No section assigned to this execution region ****


==============================================================================

Image component sizes


      Code (inc. data)   RO Data    RW Data    ZI Data      Debug   Object Name

       156         10          0          0          0        979   gpio.o
       168         26          0          0         84       1629   i2c.o
       588         76         24         38         64     704062   main.o
        64         26        392          0       1536        832   startup_stm32f407xx.o
       116         18          0         12          0       8634   stm32f4xx_hal.o
       158         14          0          0          0      32974   stm32f4xx_hal_cortex.o
       182          0          0          0          0       2063   stm32f4xx_hal_dma.o
       522         46          0          0          0       2789   stm32f4xx_hal_gpio.o
       392         16          0          0          0       3203   stm32f4xx_hal_i2c.o
        48          6          0          0          0        830   stm32f4xx_hal_msp.o
      1408         82          0          0          0       5813   stm32f4xx_hal_rcc.o
       748         74          0          0          0       7384   stm32f4xx_hal_tim.o
         4          0          0          0          0       1593   stm32f4xx_hal_tim_ex.o
       152         20          0          0         72       1443   stm32f4xx_hal_timebase_tim.o
      1418         16          0          0          0       9883   stm32f4xx_hal_uart.o
        54         18          0          0          0       5420   stm32f4xx_it.o
        16          4         24          4          0       1091   system_stm32f4xx.o
       736         48         16          4          0       2323   tools.o
       488         58          0          0        216       3523   usart.o

    ----------------------------------------------------------------------
      7438        558        488         60       1972     796468   Object Totals
         0          0         32          0          0          0   (incl. Generated)
        20          0          0          2          0          0   (incl. Padding)

    ----------------------------------------------------------------------

      Code (inc. data)   RO Data    RW Data    ZI Data      Debug   Library Member Name

         8          0          0          0          0         68   __main.o
         0          0          0          0          0          0   __rtentry.o
        12          0          0          0          0          0   __rtentry2.o
         6          0          0          0          0          0   __rtentry4.o
        52          8          0          0          0          0   __scatter.o
        26          0          0          0          0          0   __scatter_copy.o
        28          0          0          0          0          0   __scatter_zi.o
        28          0          0          0          0         68   _chval.o
       158          0          0          0          0         92   _strtoul.o
        26          0          0          0          0         80   atoi.o
        18          0          0          0          0         80   exit.o
         6          0          0          0          0        152   heapauxi.o
         0          0          0          0          0          0   indicate_semi.o
        44         10        272          0          0         76   lc_ctype_c.o
         2          0          0          0          0          0   libinit.o
        24          0          0          0          0          0   libinit2.o
         2          0          0          0          0          0   libshutdown.o
         2          0          0          0          0          0   libshutdown2.o
         8          4          0          0         96         68   libspace.o
       238          0          0          0          0        100   lludivv7m.o
        16          4          0          0          0         76   rt_ctype_table.o
         8          4          0          0          0         68   rt_errno_addr_intlibspace.o
         8          4          0          0          0         68   rt_locale_intlibspace.o
        78          0          0          0          0         80   rt_memclr_w.o
         2          0          0          0          0          0   rtexit.o
        10          0          0          0          0          0   rtexit2.o
       128          0          0          0          0         68   strcmpv7m.o
        32          0          0          0          0         80   strcspn.o
        28          0          0          0          0         80   strspn.o
        12          6          0          4          0         68   strtok.o
        68          4          0          0          0         84   strtok_int.o
       112          0          0          0          0         88   strtol.o
        12          4          0          0          0         68   sys_exit.o
        74          0          0          0          0         80   sys_stackheap_outer.o
         2          0          0          0          0         68   use_no_semi.o
        98          4          0          0          0        140   d2f.o
       804         16          0          0          0        368   daddsub_clz.o
       688        140          0          0          0        256   ddiv.o
        94          4          0          0          0        140   dfix.o
       340         12          0          0          0        152   dmul.o
       156          4          0          0          0        140   dnaninf.o
        12          0          0          0          0        116   dretinf.o
        86          4          0          0          0        132   f2d.o
       140          4          0          0          0        132   fnaninf.o
        10          0          0          0          0        116   fpinit.o
        10          0          0          0          0        116   fretinf.o
         0          0          0          0          0          0   usenofp.o

    ----------------------------------------------------------------------
      3730        236        272          4        100       3568   Library Totals
        14          0          0          0          4          0   (incl. Padding)

    ----------------------------------------------------------------------

      Code (inc. data)   RO Data    RW Data    ZI Data      Debug   Library Name

      1278         48        272          4         96       1760   c_w.l
      2438        188          0          0          0       1808   fz_wm.l

    ----------------------------------------------------------------------
      3730        236        272          4        100       3568   Library Totals

    ----------------------------------------------------------------------

==============================================================================


      Code (inc. data)   RO Data    RW Data    ZI Data      Debug   

     11168        794        760         64       2072     791400   Grand Totals
     11168        794        760         64       2072     791400   ELF Image Totals
     11168        794        760         64          0          0   ROM Totals

==============================================================================

    Total RO  Size (Code + RO Data)                11928 (  11.65kB)
    Total RW  Size (RW Data + ZI Data)              2136 (   2.09kB)
    Total ROM Size (Code + RO Data + RW Data)      11992 (  11.71kB)

==============================================================================

